  Determining projects to restore...
  All projects are up-to-date for restore.
/home/redrocket/task-factory/workdir/aspnet-spa-template/BackgroundWorkers/CacheMaintenanceWorker.cs(18,19): warning CS1591: Missing XML comment for publicly visible type or member 'CacheMaintenanceWorker.TaskName' [/home/redrocket/task-factory/workdir/aspnet-spa-template/AspNetSpaTemplate.csproj]
/home/redrocket/task-factory/workdir/aspnet-spa-template/BackgroundWorkers/CacheMaintenanceWorker.cs(19,22): warning CS1591: Missing XML comment for publicly visible type or member 'CacheMaintenanceWorker.ExecutionInterval' [/home/redrocket/task-factory/workdir/aspnet-spa-template/AspNetSpaTemplate.csproj]
/home/redrocket/task-factory/workdir/aspnet-spa-template/BackgroundWorkers/CacheMaintenanceWorker.cs(26,12): warning CS1591: Missing XML comment for publicly visible type or member 'CacheMaintenanceWorker.CacheMaintenanceWorker(ICacheService, ILogger<CacheMaintenanceWorker>)' [/home/redrocket/task-factory/workdir/aspnet-spa-template/AspNetSpaTemplate.csproj]
/home/redrocket/task-factory/workdir/aspnet-spa-template/BackgroundWorkers/CacheMaintenanceWorker.cs(34,23): warning CS1591: Missing XML comment for publicly visible type or member 'CacheMaintenanceWorker.ExecuteAsync(CancellationToken)' [/home/redrocket/task-factory/workdir/aspnet-spa-template/AspNetSpaTemplate.csproj]
/home/redrocket/task-factory/workdir/aspnet-spa-template/BackgroundWorkers/CacheMaintenanceWorker.cs(71,33): warning CS1591: Missing XML comment for publicly visible type or member 'CacheMaintenanceWorker.GetStatus()' [/home/redrocket/task-factory/workdir/aspnet-spa-template/AspNetSpaTemplate.csproj]
/home/redrocket/task-factory/workdir/aspnet-spa-template/BackgroundWorkers/CacheMaintenanceWorker.cs(116,29): warning CS1591: Missing XML comment for publicly visible type or member 'ICacheHealthMonitor.GetHealthReportAsync()' [/home/redrocket/task-factory/workdir/aspnet-spa-template/AspNetSpaTemplate.csproj]
/home/redrocket/task-factory/workdir/aspnet-spa-template/BackgroundWorkers/CacheMaintenanceWorker.cs(117,16): warning CS1591: Missing XML comment for publicly visible type or member 'ICacheHealthMonitor.IsCacheHealthyAsync()' [/home/redrocket/task-factory/workdir/aspnet-spa-template/AspNetSpaTemplate.csproj]
/home/redrocket/task-factory/workdir/aspnet-spa-template/BackgroundWorkers/CacheMaintenanceWorker.cs(125,17): warning CS1591: Missing XML comment for publicly visible type or member 'CacheHealthReport.IsHealthy' [/home/redrocket/task-factory/workdir/aspnet-spa-template/AspNetSpaTemplate.csproj]
/home/redrocket/task-factory/workdir/aspnet-spa-template/BackgroundWorkers/CacheMaintenanceWorker.cs(126,19): warning CS1591: Missing XML comment for publicly visible type or member 'CacheHealthReport.HitRate' [/home/redrocket/task-factory/workdir/aspnet-spa-template/AspNetSpaTemplate.csproj]
/home/redrocket/task-factory/workdir/aspnet-spa-template/BackgroundWorkers/CacheMaintenanceWorker.cs(127,17): warning CS1591: Missing XML comment for publicly visible type or member 'CacheHealthReport.ItemCount' [/home/redrocket/task-factory/workdir/aspnet-spa-template/AspNetSpaTemplate.csproj]
/home/redrocket/task-factory/workdir/aspnet-spa-template/BackgroundWorkers/CacheMaintenanceWorker.cs(128,17): warning CS1591: Missing XML comment for publicly visible type or member 'CacheHealthReport.MemoryUsageBytes' [/home/redrocket/task-factory/workdir/aspnet-spa-template/AspNetSpaTemplate.csproj]
/home/redrocket/task-factory/workdir/aspnet-spa-template/BackgroundWorkers/CacheMaintenanceWorker.cs(129,17): warning CS1591: Missing XML comment for publicly visible type or member 'CacheHealthReport.WarningCount' [/home/redrocket/task-factory/workdir/aspnet-spa-template/AspNetSpaTemplate.csproj]
/home/redrocket/task-factory/workdir/aspnet-spa-template/BackgroundWorkers/CacheMaintenanceWorker.cs(130,25): warning CS1591: Missing XML comment for publicly visible type or member 'CacheHealthReport.Warnings' [/home/redrocket/task-factory/workdir/aspnet-spa-template/AspNetSpaTemplate.csproj]
/home/redrocket/task-factory/workdir/aspnet-spa-template/BackgroundWorkers/CacheMaintenanceWorker.cs(131,21): warning CS1591: Missing XML comment for publicly visible type or member 'CacheHealthReport.GeneratedAt' [/home/redrocket/task-factory/workdir/aspnet-spa-template/AspNetSpaTemplate.csproj]
/home/redrocket/task-factory/workdir/aspnet-spa-template/BackgroundWorkers/CacheMaintenanceWorker.cs(145,12): warning CS1591: Missing XML comment for publicly visible type or member 'DefaultCacheHealthMonitor.DefaultCacheHealthMonitor(ICacheService, ILogger<DefaultCacheHealthMonitor>)' [/home/redrocket/task-factory/workdir/aspnet-spa-template/AspNetSpaTemplate.csproj]
/home/redrocket/task-factory/workdir/aspnet-spa-template/BackgroundWorkers/CacheMaintenanceWorker.cs(153,42): warning CS1591: Missing XML comment for publicly visible type or member 'DefaultCacheHealthMonitor.GetHealthReportAsync()' [/home/redrocket/task-factory/workdir/aspnet-spa-template/AspNetSpaTemplate.csproj]
/home/redrocket/task-factory/workdir/aspnet-spa-template/BackgroundWorkers/CacheMaintenanceWorker.cs(188,29): warning CS1591: Missing XML comment for publicly visible type or member 'DefaultCacheHealthMonitor.IsCacheHealthyAsync()' [/home/redrocket/task-factory/workdir/aspnet-spa-template/AspNetSpaTemplate.csproj]
/home/redrocket/task-factory/workdir/aspnet-spa-template/BackgroundWorkers/IBackgroundTask.cs(46,19): warning CS1591: Missing XML comment for publicly visible type or member 'BackgroundTaskStatus.TaskName' [/home/redrocket/task-factory/workdir/aspnet-spa-template/AspNetSpaTemplate.csproj]
/home/redrocket/task-factory/workdir/aspnet-spa-template/BackgroundWorkers/IBackgroundTask.cs(47,17): warning CS1591: Missing XML comment for publicly visible type or member 'BackgroundTaskStatus.IsRunning' [/home/redrocket/task-factory/workdir/aspnet-spa-template/AspNetSpaTemplate.csproj]
/home/redrocket/task-factory/workdir/aspnet-spa-template/BackgroundWorkers/IBackgroundTask.cs(48,22): warning CS1591: Missing XML comment for publicly visible type or member 'BackgroundTaskStatus.LastExecutedAt' [/home/redrocket/task-factory/workdir/aspnet-spa-template/AspNetSpaTemplate.csproj]
/home/redrocket/task-factory/workdir/aspnet-spa-template/BackgroundWorkers/IBackgroundTask.cs(49,22): warning CS1591: Missing XML comment for publicly visible type or member 'BackgroundTaskStatus.NextExecutionAt' [/home/redrocket/task-factory/workdir/aspnet-spa-template/AspNetSpaTemplate.csproj]
/home/redrocket/task-factory/workdir/aspnet-spa-template/BackgroundWorkers/IBackgroundTask.cs(50,22): warning CS1591: Missing XML comment for publicly visible type or member 'BackgroundTaskStatus.LastExecutionDuration' [/home/redrocket/task-factory/workdir/aspnet-spa-template/AspNetSpaTemplate.csproj]
/home/redrocket/task-factory/workdir/aspnet-spa-template/BackgroundWorkers/IBackgroundTask.cs(51,16): warning CS1591: Missing XML comment for publicly visible type or member 'BackgroundTaskStatus.ExecutionCount' [/home/redrocket/task-factory/workdir/aspnet-spa-template/AspNetSpaTemplate.csproj]
/home/redrocket/task-factory/workdir/aspnet-spa-template/BackgroundWorkers/IBackgroundTask.cs(52,16): warning CS1591: Missing XML comment for publicly visible type or member 'BackgroundTaskStatus.FailureCount' [/home/redrocket/task-factory/workdir/aspnet-spa-template/AspNetSpaTemplate.csproj]
/home/redrocket/task-factory/workdir/aspnet-spa-template/BackgroundWorkers/IBackgroundTask.cs(53,20): warning CS1591: Missing XML comment for publicly visible type or member 'BackgroundTaskStatus.LastError' [/home/redrocket/task-factory/workdir/aspnet-spa-template/AspNetSpaTemplate.csproj]
/home/redrocket/task-factory/workdir/aspnet-spa-template/BackgroundWorkers/IBackgroundTask.cs(54,19): warning CS1591: Missing XML comment for publicly visible type or member 'BackgroundTaskStatus.Status' [/home/redrocket/task-factory/workdir/aspnet-spa-template/AspNetSpaTemplate.csproj]
/home/redrocket/task-factory/workdir/aspnet-spa-template/BackgroundWorkers/NotificationWorker.cs(18,19): warning CS1591: Missing XML comment for publicly visible type or member 'NotificationWorker.TaskName' [/home/redrocket/task-factory/workdir/aspnet-spa-template/AspNetSpaTemplate.csproj]
/home/redrocket/task-factory/workdir/aspnet-spa-template/BackgroundWorkers/NotificationWorker.cs(19,22): warning CS1591: Missing XML comment for publicly visible type or member 'NotificationWorker.ExecutionInterval' [/home/redrocket/task-factory/workdir/aspnet-spa-template/AspNetSpaTemplate.csproj]
/home/redrocket/task-factory/workdir/aspnet-spa-template/BackgroundWorkers/NotificationWorker.cs(27,12): warning CS1591: Missing XML comment for publicly visible type or member 'NotificationWorker.NotificationWorker(NotificationService, ILogger<NotificationWorker>)' [/home/redrocket/task-factory/workdir/aspnet-spa-template/AspNetSpaTemplate.csproj]
/home/redrocket/task-factory/workdir/aspnet-spa-template/BackgroundWorkers/NotificationWorker.cs(35,23): warning CS1591: Missing XML comment for publicly visible type or member 'NotificationWorker.ExecuteAsync(CancellationToken)' [/home/redrocket/task-factory/workdir/aspnet-spa-template/AspNetSpaTemplate.csproj]
/home/redrocket/task-factory/workdir/aspnet-spa-template/BackgroundWorkers/NotificationWorker.cs(84,33): warning CS1591: Missing XML comment for publicly visible type or member 'NotificationWorker.GetStatus()' [/home/redrocket/task-factory/workdir/aspnet-spa-template/AspNetSpaTemplate.csproj]
/home/redrocket/task-factory/workdir/aspnet-spa-template/BackgroundWorkers/NotificationWorker.cs(155,26): warning CS1591: Missing XML comment for publicly visible type or member 'NotificationWorkerExtensions.MaskSensitiveData(string)' [/home/redrocket/task-factory/workdir/aspnet-spa-template/AspNetSpaTemplate.csproj]
/home/redrocket/task-factory/workdir/aspnet-spa-template/Caching/CacheKeyBuilder.cs(19,26): warning CS1591: Missing XML comment for publicly visible type or member 'CacheKeyBuilder.UserById(int)' [/home/redrocket/task-factory/workdir/aspnet-spa-template/AspNetSpaTemplate.csproj]
/home/redrocket/task-factory/workdir/aspnet-spa-template/Caching/CacheKeyBuilder.cs(20,26): warning CS1591: Missing XML comment for publicly visible type or member 'CacheKeyBuilder.UserByEmail(string)' [/home/redrocket/task-factory/workdir/aspnet-spa-template/AspNetSpaTemplate.csproj]
/home/redrocket/task-factory/workdir/aspnet-spa-template/Caching/CacheKeyBuilder.cs(21,26): warning CS1591: Missing XML comment for publicly visible type or member 'CacheKeyBuilder.UserSession(string)' [/home/redrocket/task-factory/workdir/aspnet-spa-template/AspNetSpaTemplate.csproj]
/home/redrocket/task-factory/workdir/aspnet-spa-template/Caching/CacheKeyBuilder.cs(23,26): warning CS1591: Missing XML comment for publicly visible type or member 'CacheKeyBuilder.ProductById(int)' [/home/redrocket/task-factory/workdir/aspnet-spa-template/AspNetSpaTemplate.csproj]
/home/redrocket/task-factory/workdir/aspnet-spa-template/Caching/CacheKeyBuilder.cs(24,26): warning CS1591: Missing XML comment for publicly visible type or member 'CacheKeyBuilder.ProductCategory(string)' [/home/redrocket/task-factory/workdir/aspnet-spa-template/AspNetSpaTemplate.csproj]
/home/redrocket/task-factory/workdir/aspnet-spa-template/Caching/CacheKeyBuilder.cs(25,26): warning CS1591: Missing XML comment for publicly visible type or member 'CacheKeyBuilder.ProductFeatured' [/home/redrocket/task-factory/workdir/aspnet-spa-template/AspNetSpaTemplate.csproj]
/home/redrocket/task-factory/workdir/aspnet-spa-template/Caching/CacheKeyBuilder.cs(26,26): warning CS1591: Missing XML comment for publicly visible type or member 'CacheKeyBuilder.ProductSearch(string)' [/home/redrocket/task-factory/workdir/aspnet-spa-template/AspNetSpaTemplate.csproj]
/home/redrocket/task-factory/workdir/aspnet-spa-template/Caching/CacheKeyBuilder.cs(28,26): warning CS1591: Missing XML comment for publicly visible type or member 'CacheKeyBuilder.OrderById(int)' [/home/redrocket/task-factory/workdir/aspnet-spa-template/AspNetSpaTemplate.csproj]
/home/redrocket/task-factory/workdir/aspnet-spa-template/Caching/CacheKeyBuilder.cs(29,26): warning CS1591: Missing XML comment for publicly visible type or member 'CacheKeyBuilder.OrdersByUserId(int)' [/home/redrocket/task-factory/workdir/aspnet-spa-template/AspNetSpaTemplate.csproj]
/home/redrocket/task-factory/workdir/aspnet-spa-template/Caching/CacheKeyBuilder.cs(30,26): warning CS1591: Missing XML comment for publicly visible type or member 'CacheKeyBuilder.OrdersByStatus(string)' [/home/redrocket/task-factory/workdir/aspnet-spa-template/AspNetSpaTemplate.csproj]
/home/redrocket/task-factory/workdir/aspnet-spa-template/Caching/CacheKeyBuilder.cs(32,26): warning CS1591: Missing XML comment for publicly visible type or member 'CacheKeyBuilder.ReviewsByProductId(int)' [/home/redrocket/task-factory/workdir/aspnet-spa-template/AspNetSpaTemplate.csproj]
/home/redrocket/task-factory/workdir/aspnet-spa-template/Caching/CacheKeyBuilder.cs(33,26): warning CS1591: Missing XML comment for publicly visible type or member 'CacheKeyBuilder.ReviewsByUserId(int)' [/home/redrocket/task-factory/workdir/aspnet-spa-template/AspNetSpaTemplate.csproj]
/home/redrocket/task-factory/workdir/aspnet-spa-template/Caching/CacheKeyBuilder.cs(35,26): warning CS1591: Missing XML comment for publicly visible type or member 'CacheKeyBuilder.Config(string)' [/home/redrocket/task-factory/workdir/aspnet-spa-template/AspNetSpaTemplate.csproj]
/home/redrocket/task-factory/workdir/aspnet-spa-template/Caching/CacheKeyBuilder.cs(36,26): warning CS1591: Missing XML comment for publicly visible type or member 'CacheKeyBuilder.Settings' [/home/redrocket/task-factory/workdir/aspnet-spa-template/AspNetSpaTemplate.csproj]
/home/redrocket/task-factory/workdir/aspnet-spa-template/Caching/CacheKeyBuilder.cs(39,26): warning CS1591: Missing XML comment for publicly visible type or member 'CacheKeyBuilder.RateLimitKey(string)' [/home/redrocket/task-factory/workdir/aspnet-spa-template/AspNetSpaTemplate.csproj]
/home/redrocket/task-factory/workdir/aspnet-spa-template/Caching/CacheKeyBuilder.cs(40,26): warning CS1591: Missing XML comment for publicly visible type or member 'CacheKeyBuilder.RequestCount(string)' [/home/redrocket/task-factory/workdir/aspnet-spa-template/AspNetSpaTemplate.csproj]
/home/redrocket/task-factory/workdir/aspnet-spa-template/Caching/CacheKeyBuilder.cs(43,26): warning CS1591: Missing XML comment for publicly visible type or member 'CacheKeyBuilder.SessionData(string, string)' [/home/redrocket/task-factory/workdir/aspnet-spa-template/AspNetSpaTemplate.csproj]
/home/redrocket/task-factory/workdir/aspnet-spa-template/Caching/CacheKeyBuilder.cs(46,26): warning CS1591: Missing XML comment for publicly visible type or member 'CacheKeyBuilder.LockKey(string)' [/home/redrocket/task-factory/workdir/aspnet-spa-template/AspNetSpaTemplate.csproj]
/home/redrocket/task-factory/workdir/aspnet-spa-template/Caching/CacheKeyBuilder.cs(47,26): warning CS1591: Missing XML comment for publicly visible type or member 'CacheKeyBuilder.ProcessingKey(string)' [/home/redrocket/task-factory/workdir/aspnet-spa-template/AspNetSpaTemplate.csproj]
/home/redrocket/task-factory/workdir/aspnet-spa-template/Caching/CacheKeyBuilder.cs(59,29): warning CS1591: Missing XML comment for publicly visible type or member 'CacheKeyBuilder.InvalidationPatterns.AllProducts' [/home/redrocket/task-factory/workdir/aspnet-spa-template/AspNetSpaTemplate.csproj]
/home/redrocket/task-factory/workdir/aspnet-spa-template/Caching/CacheKeyBuilder.cs(60,29): warning CS1591: Missing XML comment for publicly visible type or member 'CacheKeyBuilder.InvalidationPatterns.AllOrders' [/home/redrocket/task-factory/workdir/aspnet-spa-template/AspNetSpaTemplate.csproj]
/home/redrocket/task-factory/workdir/aspnet-spa-template/Caching/CacheKeyBuilder.cs(61,29): warning CS1591: Missing XML comment for publicly visible type or member 'CacheKeyBuilder.InvalidationPatterns.AllReviews' [/home/redrocket/task-factory/workdir/aspnet-spa-template/AspNetSpaTemplate.csproj]
/home/redrocket/task-factory/workdir/aspnet-spa-template/Caching/CacheKeyBuilder.cs(62,29): warning CS1591: Missing XML comment for publicly visible type or member 'CacheKeyBuilder.InvalidationPatterns.AllUsers' [/home/redrocket/task-factory/workdir/aspnet-spa-template/AspNetSpaTemplate.csproj]
/home/redrocket/task-factory/workdir/aspnet-spa-template/Caching/CacheKeyBuilder.cs(63,29): warning CS1591: Missing XML comment for publicly visible type or member 'CacheKeyBuilder.InvalidationPatterns.AllSessions' [/home/redrocket/task-factory/workdir/aspnet-spa-template/AspNetSpaTemplate.csproj]
/home/redrocket/task-factory/workdir/aspnet-spa-template/Caching/CacheKeyBuilder.cs(64,29): warning CS1591: Missing XML comment for publicly visible type or member 'CacheKeyBuilder.InvalidationPatterns.AllRateLimits' [/home/redrocket/task-factory/workdir/aspnet-spa-template/AspNetSpaTemplate.csproj]
/home/redrocket/task-factory/workdir/aspnet-spa-template/Caching/ICacheService.cs(87,17): warning CS1591: Missing XML comment for publicly visible type or member 'CacheStatistics.TotalRequests' [/home/redrocket/task-factory/workdir/aspnet-spa-template/AspNetSpaTemplate.csproj]
/home/redrocket/task-factory/workdir/aspnet-spa-template/Caching/ICacheService.cs(88,17): warning CS1591: Missing XML comment for publicly visible type or member 'CacheStatistics.CacheHits' [/home/redrocket/task-factory/workdir/aspnet-spa-template/AspNetSpaTemplate.csproj]
/home/redrocket/task-factory/workdir/aspnet-spa-template/Caching/ICacheService.cs(89,17): warning CS1591: Missing XML comment for publicly visible type or member 'CacheStatistics.CacheMisses' [/home/redrocket/task-factory/workdir/aspnet-spa-template/AspNetSpaTemplate.csproj]
/home/redrocket/task-factory/workdir/aspnet-spa-template/Caching/ICacheService.cs(90,19): warning CS1591: Missing XML comment for publicly visible type or member 'CacheStatistics.HitRate' [/home/redrocket/task-factory/workdir/aspnet-spa-template/AspNetSpaTemplate.csproj]
/home/redrocket/task-factory/workdir/aspnet-spa-template/Caching/ICacheService.cs(91,17): warning CS1591: Missing XML comment for publicly visible type or member 'CacheStatistics.ItemCount' [/home/redrocket/task-factory/workdir/aspnet-spa-template/AspNetSpaTemplate.csproj]
/home/redrocket/task-factory/workdir/aspnet-spa-template/Caching/ICacheService.cs(92,17): warning CS1591: Missing XML comment for publicly visible type or member 'CacheStatistics.ApproximateMemoryUsage' [/home/redrocket/task-factory/workdir/aspnet-spa-template/AspNetSpaTemplate.csproj]
/home/redrocket/task-factory/workdir/aspnet-spa-template/Caching/ICacheService.cs(94,28): warning CS1591: Missing XML comment for publicly visible type or member 'CacheStatistics.ToString()' [/home/redrocket/task-factory/workdir/aspnet-spa-template/AspNetSpaTemplate.csproj]
/home/redrocket/task-factory/workdir/aspnet-spa-template/Caching/MemoryCacheService.cs(29,12): warning CS1591: Missing XML comment for publicly visible type or member 'MemoryCacheService.MemoryCacheService(ILogger<MemoryCacheService>)' [/home/redrocket/task-factory/workdir/aspnet-spa-template/AspNetSpaTemplate.csproj]
/home/redrocket/task-factory/workdir/aspnet-spa-template/Caching/MemoryCacheService.cs(36,27): warning CS1591: Missing XML comment for publicly visible type or member 'MemoryCacheService.GetAsync<T>(string)' [/home/redrocket/task-factory/workdir/aspnet-spa-template/AspNetSpaTemplate.csproj]
/home/redrocket/task-factory/workdir/aspnet-spa-template/Caching/MemoryCacheService.cs(58,23): warning CS1591: Missing XML comment for publicly visible type or member 'MemoryCacheService.SetAsync<T>(string, T, TimeSpan?)' [/home/redrocket/task-factory/workdir/aspnet-spa-template/AspNetSpaTemplate.csproj]
/home/redrocket/task-factory/workdir/aspnet-spa-template/Caching/MemoryCacheService.cs(67,23): warning CS1591: Missing XML comment for publicly visible type or member 'MemoryCacheService.RemoveAsync(string)' [/home/redrocket/task-factory/workdir/aspnet-spa-template/AspNetSpaTemplate.csproj]
/home/redrocket/task-factory/workdir/aspnet-spa-template/Caching/MemoryCacheService.cs(75,23): warning CS1591: Missing XML comment for publicly visible type or member 'MemoryCacheService.RemoveByPatternAsync(string)' [/home/redrocket/task-factory/workdir/aspnet-spa-template/AspNetSpaTemplate.csproj]
/home/redrocket/task-factory/workdir/aspnet-spa-template/Caching/MemoryCacheService.cs(88,29): warning CS1591: Missing XML comment for publicly visible type or member 'MemoryCacheService.ExistsAsync(string)' [/home/redrocket/task-factory/workdir/aspnet-spa-template/AspNetSpaTemplate.csproj]
/home/redrocket/task-factory/workdir/aspnet-spa-template/Caching/MemoryCacheService.cs(103,26): warning CS1591: Missing XML comment for publicly visible type or member 'MemoryCacheService.GetOrSetAsync<T>(string, Func<Task<T>>, TimeSpan?)' [/home/redrocket/task-factory/workdir/aspnet-spa-template/AspNetSpaTemplate.csproj]
/home/redrocket/task-factory/workdir/aspnet-spa-template/Caching/MemoryCacheService.cs(135,29): warning CS1591: Missing XML comment for publicly visible type or member 'MemoryCacheService.IncrementAsync(string, long)' [/home/redrocket/task-factory/workdir/aspnet-spa-template/AspNetSpaTemplate.csproj]
/home/redrocket/task-factory/workdir/aspnet-spa-template/Caching/MemoryCacheService.cs(149,29): warning CS1591: Missing XML comment for publicly visible type or member 'MemoryCacheService.ExpireAsync(string, TimeSpan)' [/home/redrocket/task-factory/workdir/aspnet-spa-template/AspNetSpaTemplate.csproj]
/home/redrocket/task-factory/workdir/aspnet-spa-template/Caching/MemoryCacheService.cs(158,44): warning CS1591: Missing XML comment for publicly visible type or member 'MemoryCacheService.GetKeysAsync(string)' [/home/redrocket/task-factory/workdir/aspnet-spa-template/AspNetSpaTemplate.csproj]
/home/redrocket/task-factory/workdir/aspnet-spa-template/Caching/MemoryCacheService.cs(164,23): warning CS1591: Missing XML comment for publicly visible type or member 'MemoryCacheService.FlushAllAsync()' [/home/redrocket/task-factory/workdir/aspnet-spa-template/AspNetSpaTemplate.csproj]
/home/redrocket/task-factory/workdir/aspnet-spa-template/Caching/MemoryCacheService.cs(171,40): warning CS1591: Missing XML comment for publicly visible type or member 'MemoryCacheService.GetStatisticsAsync()' [/home/redrocket/task-factory/workdir/aspnet-spa-template/AspNetSpaTemplate.csproj]
/home/redrocket/task-factory/workdir/aspnet-spa-template/Configuration/AspnetSpaTemplateOptions.cs(10,25): warning CS1591: Missing XML comment for publicly visible type or member 'AspnetSpaTemplateOptions.SectionName' [/home/redrocket/task-factory/workdir/aspnet-spa-template/AspNetSpaTemplate.csproj]
/home/redrocket/task-factory/workdir/aspnet-spa-template/Configuration/AspnetSpaTemplateOptions.cs(13,19): warning CS1591: Missing XML comment for publicly visible type or member 'AspnetSpaTemplateOptions.JwtSecret' [/home/redrocket/task-factory/workdir/aspnet-spa-template/AspNetSpaTemplate.csproj]
/home/redrocket/task-factory/workdir/aspnet-spa-template/Configuration/AspnetSpaTemplateOptions.cs(16,16): warning CS1591: Missing XML comment for publicly visible type or member 'AspnetSpaTemplateOptions.JwtExpiration' [/home/redrocket/task-factory/workdir/aspnet-spa-template/AspNetSpaTemplate.csproj]
/home/redrocket/task-factory/workdir/aspnet-spa-template/Configuration/AspnetSpaTemplateOptions.cs(19,19): warning CS1591: Missing XML comment for publicly visible type or member 'AspnetSpaTemplateOptions.Environment' [/home/redrocket/task-factory/workdir/aspnet-spa-template/AspNetSpaTemplate.csproj]
/home/redrocket/task-factory/workdir/aspnet-spa-template/Configuration/AspnetSpaTemplateOptions.cs(21,34): warning CS1591: Missing XML comment for publicly visible type or member 'AspnetSpaTemplateOptions.RequestLogging' [/home/redrocket/task-factory/workdir/aspnet-spa-template/AspNetSpaTemplate.csproj]
/home/redrocket/task-factory/workdir/aspnet-spa-template/Configuration/AspnetSpaTemplateOptions.cs(24,14): warning CS1591: Missing XML comment for publicly visible type or member 'RequestLoggingOptions' [/home/redrocket/task-factory/workdir/aspnet-spa-template/AspNetSpaTemplate.csproj]
/home/redrocket/task-factory/workdir/aspnet-spa-template/Configuration/AspnetSpaTemplateOptions.cs(26,17): warning CS1591: Missing XML comment for publicly visible type or member 'RequestLoggingOptions.Enabled' [/home/redrocket/task-factory/workdir/aspnet-spa-template/AspNetSpaTemplate.csproj]
/home/redrocket/task-factory/workdir/aspnet-spa-template/Configuration/AspnetSpaTemplateOptions.cs(29,19): warning CS1591: Missing XML comment for publicly visible type or member 'RequestLoggingOptions.VerbosityLevel' [/home/redrocket/task-factory/workdir/aspnet-spa-template/AspNetSpaTemplate.csproj]
/home/redrocket/task-factory/workdir/aspnet-spa-template/Configuration/AspnetSpaTemplateOptions.cs(31,17): warning CS1591: Missing XML comment for publicly visible type or member 'RequestLoggingOptions.LogRequestHeaders' [/home/redrocket/task-factory/workdir/aspnet-spa-template/AspNetSpaTemplate.csproj]
/home/redrocket/task-factory/workdir/aspnet-spa-template/Configuration/AspnetSpaTemplateOptions.cs(32,17): warning CS1591: Missing XML comment for publicly visible type or member 'RequestLoggingOptions.LogResponseHeaders' [/home/redrocket/task-factory/workdir/aspnet-spa-template/AspNetSpaTemplate.csproj]
/home/redrocket/task-factory/workdir/aspnet-spa-template/Configuration/AspnetSpaTemplateOptions.cs(33,17): warning CS1591: Missing XML comment for publicly visible type or member 'RequestLoggingOptions.LogRequestBody' [/home/redrocket/task-factory/workdir/aspnet-spa-template/AspNetSpaTemplate.csproj]
/home/redrocket/task-factory/workdir/aspnet-spa-template/Configuration/AspnetSpaTemplateOptions.cs(34,17): warning CS1591: Missing XML comment for publicly visible type or member 'RequestLoggingOptions.LogResponseBody' [/home/redrocket/task-factory/workdir/aspnet-spa-template/AspNetSpaTemplate.csproj]
/home/redrocket/task-factory/workdir/aspnet-spa-template/Configuration/AspnetSpaTemplateOptions.cs(37,16): warning CS1591: Missing XML comment for publicly visible type or member 'RequestLoggingOptions.SlowRequestThresholdMs' [/home/redrocket/task-factory/workdir/aspnet-spa-template/AspNetSpaTemplate.csproj]
/home/redrocket/task-factory/workdir/aspnet-spa-template/Configuration/AspnetSpaTemplateOptions.cs(39,25): warning CS1591: Missing XML comment for publicly visible type or member 'RequestLoggingOptions.ExcludedPaths' [/home/redrocket/task-factory/workdir/aspnet-spa-template/AspNetSpaTemplate.csproj]
/home/redrocket/task-factory/workdir/aspnet-spa-template/Configuration/ServiceConfiguration.cs(130,21): warning CS1591: Missing XML comment for publicly visible type or member 'CachePolicyConfiguration.ProductCacheTtl' [/home/redrocket/task-factory/workdir/aspnet-spa-template/AspNetSpaTemplate.csproj]
/home/redrocket/task-factory/workdir/aspnet-spa-template/Configuration/ServiceConfiguration.cs(131,21): warning CS1591: Missing XML comment for publicly visible type or member 'CachePolicyConfiguration.UserCacheTtl' [/home/redrocket/task-factory/workdir/aspnet-spa-template/AspNetSpaTemplate.csproj]
/home/redrocket/task-factory/workdir/aspnet-spa-template/Configuration/ServiceConfiguration.cs(132,21): warning CS1591: Missing XML comment for publicly visible type or member 'CachePolicyConfiguration.OrderCacheTtl' [/home/redrocket/task-factory/workdir/aspnet-spa-template/AspNetSpaTemplate.csproj]
/home/redrocket/task-factory/workdir/aspnet-spa-template/Configuration/ServiceConfiguration.cs(133,21): warning CS1591: Missing XML comment for publicly visible type or member 'CachePolicyConfiguration.SearchResultsCacheTtl' [/home/redrocket/task-factory/workdir/aspnet-spa-template/AspNetSpaTemplate.csproj]
/home/redrocket/task-factory/workdir/aspnet-spa-template/Configuration/ServiceConfiguration.cs(134,21): warning CS1591: Missing XML comment for publicly visible type or member 'CachePolicyConfiguration.SessionCacheTtl' [/home/redrocket/task-factory/workdir/aspnet-spa-template/AspNetSpaTemplate.csproj]
/home/redrocket/task-factory/workdir/aspnet-spa-template/Configuration/ServiceConfiguration.cs(135,21): warning CS1591: Missing XML comment for publicly visible type or member 'CachePolicyConfiguration.ConfigurationCacheTtl' [/home/redrocket/task-factory/workdir/aspnet-spa-template/AspNetSpaTemplate.csproj]
/home/redrocket/task-factory/workdir/aspnet-spa-template/Configuration/ServiceConfiguration.cs(144,29): warning CS1591: Missing XML comment for publicly visible type or member 'ApplicationSettings.Database' [/home/redrocket/task-factory/workdir/aspnet-spa-template/AspNetSpaTemplate.csproj]
/home/redrocket/task-factory/workdir/aspnet-spa-template/Configuration/ServiceConfiguration.cs(145,28): warning CS1591: Missing XML comment for publicly visible type or member 'ApplicationSettings.Caching' [/home/redrocket/task-factory/workdir/aspnet-spa-template/AspNetSpaTemplate.csproj]
/home/redrocket/task-factory/workdir/aspnet-spa-template/Configuration/ServiceConfiguration.cs(146,35): warning CS1591: Missing XML comment for publicly visible type or member 'ApplicationSettings.Authentication' [/home/redrocket/task-factory/workdir/aspnet-spa-template/AspNetSpaTemplate.csproj]
/home/redrocket/task-factory/workdir/aspnet-spa-template/Configuration/ServiceConfiguration.cs(147,33): warning CS1591: Missing XML comment for publicly visible type or member 'ApplicationSettings.Notifications' [/home/redrocket/task-factory/workdir/aspnet-spa-template/AspNetSpaTemplate.csproj]
/home/redrocket/task-factory/workdir/aspnet-spa-template/Configuration/ServiceConfiguration.cs(150,14): warning CS1591: Missing XML comment for publicly visible type or member 'DatabaseSettings' [/home/redrocket/task-factory/workdir/aspnet-spa-template/AspNetSpaTemplate.csproj]
/home/redrocket/task-factory/workdir/aspnet-spa-template/Configuration/ServiceConfiguration.cs(152,19): warning CS1591: Missing XML comment for publicly visible type or member 'DatabaseSettings.ConnectionString' [/home/redrocket/task-factory/workdir/aspnet-spa-template/AspNetSpaTemplate.csproj]
/home/redrocket/task-factory/workdir/aspnet-spa-template/Configuration/ServiceConfiguration.cs(153,16): warning CS1591: Missing XML comment for publicly visible type or member 'DatabaseSettings.CommandTimeout' [/home/redrocket/task-factory/workdir/aspnet-spa-template/AspNetSpaTemplate.csproj]
/home/redrocket/task-factory/workdir/aspnet-spa-template/Configuration/ServiceConfiguration.cs(154,17): warning CS1591: Missing XML comment for publicly visible type or member 'DatabaseSettings.EnableLogging' [/home/redrocket/task-factory/workdir/aspnet-spa-template/AspNetSpaTemplate.csproj]
/home/redrocket/task-factory/workdir/aspnet-spa-template/Configuration/ServiceConfiguration.cs(157,14): warning CS1591: Missing XML comment for publicly visible type or member 'CachingSettings' [/home/redrocket/task-factory/workdir/aspnet-spa-template/AspNetSpaTemplate.csproj]
/home/redrocket/task-factory/workdir/aspnet-spa-template/Configuration/ServiceConfiguration.cs(159,17): warning CS1591: Missing XML comment for publicly visible type or member 'CachingSettings.Enabled' [/home/redrocket/task-factory/workdir/aspnet-spa-template/AspNetSpaTemplate.csproj]
/home/redrocket/task-factory/workdir/aspnet-spa-template/Configuration/ServiceConfiguration.cs(160,19): warning CS1591: Missing XML comment for publicly visible type or member 'CachingSettings.Provider' [/home/redrocket/task-factory/workdir/aspnet-spa-template/AspNetSpaTemplate.csproj]
/home/redrocket/task-factory/workdir/aspnet-spa-template/Configuration/ServiceConfiguration.cs(161,16): warning CS1591: Missing XML comment for publicly visible type or member 'CachingSettings.MaxItemCount' [/home/redrocket/task-factory/workdir/aspnet-spa-template/AspNetSpaTemplate.csproj]
/home/redrocket/task-factory/workdir/aspnet-spa-template/Configuration/ServiceConfiguration.cs(164,14): warning CS1591: Missing XML comment for publicly visible type or member 'AuthenticationSettings' [/home/redrocket/task-factory/workdir/aspnet-spa-template/AspNetSpaTemplate.csproj]
/home/redrocket/task-factory/workdir/aspnet-spa-template/Configuration/ServiceConfiguration.cs(166,17): warning CS1591: Missing XML comment for publicly visible type or member 'AuthenticationSettings.Enabled' [/home/redrocket/task-factory/workdir/aspnet-spa-template/AspNetSpaTemplate.csproj]
/home/redrocket/task-factory/workdir/aspnet-spa-template/Configuration/ServiceConfiguration.cs(167,16): warning CS1591: Missing XML comment for publicly visible type or member 'AuthenticationSettings.SessionTimeoutMinutes' [/home/redrocket/task-factory/workdir/aspnet-spa-template/AspNetSpaTemplate.csproj]
/home/redrocket/task-factory/workdir/aspnet-spa-template/Configuration/ServiceConfiguration.cs(168,17): warning CS1591: Missing XML comment for publicly visible type or member 'AuthenticationSettings.RequireHttpsOnly' [/home/redrocket/task-factory/workdir/aspnet-spa-template/AspNetSpaTemplate.csproj]
/home/redrocket/task-factory/workdir/aspnet-spa-template/Configuration/ServiceConfiguration.cs(171,14): warning CS1591: Missing XML comment for publicly visible type or member 'NotificationSettings' [/home/redrocket/task-factory/workdir/aspnet-spa-template/AspNetSpaTemplate.csproj]
/home/redrocket/task-factory/workdir/aspnet-spa-template/Configuration/ServiceConfiguration.cs(173,17): warning CS1591: Missing XML comment for publicly visible type or member 'NotificationSettings.Enabled' [/home/redrocket/task-factory/workdir/aspnet-spa-template/AspNetSpaTemplate.csproj]
/home/redrocket/task-factory/workdir/aspnet-spa-template/Configuration/ServiceConfiguration.cs(174,16): warning CS1591: Missing XML comment for publicly visible type or member 'NotificationSettings.BatchSize' [/home/redrocket/task-factory/workdir/aspnet-spa-template/AspNetSpaTemplate.csproj]
/home/redrocket/task-factory/workdir/aspnet-spa-template/Configuration/ServiceConfiguration.cs(175,16): warning CS1591: Missing XML comment for publicly visible type or member 'NotificationSettings.RetryCount' [/home/redrocket/task-factory/workdir/aspnet-spa-template/AspNetSpaTemplate.csproj]
/home/redrocket/task-factory/workdir/aspnet-spa-template/Configuration/ServiceConfiguration.cs(176,19): warning CS1591: Missing XML comment for publicly visible type or member 'NotificationSettings.EmailProvider' [/home/redrocket/task-factory/workdir/aspnet-spa-template/AspNetSpaTemplate.csproj]
/home/redrocket/task-factory/workdir/aspnet-spa-template/Configuration/ServiceConfiguration.cs(177,19): warning CS1591: Missing XML comment for publicly visible type or member 'NotificationSettings.SmsProvider' [/home/redrocket/task-factory/workdir/aspnet-spa-template/AspNetSpaTemplate.csproj]
/home/redrocket/task-factory/workdir/aspnet-spa-template/Constants/AppConstants.cs(14,25): warning CS1591: Missing XML comment for publicly visible type or member 'AppConstants.ApiVersion' [/home/redrocket/task-factory/workdir/aspnet-spa-template/AspNetSpaTemplate.csproj]
/home/redrocket/task-factory/workdir/aspnet-spa-template/Constants/AppConstants.cs(15,25): warning CS1591: Missing XML comment for publicly visible type or member 'AppConstants.ApiBaseRoute' [/home/redrocket/task-factory/workdir/aspnet-spa-template/AspNetSpaTemplate.csproj]
/home/redrocket/task-factory/workdir/aspnet-spa-template/Constants/AppConstants.cs(17,25): warning CS1591: Missing XML comment for publicly visible type or member 'AppConstants.Validation' [/home/redrocket/task-factory/workdir/aspnet-spa-template/AspNetSpaTemplate.csproj]
/home/redrocket/task-factory/workdir/aspnet-spa-template/Constants/AppConstants.cs(19,26): warning CS1591: Missing XML comment for publicly visible type or member 'AppConstants.Validation.MinNameLength' [/home/redrocket/task-factory/workdir/aspnet-spa-template/AspNetSpaTemplate.csproj]
/home/redrocket/task-factory/workdir/aspnet-spa-template/Constants/AppConstants.cs(20,26): warning CS1591: Missing XML comment for publicly visible type or member 'AppConstants.Validation.MaxNameLength' [/home/redrocket/task-factory/workdir/aspnet-spa-template/AspNetSpaTemplate.csproj]
/home/redrocket/task-factory/workdir/aspnet-spa-template/Constants/AppConstants.cs(21,26): warning CS1591: Missing XML comment for publicly visible type or member 'AppConstants.Validation.MaxEmailLength' [/home/redrocket/task-factory/workdir/aspnet-spa-template/AspNetSpaTemplate.csproj]
/home/redrocket/task-factory/workdir/aspnet-spa-template/Constants/AppConstants.cs(22,26): warning CS1591: Missing XML comment for publicly visible type or member 'AppConstants.Validation.MinPasswordLength' [/home/redrocket/task-factory/workdir/aspnet-spa-template/AspNetSpaTemplate.csproj]
/home/redrocket/task-factory/workdir/aspnet-spa-template/Constants/AppConstants.cs(23,26): warning CS1591: Missing XML comment for publicly visible type or member 'AppConstants.Validation.MaxPasswordLength' [/home/redrocket/task-factory/workdir/aspnet-spa-template/AspNetSpaTemplate.csproj]
/home/redrocket/task-factory/workdir/aspnet-spa-template/Constants/AppConstants.cs(24,26): warning CS1591: Missing XML comment for publicly visible type or member 'AppConstants.Validation.MaxDescriptionLength' [/home/redrocket/task-factory/workdir/aspnet-spa-template/AspNetSpaTemplate.csproj]
/home/redrocket/task-factory/workdir/aspnet-spa-template/Constants/AppConstants.cs(27,25): warning CS1591: Missing XML comment for publicly visible type or member 'AppConstants.Pagination' [/home/redrocket/task-factory/workdir/aspnet-spa-template/AspNetSpaTemplate.csproj]
/home/redrocket/task-factory/workdir/aspnet-spa-template/Constants/AppConstants.cs(29,26): warning CS1591: Missing XML comment for publicly visible type or member 'AppConstants.Pagination.DefaultPageSize' [/home/redrocket/task-factory/workdir/aspnet-spa-template/AspNetSpaTemplate.csproj]
/home/redrocket/task-factory/workdir/aspnet-spa-template/Constants/AppConstants.cs(30,26): warning CS1591: Missing XML comment for publicly visible type or member 'AppConstants.Pagination.MaxPageSize' [/home/redrocket/task-factory/workdir/aspnet-spa-template/AspNetSpaTemplate.csproj]
/home/redrocket/task-factory/workdir/aspnet-spa-template/Constants/AppConstants.cs(31,26): warning CS1591: Missing XML comment for publicly visible type or member 'AppConstants.Pagination.MinPageSize' [/home/redrocket/task-factory/workdir/aspnet-spa-template/AspNetSpaTemplate.csproj]
/home/redrocket/task-factory/workdir/aspnet-spa-template/Constants/AppConstants.cs(34,25): warning CS1591: Missing XML comment for publicly visible type or member 'AppConstants.Product' [/home/redrocket/task-factory/workdir/aspnet-spa-template/AspNetSpaTemplate.csproj]
/home/redrocket/task-factory/workdir/aspnet-spa-template/Constants/AppConstants.cs(36,30): warning CS1591: Missing XML comment for publicly visible type or member 'AppConstants.Product.MinPrice' [/home/redrocket/task-factory/workdir/aspnet-spa-template/AspNetSpaTemplate.csproj]
/home/redrocket/task-factory/workdir/aspnet-spa-template/Constants/AppConstants.cs(37,30): warning CS1591: Missing XML comment for publicly visible type or member 'AppConstants.Product.MaxPrice' [/home/redrocket/task-factory/workdir/aspnet-spa-template/AspNetSpaTemplate.csproj]
/home/redrocket/task-factory/workdir/aspnet-spa-template/Constants/AppConstants.cs(38,26): warning CS1591: Missing XML comment for publicly visible type or member 'AppConstants.Product.MinStock' [/home/redrocket/task-factory/workdir/aspnet-spa-template/AspNetSpaTemplate.csproj]
/home/redrocket/task-factory/workdir/aspnet-spa-template/Constants/AppConstants.cs(39,26): warning CS1591: Missing XML comment for publicly visible type or member 'AppConstants.Product.MaxStock' [/home/redrocket/task-factory/workdir/aspnet-spa-template/AspNetSpaTemplate.csproj]
/home/redrocket/task-factory/workdir/aspnet-spa-template/Constants/AppConstants.cs(42,25): warning CS1591: Missing XML comment for publicly visible type or member 'AppConstants.Order' [/home/redrocket/task-factory/workdir/aspnet-spa-template/AspNetSpaTemplate.csproj]
/home/redrocket/task-factory/workdir/aspnet-spa-template/Constants/AppConstants.cs(44,26): warning CS1591: Missing XML comment for publicly visible type or member 'AppConstants.Order.MinItemQuantity' [/home/redrocket/task-factory/workdir/aspnet-spa-template/AspNetSpaTemplate.csproj]
/home/redrocket/task-factory/workdir/aspnet-spa-template/Constants/AppConstants.cs(45,26): warning CS1591: Missing XML comment for publicly visible type or member 'AppConstants.Order.MaxItemQuantity' [/home/redrocket/task-factory/workdir/aspnet-spa-template/AspNetSpaTemplate.csproj]
/home/redrocket/task-factory/workdir/aspnet-spa-template/Constants/AppConstants.cs(46,30): warning CS1591: Missing XML comment for publicly visible type or member 'AppConstants.Order.MinOrderValue' [/home/redrocket/task-factory/workdir/aspnet-spa-template/AspNetSpaTemplate.csproj]
/home/redrocket/task-factory/workdir/aspnet-spa-template/Constants/AppConstants.cs(49,25): warning CS1591: Missing XML comment for publicly visible type or member 'AppConstants.Cache' [/home/redrocket/task-factory/workdir/aspnet-spa-template/AspNetSpaTemplate.csproj]
/home/redrocket/task-factory/workdir/aspnet-spa-template/Constants/AppConstants.cs(51,26): warning CS1591: Missing XML comment for publicly visible type or member 'AppConstants.Cache.DefaultDurationMinutes' [/home/redrocket/task-factory/workdir/aspnet-spa-template/AspNetSpaTemplate.csproj]
/home/redrocket/task-factory/workdir/aspnet-spa-template/Constants/AppConstants.cs(52,26): warning CS1591: Missing XML comment for publicly visible type or member 'AppConstants.Cache.ShortDurationMinutes' [/home/redrocket/task-factory/workdir/aspnet-spa-template/AspNetSpaTemplate.csproj]
/home/redrocket/task-factory/workdir/aspnet-spa-template/Constants/AppConstants.cs(53,26): warning CS1591: Missing XML comment for publicly visible type or member 'AppConstants.Cache.LongDurationMinutes' [/home/redrocket/task-factory/workdir/aspnet-spa-template/AspNetSpaTemplate.csproj]
/home/redrocket/task-factory/workdir/aspnet-spa-template/Constants/OrderStatus.cs(14,5): warning CS1591: Missing XML comment for publicly visible type or member 'OrderStatus.Pending' [/home/redrocket/task-factory/workdir/aspnet-spa-template/AspNetSpaTemplate.csproj]
/home/redrocket/task-factory/workdir/aspnet-spa-template/Constants/OrderStatus.cs(15,5): warning CS1591: Missing XML comment for publicly visible type or member 'OrderStatus.Confirmed' [/home/redrocket/task-factory/workdir/aspnet-spa-template/AspNetSpaTemplate.csproj]
/home/redrocket/task-factory/workdir/aspnet-spa-template/Constants/OrderStatus.cs(16,5): warning CS1591: Missing XML comment for publicly visible type or member 'OrderStatus.Processing' [/home/redrocket/task-factory/workdir/aspnet-spa-template/AspNetSpaTemplate.csproj]
/home/redrocket/task-factory/workdir/aspnet-spa-template/Constants/OrderStatus.cs(17,5): warning CS1591: Missing XML comment for publicly visible type or member 'OrderStatus.Shipped' [/home/redrocket/task-factory/workdir/aspnet-spa-template/AspNetSpaTemplate.csproj]
/home/redrocket/task-factory/workdir/aspnet-spa-template/Constants/OrderStatus.cs(18,5): warning CS1591: Missing XML comment for publicly visible type or member 'OrderStatus.Delivered' [/home/redrocket/task-factory/workdir/aspnet-spa-template/AspNetSpaTemplate.csproj]
/home/redrocket/task-factory/workdir/aspnet-spa-template/Constants/OrderStatus.cs(19,5): warning CS1591: Missing XML comment for publicly visible type or member 'OrderStatus.Cancelled' [/home/redrocket/task-factory/workdir/aspnet-spa-template/AspNetSpaTemplate.csproj]
/home/redrocket/task-factory/workdir/aspnet-spa-template/Constants/OrderStatus.cs(20,5): warning CS1591: Missing XML comment for publicly visible type or member 'OrderStatus.Refunded' [/home/redrocket/task-factory/workdir/aspnet-spa-template/AspNetSpaTemplate.csproj]
/home/redrocket/task-factory/workdir/aspnet-spa-template/Constants/OrderStatus.cs(23,21): warning CS1591: Missing XML comment for publicly visible type or member 'OrderStatusExtensions' [/home/redrocket/task-factory/workdir/aspnet-spa-template/AspNetSpaTemplate.csproj]
/home/redrocket/task-factory/workdir/aspnet-spa-template/Constants/OrderStatus.cs(25,26): warning CS1591: Missing XML comment for publicly visible type or member 'OrderStatusExtensions.ToDisplayName(OrderStatus)' [/home/redrocket/task-factory/workdir/aspnet-spa-template/AspNetSpaTemplate.csproj]
/home/redrocket/task-factory/workdir/aspnet-spa-template/Constants/OrderStatus.cs(37,24): warning CS1591: Missing XML comment for publicly visible type or member 'OrderStatusExtensions.CanBeProcessed(OrderStatus)' [/home/redrocket/task-factory/workdir/aspnet-spa-template/AspNetSpaTemplate.csproj]
/home/redrocket/task-factory/workdir/aspnet-spa-template/Constants/OrderStatus.cs(40,24): warning CS1591: Missing XML comment for publicly visible type or member 'OrderStatusExtensions.CanBeCancelled(OrderStatus)' [/home/redrocket/task-factory/workdir/aspnet-spa-template/AspNetSpaTemplate.csproj]
/home/redrocket/task-factory/workdir/aspnet-spa-template/Constants/OrderStatus.cs(43,24): warning CS1591: Missing XML comment for publicly visible type or member 'OrderStatusExtensions.IsFinal(OrderStatus)' [/home/redrocket/task-factory/workdir/aspnet-spa-template/AspNetSpaTemplate.csproj]
/home/redrocket/task-factory/workdir/aspnet-spa-template/Constants/ProductCategory.cs(14,5): warning CS1591: Missing XML comment for publicly visible type or member 'ProductCategory.Electronics' [/home/redrocket/task-factory/workdir/aspnet-spa-template/AspNetSpaTemplate.csproj]
/home/redrocket/task-factory/workdir/aspnet-spa-template/Constants/ProductCategory.cs(15,5): warning CS1591: Missing XML comment for publicly visible type or member 'ProductCategory.Clothing' [/home/redrocket/task-factory/workdir/aspnet-spa-template/AspNetSpaTemplate.csproj]
/home/redrocket/task-factory/workdir/aspnet-spa-template/Constants/ProductCategory.cs(16,5): warning CS1591: Missing XML comment for publicly visible type or member 'ProductCategory.Home' [/home/redrocket/task-factory/workdir/aspnet-spa-template/AspNetSpaTemplate.csproj]
/home/redrocket/task-factory/workdir/aspnet-spa-template/Constants/ProductCategory.cs(17,5): warning CS1591: Missing XML comment for publicly visible type or member 'ProductCategory.Sports' [/home/redrocket/task-factory/workdir/aspnet-spa-template/AspNetSpaTemplate.csproj]
/home/redrocket/task-factory/workdir/aspnet-spa-template/Constants/ProductCategory.cs(18,5): warning CS1591: Missing XML comment for publicly visible type or member 'ProductCategory.Books' [/home/redrocket/task-factory/workdir/aspnet-spa-template/AspNetSpaTemplate.csproj]
/home/redrocket/task-factory/workdir/aspnet-spa-template/Constants/ProductCategory.cs(19,5): warning CS1591: Missing XML comment for publicly visible type or member 'ProductCategory.Food' [/home/redrocket/task-factory/workdir/aspnet-spa-template/AspNetSpaTemplate.csproj]
/home/redrocket/task-factory/workdir/aspnet-spa-template/Constants/ProductCategory.cs(20,5): warning CS1591: Missing XML comment for publicly visible type or member 'ProductCategory.Beauty' [/home/redrocket/task-factory/workdir/aspnet-spa-template/AspNetSpaTemplate.csproj]
/home/redrocket/task-factory/workdir/aspnet-spa-template/Constants/ProductCategory.cs(21,5): warning CS1591: Missing XML comment for publicly visible type or member 'ProductCategory.Toys' [/home/redrocket/task-factory/workdir/aspnet-spa-template/AspNetSpaTemplate.csproj]
/home/redrocket/task-factory/workdir/aspnet-spa-template/Constants/ProductCategory.cs(24,21): warning CS1591: Missing XML comment for publicly visible type or member 'ProductCategoryExtensions' [/home/redrocket/task-factory/workdir/aspnet-spa-template/AspNetSpaTemplate.csproj]
/home/redrocket/task-factory/workdir/aspnet-spa-template/Constants/ProductCategory.cs(26,26): warning CS1591: Missing XML comment for publicly visible type or member 'ProductCategoryExtensions.ToDisplayName(ProductCategory)' [/home/redrocket/task-factory/workdir/aspnet-spa-template/AspNetSpaTemplate.csproj]
/home/redrocket/task-factory/workdir/aspnet-spa-template/Constants/ProductCategory.cs(39,27): warning CS1591: Missing XML comment for publicly visible type or member 'ProductCategoryExtensions.GetTaxRate(ProductCategory)' [/home/redrocket/task-factory/workdir/aspnet-spa-template/AspNetSpaTemplate.csproj]
/home/redrocket/task-factory/workdir/aspnet-spa-template/Controllers/ApiControllerBase.cs(20,29): warning CS1591: Missing XML comment for publicly visible type or member 'ApiControllerBase.ApiSuccess<T>(T, string, int)' [/home/redrocket/task-factory/workdir/aspnet-spa-template/AspNetSpaTemplate.csproj]
/home/redrocket/task-factory/workdir/aspnet-spa-template/Controllers/ApiControllerBase.cs(25,29): warning CS1591: Missing XML comment for publicly visible type or member 'ApiControllerBase.ApiError(string, string, int)' [/home/redrocket/task-factory/workdir/aspnet-spa-template/AspNetSpaTemplate.csproj]
/home/redrocket/task-factory/workdir/aspnet-spa-template/Controllers/ApiControllerBase.cs(30,29): warning CS1591: Missing XML comment for publicly visible type or member 'ApiControllerBase.ApiError(string, Dictionary<string, List<string>>, int)' [/home/redrocket/task-factory/workdir/aspnet-spa-template/AspNetSpaTemplate.csproj]
/home/redrocket/task-factory/workdir/aspnet-spa-template/Controllers/ApiControllerBase.cs(35,19): warning CS1591: Missing XML comment for publicly visible type or member 'ApiControllerBase.GetUserId()' [/home/redrocket/task-factory/workdir/aspnet-spa-template/AspNetSpaTemplate.csproj]
/home/redrocket/task-factory/workdir/aspnet-spa-template/Controllers/ApiControllerBase.cs(44,23): warning CS1591: Missing XML comment for publicly visible type or member 'ApiControllerBase.GetUserEmail()' [/home/redrocket/task-factory/workdir/aspnet-spa-template/AspNetSpaTemplate.csproj]
/home/redrocket/task-factory/workdir/aspnet-spa-template/Controllers/ApiControllerBase.cs(49,20): warning CS1591: Missing XML comment for publicly visible type or member 'ApiControllerBase.IsAuthenticated' [/home/redrocket/task-factory/workdir/aspnet-spa-template/AspNetSpaTemplate.csproj]
/home/redrocket/task-factory/workdir/aspnet-spa-template/Controllers/HealthController.cs(26,12): warning CS1591: Missing XML comment for publicly visible type or member 'HealthController.HealthController(ICacheHealthMonitor, IBackgroundTaskScheduler, ILogger<HealthController>)' [/home/redrocket/task-factory/workdir/aspnet-spa-template/AspNetSpaTemplate.csproj]
/home/redrocket/task-factory/workdir/aspnet-spa-template/Controllers/HealthController.cs(172,21): warning CS1591: Missing XML comment for publicly visible type or member 'HealthCheckReport.Timestamp' [/home/redrocket/task-factory/workdir/aspnet-spa-template/AspNetSpaTemplate.csproj]
/home/redrocket/task-factory/workdir/aspnet-spa-template/Controllers/HealthController.cs(173,19): warning CS1591: Missing XML comment for publicly visible type or member 'HealthCheckReport.Status' [/home/redrocket/task-factory/workdir/aspnet-spa-template/AspNetSpaTemplate.csproj]
/home/redrocket/task-factory/workdir/aspnet-spa-template/Controllers/HealthController.cs(174,39): warning CS1591: Missing XML comment for publicly visible type or member 'HealthCheckReport.Components' [/home/redrocket/task-factory/workdir/aspnet-spa-template/AspNetSpaTemplate.csproj]
/home/redrocket/task-factory/workdir/aspnet-spa-template/Controllers/OrdersController.cs(20,12): warning CS1591: Missing XML comment for publicly visible type or member 'OrdersController.OrdersController(OrderService)' [/home/redrocket/task-factory/workdir/aspnet-spa-template/AspNetSpaTemplate.csproj]
/home/redrocket/task-factory/workdir/aspnet-spa-template/Controllers/OrdersController.cs(27,38): warning CS1591: Missing XML comment for publicly visible type or member 'OrdersController.GetOrder(int)' [/home/redrocket/task-factory/workdir/aspnet-spa-template/AspNetSpaTemplate.csproj]
/home/redrocket/task-factory/workdir/aspnet-spa-template/Controllers/OrdersController.cs(35,38): warning CS1591: Missing XML comment for publicly visible type or member 'OrdersController.CreateOrder(CreateOrderRequest)' [/home/redrocket/task-factory/workdir/aspnet-spa-template/AspNetSpaTemplate.csproj]
/home/redrocket/task-factory/workdir/aspnet-spa-template/Controllers/OrdersController.cs(47,38): warning CS1591: Missing XML comment for publicly visible type or member 'OrdersController.UpdateOrderStatus(int, UpdateOrderStatusRequest)' [/home/redrocket/task-factory/workdir/aspnet-spa-template/AspNetSpaTemplate.csproj]
/home/redrocket/task-factory/workdir/aspnet-spa-template/Controllers/OrdersController.cs(55,38): warning CS1591: Missing XML comment for publicly visible type or member 'OrdersController.ApplyDiscount(int, ApplyDiscountRequest)' [/home/redrocket/task-factory/workdir/aspnet-spa-template/AspNetSpaTemplate.csproj]
/home/redrocket/task-factory/workdir/aspnet-spa-template/Controllers/OrdersController.cs(63,38): warning CS1591: Missing XML comment for publicly visible type or member 'OrdersController.GetUserOrders(int, int, int)' [/home/redrocket/task-factory/workdir/aspnet-spa-template/AspNetSpaTemplate.csproj]
/home/redrocket/task-factory/workdir/aspnet-spa-template/Controllers/OrdersController.cs(71,38): warning CS1591: Missing XML comment for publicly visible type or member 'OrdersController.GetMyOrders(int, int)' [/home/redrocket/task-factory/workdir/aspnet-spa-template/AspNetSpaTemplate.csproj]
/home/redrocket/task-factory/workdir/aspnet-spa-template/Controllers/OrdersController.cs(83,38): warning CS1591: Missing XML comment for publicly visible type or member 'OrdersController.GetPendingOrders()' [/home/redrocket/task-factory/workdir/aspnet-spa-template/AspNetSpaTemplate.csproj]
/home/redrocket/task-factory/workdir/aspnet-spa-template/Controllers/OrdersController.cs(91,38): warning CS1591: Missing XML comment for publicly visible type or member 'OrdersController.GetTotalRevenue(int?)' [/home/redrocket/task-factory/workdir/aspnet-spa-template/AspNetSpaTemplate.csproj]
/home/redrocket/task-factory/workdir/aspnet-spa-template/Controllers/ProductsController.cs(21,12): warning CS1591: Missing XML comment for publicly visible type or member 'ProductsController.ProductsController(ProductService)' [/home/redrocket/task-factory/workdir/aspnet-spa-template/AspNetSpaTemplate.csproj]
/home/redrocket/task-factory/workdir/aspnet-spa-template/Controllers/ProductsController.cs(28,38): warning CS1591: Missing XML comment for publicly visible type or member 'ProductsController.GetProduct(int)' [/home/redrocket/task-factory/workdir/aspnet-spa-template/AspNetSpaTemplate.csproj]
/home/redrocket/task-factory/workdir/aspnet-spa-template/Controllers/ProductsController.cs(36,38): warning CS1591: Missing XML comment for publicly visible type or member 'ProductsController.GetProducts(int, int)' [/home/redrocket/task-factory/workdir/aspnet-spa-template/AspNetSpaTemplate.csproj]
/home/redrocket/task-factory/workdir/aspnet-spa-template/Controllers/ProductsController.cs(44,38): warning CS1591: Missing XML comment for publicly visible type or member 'ProductsController.GetProductsByCategory(ProductCategory, int, int)' [/home/redrocket/task-factory/workdir/aspnet-spa-template/AspNetSpaTemplate.csproj]
/home/redrocket/task-factory/workdir/aspnet-spa-template/Controllers/ProductsController.cs(52,38): warning CS1591: Missing XML comment for publicly visible type or member 'ProductsController.GetFeaturedProducts(int)' [/home/redrocket/task-factory/workdir/aspnet-spa-template/AspNetSpaTemplate.csproj]
/home/redrocket/task-factory/workdir/aspnet-spa-template/Controllers/ProductsController.cs(60,38): warning CS1591: Missing XML comment for publicly visible type or member 'ProductsController.GetTopRatedProducts(int)' [/home/redrocket/task-factory/workdir/aspnet-spa-template/AspNetSpaTemplate.csproj]
/home/redrocket/task-factory/workdir/aspnet-spa-template/Controllers/ProductsController.cs(68,38): warning CS1591: Missing XML comment for publicly visible type or member 'ProductsController.SearchProducts(string)' [/home/redrocket/task-factory/workdir/aspnet-spa-template/AspNetSpaTemplate.csproj]
/home/redrocket/task-factory/workdir/aspnet-spa-template/Controllers/ProductsController.cs(76,38): warning CS1591: Missing XML comment for publicly visible type or member 'ProductsController.CreateProduct(CreateProductRequest)' [/home/redrocket/task-factory/workdir/aspnet-spa-template/AspNetSpaTemplate.csproj]
/home/redrocket/task-factory/workdir/aspnet-spa-template/Controllers/ProductsController.cs(84,38): warning CS1591: Missing XML comment for publicly visible type or member 'ProductsController.UpdateProduct(int, UpdateProductRequest)' [/home/redrocket/task-factory/workdir/aspnet-spa-template/AspNetSpaTemplate.csproj]
/home/redrocket/task-factory/workdir/aspnet-spa-template/Controllers/ProductsController.cs(92,38): warning CS1591: Missing XML comment for publicly visible type or member 'ProductsController.SetAvailability(int, Dictionary<string, bool>)' [/home/redrocket/task-factory/workdir/aspnet-spa-template/AspNetSpaTemplate.csproj]
/home/redrocket/task-factory/workdir/aspnet-spa-template/Controllers/ProductsController.cs(103,38): warning CS1591: Missing XML comment for publicly visible type or member 'ProductsController.SetFeatured(int, Dictionary<string, bool>)' [/home/redrocket/task-factory/workdir/aspnet-spa-template/AspNetSpaTemplate.csproj]
/home/redrocket/task-factory/workdir/aspnet-spa-template/Controllers/ProductsController.cs(114,38): warning CS1591: Missing XML comment for publicly visible type or member 'ProductsController.DeleteProduct(int)' [/home/redrocket/task-factory/workdir/aspnet-spa-template/AspNetSpaTemplate.csproj]
/home/redrocket/task-factory/workdir/aspnet-spa-template/Controllers/UsersController.cs(20,12): warning CS1591: Missing XML comment for publicly visible type or member 'UsersController.UsersController(UserService)' [/home/redrocket/task-factory/workdir/aspnet-spa-template/AspNetSpaTemplate.csproj]
/home/redrocket/task-factory/workdir/aspnet-spa-template/Controllers/UsersController.cs(27,38): warning CS1591: Missing XML comment for publicly visible type or member 'UsersController.Register(CreateUserRequest)' [/home/redrocket/task-factory/workdir/aspnet-spa-template/AspNetSpaTemplate.csproj]
/home/redrocket/task-factory/workdir/aspnet-spa-template/Controllers/UsersController.cs(35,38): warning CS1591: Missing XML comment for publicly visible type or member 'UsersController.Login(LoginRequest)' [/home/redrocket/task-factory/workdir/aspnet-spa-template/AspNetSpaTemplate.csproj]
/home/redrocket/task-factory/workdir/aspnet-spa-template/Controllers/UsersController.cs(43,38): warning CS1591: Missing XML comment for publicly visible type or member 'UsersController.GetUser(int)' [/home/redrocket/task-factory/workdir/aspnet-spa-template/AspNetSpaTemplate.csproj]
/home/redrocket/task-factory/workdir/aspnet-spa-template/Controllers/UsersController.cs(51,38): warning CS1591: Missing XML comment for publicly visible type or member 'UsersController.GetProfile()' [/home/redrocket/task-factory/workdir/aspnet-spa-template/AspNetSpaTemplate.csproj]
/home/redrocket/task-factory/workdir/aspnet-spa-template/Controllers/UsersController.cs(63,38): warning CS1591: Missing XML comment for publicly visible type or member 'UsersController.UpdateUser(int, UpdateUserRequest)' [/home/redrocket/task-factory/workdir/aspnet-spa-template/AspNetSpaTemplate.csproj]
/home/redrocket/task-factory/workdir/aspnet-spa-template/Controllers/UsersController.cs(78,38): warning CS1591: Missing XML comment for publicly visible type or member 'UsersController.DeactivateUser(int)' [/home/redrocket/task-factory/workdir/aspnet-spa-template/AspNetSpaTemplate.csproj]
/home/redrocket/task-factory/workdir/aspnet-spa-template/Controllers/UsersController.cs(89,38): warning CS1591: Missing XML comment for publicly visible type or member 'UsersController.ActivateUser(int)' [/home/redrocket/task-factory/workdir/aspnet-spa-template/AspNetSpaTemplate.csproj]
/home/redrocket/task-factory/workdir/aspnet-spa-template/Controllers/UsersController.cs(100,38): warning CS1591: Missing XML comment for publicly visible type or member 'UsersController.GetAllUsers()' [/home/redrocket/task-factory/workdir/aspnet-spa-template/AspNetSpaTemplate.csproj]
/home/redrocket/task-factory/workdir/aspnet-spa-template/Controllers/UsersController.cs(108,38): warning CS1591: Missing XML comment for publicly visible type or member 'UsersController.GetRecentlyActiveUsers(int)' [/home/redrocket/task-factory/workdir/aspnet-spa-template/AspNetSpaTemplate.csproj]
/home/redrocket/task-factory/workdir/aspnet-spa-template/Controllers/WebhooksController.cs(24,12): warning CS1591: Missing XML comment for publicly visible type or member 'WebhooksController.WebhooksController(WebhookHandler, ILogger<WebhooksController>)' [/home/redrocket/task-factory/workdir/aspnet-spa-template/AspNetSpaTemplate.csproj]
/home/redrocket/task-factory/workdir/aspnet-spa-template/Data/AppDbContext.cs(17,12): warning CS1591: Missing XML comment for publicly visible type or member 'AppDbContext.AppDbContext(DbContextOptions<AppDbContext>)' [/home/redrocket/task-factory/workdir/aspnet-spa-template/AspNetSpaTemplate.csproj]
/home/redrocket/task-factory/workdir/aspnet-spa-template/Data/AppDbContext.cs(21,24): warning CS1591: Missing XML comment for publicly visible type or member 'AppDbContext.Users' [/home/redrocket/task-factory/workdir/aspnet-spa-template/AspNetSpaTemplate.csproj]
/home/redrocket/task-factory/workdir/aspnet-spa-template/Data/AppDbContext.cs(22,27): warning CS1591: Missing XML comment for publicly visible type or member 'AppDbContext.Products' [/home/redrocket/task-factory/workdir/aspnet-spa-template/AspNetSpaTemplate.csproj]
/home/redrocket/task-factory/workdir/aspnet-spa-template/Data/AppDbContext.cs(23,25): warning CS1591: Missing XML comment for publicly visible type or member 'AppDbContext.Orders' [/home/redrocket/task-factory/workdir/aspnet-spa-template/AspNetSpaTemplate.csproj]
/home/redrocket/task-factory/workdir/aspnet-spa-template/Data/AppDbContext.cs(24,29): warning CS1591: Missing XML comment for publicly visible type or member 'AppDbContext.OrderItems' [/home/redrocket/task-factory/workdir/aspnet-spa-template/AspNetSpaTemplate.csproj]
/home/redrocket/task-factory/workdir/aspnet-spa-template/Data/AppDbContext.cs(25,26): warning CS1591: Missing XML comment for publicly visible type or member 'AppDbContext.Reviews' [/home/redrocket/task-factory/workdir/aspnet-spa-template/AspNetSpaTemplate.csproj]
/home/redrocket/task-factory/workdir/aspnet-spa-template/Data/AppDbContext.cs(27,29): warning CS1591: Missing XML comment for publicly visible type or member 'AppDbContext.OnModelCreating(ModelBuilder)' [/home/redrocket/task-factory/workdir/aspnet-spa-template/AspNetSpaTemplate.csproj]
/home/redrocket/task-factory/workdir/aspnet-spa-template/Data/Repositories/OrderRepository.cs(18,12): warning CS1591: Missing XML comment for publicly visible type or member 'OrderRepository.OrderRepository(AppDbContext)' [/home/redrocket/task-factory/workdir/aspnet-spa-template/AspNetSpaTemplate.csproj]
/home/redrocket/task-factory/workdir/aspnet-spa-template/Data/Repositories/OrderRepository.cs(23,39): warning CS1591: Missing XML comment for publicly visible type or member 'OrderRepository.GetByOrderNumberAsync(string)' [/home/redrocket/task-factory/workdir/aspnet-spa-template/AspNetSpaTemplate.csproj]
/home/redrocket/task-factory/workdir/aspnet-spa-template/Data/Repositories/OrderRepository.cs(30,51): warning CS1591: Missing XML comment for publicly visible type or member 'OrderRepository.GetByUserIdAsync(int)' [/home/redrocket/task-factory/workdir/aspnet-spa-template/AspNetSpaTemplate.csproj]
/home/redrocket/task-factory/workdir/aspnet-spa-template/Data/Repositories/OrderRepository.cs(39,51): warning CS1591: Missing XML comment for publicly visible type or member 'OrderRepository.GetByStatusAsync(OrderStatus)' [/home/redrocket/task-factory/workdir/aspnet-spa-template/AspNetSpaTemplate.csproj]
/home/redrocket/task-factory/workdir/aspnet-spa-template/Data/Repositories/OrderRepository.cs(48,51): warning CS1591: Missing XML comment for publicly visible type or member 'OrderRepository.GetUserOrdersAsync(int, int, int)' [/home/redrocket/task-factory/workdir/aspnet-spa-template/AspNetSpaTemplate.csproj]
/home/redrocket/task-factory/workdir/aspnet-spa-template/Data/Repositories/OrderRepository.cs(59,51): warning CS1591: Missing XML comment for publicly visible type or member 'OrderRepository.GetRecentOrdersAsync(int)' [/home/redrocket/task-factory/workdir/aspnet-spa-template/AspNetSpaTemplate.csproj]
/home/redrocket/task-factory/workdir/aspnet-spa-template/Data/Repositories/OrderRepository.cs(69,51): warning CS1591: Missing XML comment for publicly visible type or member 'OrderRepository.GetPendingOrdersAsync()' [/home/redrocket/task-factory/workdir/aspnet-spa-template/AspNetSpaTemplate.csproj]
/home/redrocket/task-factory/workdir/aspnet-spa-template/Data/Repositories/OrderRepository.cs(78,40): warning CS1591: Missing XML comment for publicly visible type or member 'OrderRepository.GetTotalRevenueAsync()' [/home/redrocket/task-factory/workdir/aspnet-spa-template/AspNetSpaTemplate.csproj]
/home/redrocket/task-factory/workdir/aspnet-spa-template/Data/Repositories/OrderRepository.cs(85,40): warning CS1591: Missing XML comment for publicly visible type or member 'OrderRepository.GetTotalRevenueAsync(int)' [/home/redrocket/task-factory/workdir/aspnet-spa-template/AspNetSpaTemplate.csproj]
/home/redrocket/task-factory/workdir/aspnet-spa-template/Data/Repositories/OrderRepository.cs(95,36): warning CS1591: Missing XML comment for publicly visible type or member 'OrderRepository.GetOrderCountAsync(int)' [/home/redrocket/task-factory/workdir/aspnet-spa-template/AspNetSpaTemplate.csproj]
/home/redrocket/task-factory/workdir/aspnet-spa-template/Data/Repositories/OrderRepository.cs(100,40): warning CS1591: Missing XML comment for publicly visible type or member 'OrderRepository.GetAverageOrderValueAsync()' [/home/redrocket/task-factory/workdir/aspnet-spa-template/AspNetSpaTemplate.csproj]
/home/redrocket/task-factory/workdir/aspnet-spa-template/Data/Repositories/OrderRepository.cs(107,40): warning CS1591: Missing XML comment for publicly visible type or member 'OrderRepository.GetByIdAsync(int)' [/home/redrocket/task-factory/workdir/aspnet-spa-template/AspNetSpaTemplate.csproj]
/home/redrocket/task-factory/workdir/aspnet-spa-template/Data/Repositories/ProductRepository.cs(18,12): warning CS1591: Missing XML comment for publicly visible type or member 'ProductRepository.ProductRepository(AppDbContext)' [/home/redrocket/task-factory/workdir/aspnet-spa-template/AspNetSpaTemplate.csproj]
/home/redrocket/task-factory/workdir/aspnet-spa-template/Data/Repositories/ProductRepository.cs(23,53): warning CS1591: Missing XML comment for publicly visible type or member 'ProductRepository.GetByCategoryAsync(ProductCategory)' [/home/redrocket/task-factory/workdir/aspnet-spa-template/AspNetSpaTemplate.csproj]
/home/redrocket/task-factory/workdir/aspnet-spa-template/Data/Repositories/ProductRepository.cs(31,53): warning CS1591: Missing XML comment for publicly visible type or member 'ProductRepository.GetFeaturedProductsAsync(int)' [/home/redrocket/task-factory/workdir/aspnet-spa-template/AspNetSpaTemplate.csproj]
/home/redrocket/task-factory/workdir/aspnet-spa-template/Data/Repositories/ProductRepository.cs(40,53): warning CS1591: Missing XML comment for publicly visible type or member 'ProductRepository.GetTopRatedAsync(int)' [/home/redrocket/task-factory/workdir/aspnet-spa-template/AspNetSpaTemplate.csproj]
/home/redrocket/task-factory/workdir/aspnet-spa-template/Data/Repositories/ProductRepository.cs(50,53): warning CS1591: Missing XML comment for publicly visible type or member 'ProductRepository.GetInStockAsync()' [/home/redrocket/task-factory/workdir/aspnet-spa-template/AspNetSpaTemplate.csproj]
/home/redrocket/task-factory/workdir/aspnet-spa-template/Data/Repositories/ProductRepository.cs(57,53): warning CS1591: Missing XML comment for publicly visible type or member 'ProductRepository.GetLowStockAsync(int)' [/home/redrocket/task-factory/workdir/aspnet-spa-template/AspNetSpaTemplate.csproj]
/home/redrocket/task-factory/workdir/aspnet-spa-template/Data/Repositories/ProductRepository.cs(65,53): warning CS1591: Missing XML comment for publicly visible type or member 'ProductRepository.SearchAsync(string)' [/home/redrocket/task-factory/workdir/aspnet-spa-template/AspNetSpaTemplate.csproj]
/home/redrocket/task-factory/workdir/aspnet-spa-template/Data/Repositories/ProductRepository.cs(76,41): warning CS1591: Missing XML comment for publicly visible type or member 'ProductRepository.GetBySkuAsync(string)' [/home/redrocket/task-factory/workdir/aspnet-spa-template/AspNetSpaTemplate.csproj]
/home/redrocket/task-factory/workdir/aspnet-spa-template/Data/Repositories/ProductRepository.cs(81,53): warning CS1591: Missing XML comment for publicly visible type or member 'ProductRepository.GetPagedByCategoryAsync(ProductCategory, int, int)' [/home/redrocket/task-factory/workdir/aspnet-spa-template/AspNetSpaTemplate.csproj]
/home/redrocket/task-factory/workdir/aspnet-spa-template/Data/Repositories/ProductRepository.cs(91,40): warning CS1591: Missing XML comment for publicly visible type or member 'ProductRepository.GetAveragePriceAsync(ProductCategory)' [/home/redrocket/task-factory/workdir/aspnet-spa-template/AspNetSpaTemplate.csproj]
/home/redrocket/task-factory/workdir/aspnet-spa-template/Data/Repositories/ProductRepository.cs(98,36): warning CS1591: Missing XML comment for publicly visible type or member 'ProductRepository.GetAvailableProductCountAsync()' [/home/redrocket/task-factory/workdir/aspnet-spa-template/AspNetSpaTemplate.csproj]
/home/redrocket/task-factory/workdir/aspnet-spa-template/Data/Repositories/RepositoryBase.cs(18,37): warning CS1591: Missing XML comment for publicly visible type or member 'RepositoryBase<T>.Context' [/home/redrocket/task-factory/workdir/aspnet-spa-template/AspNetSpaTemplate.csproj]
/home/redrocket/task-factory/workdir/aspnet-spa-template/Data/Repositories/RepositoryBase.cs(19,33): warning CS1591: Missing XML comment for publicly visible type or member 'RepositoryBase<T>.DbSet' [/home/redrocket/task-factory/workdir/aspnet-spa-template/AspNetSpaTemplate.csproj]
/home/redrocket/task-factory/workdir/aspnet-spa-template/Data/Repositories/RepositoryBase.cs(21,15): warning CS1591: Missing XML comment for publicly visible type or member 'RepositoryBase<T>.RepositoryBase(AppDbContext)' [/home/redrocket/task-factory/workdir/aspnet-spa-template/AspNetSpaTemplate.csproj]
/home/redrocket/task-factory/workdir/aspnet-spa-template/Data/Repositories/RepositoryBase.cs(39,35): warning CS1591: Missing XML comment for publicly visible type or member 'RepositoryBase<T>.GetByIdAsync(int)' [/home/redrocket/task-factory/workdir/aspnet-spa-template/AspNetSpaTemplate.csproj]
/home/redrocket/task-factory/workdir/aspnet-spa-template/Data/Repositories/RepositoryBase.cs(44,47): warning CS1591: Missing XML comment for publicly visible type or member 'RepositoryBase<T>.GetAllAsync()' [/home/redrocket/task-factory/workdir/aspnet-spa-template/AspNetSpaTemplate.csproj]
/home/redrocket/task-factory/workdir/aspnet-spa-template/Data/Repositories/RepositoryBase.cs(49,47): warning CS1591: Missing XML comment for publicly visible type or member 'RepositoryBase<T>.FindAsync(Expression<Func<T, bool>>)' [/home/redrocket/task-factory/workdir/aspnet-spa-template/AspNetSpaTemplate.csproj]
/home/redrocket/task-factory/workdir/aspnet-spa-template/Data/Repositories/RepositoryBase.cs(54,35): warning CS1591: Missing XML comment for publicly visible type or member 'RepositoryBase<T>.FirstOrDefaultAsync(Expression<Func<T, bool>>)' [/home/redrocket/task-factory/workdir/aspnet-spa-template/AspNetSpaTemplate.csproj]
/home/redrocket/task-factory/workdir/aspnet-spa-template/Data/Repositories/RepositoryBase.cs(59,36): warning CS1591: Missing XML comment for publicly visible type or member 'RepositoryBase<T>.CountAsync(Expression<Func<T, bool>>?)' [/home/redrocket/task-factory/workdir/aspnet-spa-template/AspNetSpaTemplate.csproj]
/home/redrocket/task-factory/workdir/aspnet-spa-template/Data/Repositories/RepositoryBase.cs(66,37): warning CS1591: Missing XML comment for publicly visible type or member 'RepositoryBase<T>.ExistsAsync(Expression<Func<T, bool>>)' [/home/redrocket/task-factory/workdir/aspnet-spa-template/AspNetSpaTemplate.csproj]
/home/redrocket/task-factory/workdir/aspnet-spa-template/Data/Repositories/RepositoryBase.cs(71,47): warning CS1591: Missing XML comment for publicly visible type or member 'RepositoryBase<T>.GetPagedAsync(int, int, Expression<Func<T, bool>>?)' [/home/redrocket/task-factory/workdir/aspnet-spa-template/AspNetSpaTemplate.csproj]
/home/redrocket/task-factory/workdir/aspnet-spa-template/Data/Repositories/RepositoryBase.cs(80,25): warning CS1591: Missing XML comment for publicly visible type or member 'RepositoryBase<T>.Add(T)' [/home/redrocket/task-factory/workdir/aspnet-spa-template/AspNetSpaTemplate.csproj]
/home/redrocket/task-factory/workdir/aspnet-spa-template/Data/Repositories/RepositoryBase.cs(85,25): warning CS1591: Missing XML comment for publicly visible type or member 'RepositoryBase<T>.AddRange(IEnumerable<T>)' [/home/redrocket/task-factory/workdir/aspnet-spa-template/AspNetSpaTemplate.csproj]
/home/redrocket/task-factory/workdir/aspnet-spa-template/Data/Repositories/RepositoryBase.cs(90,25): warning CS1591: Missing XML comment for publicly visible type or member 'RepositoryBase<T>.Update(T)' [/home/redrocket/task-factory/workdir/aspnet-spa-template/AspNetSpaTemplate.csproj]
/home/redrocket/task-factory/workdir/aspnet-spa-template/Data/Repositories/RepositoryBase.cs(95,25): warning CS1591: Missing XML comment for publicly visible type or member 'RepositoryBase<T>.UpdateRange(IEnumerable<T>)' [/home/redrocket/task-factory/workdir/aspnet-spa-template/AspNetSpaTemplate.csproj]
/home/redrocket/task-factory/workdir/aspnet-spa-template/Data/Repositories/RepositoryBase.cs(100,25): warning CS1591: Missing XML comment for publicly visible type or member 'RepositoryBase<T>.Remove(T)' [/home/redrocket/task-factory/workdir/aspnet-spa-template/AspNetSpaTemplate.csproj]
/home/redrocket/task-factory/workdir/aspnet-spa-template/Data/Repositories/RepositoryBase.cs(105,25): warning CS1591: Missing XML comment for publicly visible type or member 'RepositoryBase<T>.RemoveRange(IEnumerable<T>)' [/home/redrocket/task-factory/workdir/aspnet-spa-template/AspNetSpaTemplate.csproj]
/home/redrocket/task-factory/workdir/aspnet-spa-template/Data/Repositories/RepositoryBase.cs(110,36): warning CS1591: Missing XML comment for publicly visible type or member 'RepositoryBase<T>.SaveChangesAsync()' [/home/redrocket/task-factory/workdir/aspnet-spa-template/AspNetSpaTemplate.csproj]
/home/redrocket/task-factory/workdir/aspnet-spa-template/Data/Repositories/UserRepository.cs(17,12): warning CS1591: Missing XML comment for publicly visible type or member 'UserRepository.UserRepository(AppDbContext)' [/home/redrocket/task-factory/workdir/aspnet-spa-template/AspNetSpaTemplate.csproj]
/home/redrocket/task-factory/workdir/aspnet-spa-template/Data/Repositories/UserRepository.cs(22,38): warning CS1591: Missing XML comment for publicly visible type or member 'UserRepository.GetByEmailAsync(string)' [/home/redrocket/task-factory/workdir/aspnet-spa-template/AspNetSpaTemplate.csproj]
/home/redrocket/task-factory/workdir/aspnet-spa-template/Data/Repositories/UserRepository.cs(27,50): warning CS1591: Missing XML comment for publicly visible type or member 'UserRepository.GetActiveUsersAsync()' [/home/redrocket/task-factory/workdir/aspnet-spa-template/AspNetSpaTemplate.csproj]
/home/redrocket/task-factory/workdir/aspnet-spa-template/Data/Repositories/UserRepository.cs(32,50): warning CS1591: Missing XML comment for publicly visible type or member 'UserRepository.GetVerifiedUsersAsync()' [/home/redrocket/task-factory/workdir/aspnet-spa-template/AspNetSpaTemplate.csproj]
/home/redrocket/task-factory/workdir/aspnet-spa-template/Data/Repositories/UserRepository.cs(37,50): warning CS1591: Missing XML comment for publicly visible type or member 'UserRepository.GetRecentlyActiveAsync(int)' [/home/redrocket/task-factory/workdir/aspnet-spa-template/AspNetSpaTemplate.csproj]
/home/redrocket/task-factory/workdir/aspnet-spa-template/Data/Repositories/UserRepository.cs(46,50): warning CS1591: Missing XML comment for publicly visible type or member 'UserRepository.GetUsersByCountryAsync(string)' [/home/redrocket/task-factory/workdir/aspnet-spa-template/AspNetSpaTemplate.csproj]
/home/redrocket/task-factory/workdir/aspnet-spa-template/Data/Repositories/UserRepository.cs(53,36): warning CS1591: Missing XML comment for publicly visible type or member 'UserRepository.GetUserCountAsync()' [/home/redrocket/task-factory/workdir/aspnet-spa-template/AspNetSpaTemplate.csproj]
/home/redrocket/task-factory/workdir/aspnet-spa-template/Data/Repositories/UserRepository.cs(58,36): warning CS1591: Missing XML comment for publicly visible type or member 'UserRepository.GetActiveUserCountAsync()' [/home/redrocket/task-factory/workdir/aspnet-spa-template/AspNetSpaTemplate.csproj]
/home/redrocket/task-factory/workdir/aspnet-spa-template/Data/Repositories/UserRepository.cs(63,37): warning CS1591: Missing XML comment for publicly visible type or member 'UserRepository.EmailExistsAsync(string)' [/home/redrocket/task-factory/workdir/aspnet-spa-template/AspNetSpaTemplate.csproj]
/home/redrocket/task-factory/workdir/aspnet-spa-template/DTOs/ApiResponse.cs(16,17): warning CS1591: Missing XML comment for publicly visible type or member 'ApiResponse<T>.Success' [/home/redrocket/task-factory/workdir/aspnet-spa-template/AspNetSpaTemplate.csproj]
/home/redrocket/task-factory/workdir/aspnet-spa-template/DTOs/ApiResponse.cs(17,15): warning CS1591: Missing XML comment for publicly visible type or member 'ApiResponse<T>.Data' [/home/redrocket/task-factory/workdir/aspnet-spa-template/AspNetSpaTemplate.csproj]
/home/redrocket/task-factory/workdir/aspnet-spa-template/DTOs/ApiResponse.cs(18,20): warning CS1591: Missing XML comment for publicly visible type or member 'ApiResponse<T>.Message' [/home/redrocket/task-factory/workdir/aspnet-spa-template/AspNetSpaTemplate.csproj]
/home/redrocket/task-factory/workdir/aspnet-spa-template/DTOs/ApiResponse.cs(19,20): warning CS1591: Missing XML comment for publicly visible type or member 'ApiResponse<T>.ErrorCode' [/home/redrocket/task-factory/workdir/aspnet-spa-template/AspNetSpaTemplate.csproj]
/home/redrocket/task-factory/workdir/aspnet-spa-template/DTOs/ApiResponse.cs(20,20): warning CS1591: Missing XML comment for publicly visible type or member 'ApiResponse<T>.TraceId' [/home/redrocket/task-factory/workdir/aspnet-spa-template/AspNetSpaTemplate.csproj]
/home/redrocket/task-factory/workdir/aspnet-spa-template/DTOs/ApiResponse.cs(21,21): warning CS1591: Missing XML comment for publicly visible type or member 'ApiResponse<T>.Timestamp' [/home/redrocket/task-factory/workdir/aspnet-spa-template/AspNetSpaTemplate.csproj]
/home/redrocket/task-factory/workdir/aspnet-spa-template/DTOs/ApiResponse.cs(22,40): warning CS1591: Missing XML comment for publicly visible type or member 'ApiResponse<T>.Metadata' [/home/redrocket/task-factory/workdir/aspnet-spa-template/AspNetSpaTemplate.csproj]
/home/redrocket/task-factory/workdir/aspnet-spa-template/DTOs/ApiResponse.cs(84,17): warning CS1591: Missing XML comment for publicly visible type or member 'ApiResponse.Success' [/home/redrocket/task-factory/workdir/aspnet-spa-template/AspNetSpaTemplate.csproj]
/home/redrocket/task-factory/workdir/aspnet-spa-template/DTOs/ApiResponse.cs(85,20): warning CS1591: Missing XML comment for publicly visible type or member 'ApiResponse.Message' [/home/redrocket/task-factory/workdir/aspnet-spa-template/AspNetSpaTemplate.csproj]
/home/redrocket/task-factory/workdir/aspnet-spa-template/DTOs/ApiResponse.cs(86,20): warning CS1591: Missing XML comment for publicly visible type or member 'ApiResponse.ErrorCode' [/home/redrocket/task-factory/workdir/aspnet-spa-template/AspNetSpaTemplate.csproj]
/home/redrocket/task-factory/workdir/aspnet-spa-template/DTOs/ApiResponse.cs(87,20): warning CS1591: Missing XML comment for publicly visible type or member 'ApiResponse.TraceId' [/home/redrocket/task-factory/workdir/aspnet-spa-template/AspNetSpaTemplate.csproj]
/home/redrocket/task-factory/workdir/aspnet-spa-template/DTOs/ApiResponse.cs(88,21): warning CS1591: Missing XML comment for publicly visible type or member 'ApiResponse.Timestamp' [/home/redrocket/task-factory/workdir/aspnet-spa-template/AspNetSpaTemplate.csproj]
/home/redrocket/task-factory/workdir/aspnet-spa-template/DTOs/ApiResponse.cs(90,31): warning CS1591: Missing XML comment for publicly visible type or member 'ApiResponse.Ok(string?)' [/home/redrocket/task-factory/workdir/aspnet-spa-template/AspNetSpaTemplate.csproj]
/home/redrocket/task-factory/workdir/aspnet-spa-template/DTOs/ApiResponse.cs(99,31): warning CS1591: Missing XML comment for publicly visible type or member 'ApiResponse.Error(string, string, string?)' [/home/redrocket/task-factory/workdir/aspnet-spa-template/AspNetSpaTemplate.csproj]
/home/redrocket/task-factory/workdir/aspnet-spa-template/DTOs/ApiResponse.cs(116,17): warning CS1591: Missing XML comment for publicly visible type or member 'ApiListResponse<T>.Success' [/home/redrocket/task-factory/workdir/aspnet-spa-template/AspNetSpaTemplate.csproj]
/home/redrocket/task-factory/workdir/aspnet-spa-template/DTOs/ApiResponse.cs(117,20): warning CS1591: Missing XML comment for publicly visible type or member 'ApiListResponse<T>.Items' [/home/redrocket/task-factory/workdir/aspnet-spa-template/AspNetSpaTemplate.csproj]
/home/redrocket/task-factory/workdir/aspnet-spa-template/DTOs/ApiResponse.cs(118,16): warning CS1591: Missing XML comment for publicly visible type or member 'ApiListResponse<T>.PageNumber' [/home/redrocket/task-factory/workdir/aspnet-spa-template/AspNetSpaTemplate.csproj]
/home/redrocket/task-factory/workdir/aspnet-spa-template/DTOs/ApiResponse.cs(119,16): warning CS1591: Missing XML comment for publicly visible type or member 'ApiListResponse<T>.PageSize' [/home/redrocket/task-factory/workdir/aspnet-spa-template/AspNetSpaTemplate.csproj]
/home/redrocket/task-factory/workdir/aspnet-spa-template/DTOs/ApiResponse.cs(120,16): warning CS1591: Missing XML comment for publicly visible type or member 'ApiListResponse<T>.TotalCount' [/home/redrocket/task-factory/workdir/aspnet-spa-template/AspNetSpaTemplate.csproj]
/home/redrocket/task-factory/workdir/aspnet-spa-template/DTOs/ApiResponse.cs(121,16): warning CS1591: Missing XML comment for publicly visible type or member 'ApiListResponse<T>.TotalPages' [/home/redrocket/task-factory/workdir/aspnet-spa-template/AspNetSpaTemplate.csproj]
/home/redrocket/task-factory/workdir/aspnet-spa-template/DTOs/ApiResponse.cs(122,20): warning CS1591: Missing XML comment for publicly visible type or member 'ApiListResponse<T>.Message' [/home/redrocket/task-factory/workdir/aspnet-spa-template/AspNetSpaTemplate.csproj]
/home/redrocket/task-factory/workdir/aspnet-spa-template/DTOs/ApiResponse.cs(123,21): warning CS1591: Missing XML comment for publicly visible type or member 'ApiListResponse<T>.Timestamp' [/home/redrocket/task-factory/workdir/aspnet-spa-template/AspNetSpaTemplate.csproj]
/home/redrocket/task-factory/workdir/aspnet-spa-template/DTOs/ApiResponse.cs(125,38): warning CS1591: Missing XML comment for publicly visible type or member 'ApiListResponse<T>.Ok(List<T>, int, int, int, string?)' [/home/redrocket/task-factory/workdir/aspnet-spa-template/AspNetSpaTemplate.csproj]
/home/redrocket/task-factory/workdir/aspnet-spa-template/DTOs/ApiResponse.cs(138,38): warning CS1591: Missing XML comment for publicly visible type or member 'ApiListResponse<T>.Empty(string?)' [/home/redrocket/task-factory/workdir/aspnet-spa-template/AspNetSpaTemplate.csproj]
/home/redrocket/task-factory/workdir/aspnet-spa-template/DTOs/ApiResponse.cs(157,17): warning CS1591: Missing XML comment for publicly visible type or member 'ApiBatchResponse.Success' [/home/redrocket/task-factory/workdir/aspnet-spa-template/AspNetSpaTemplate.csproj]
/home/redrocket/task-factory/workdir/aspnet-spa-template/DTOs/ApiResponse.cs(158,16): warning CS1591: Missing XML comment for publicly visible type or member 'ApiBatchResponse.TotalProcessed' [/home/redrocket/task-factory/workdir/aspnet-spa-template/AspNetSpaTemplate.csproj]
/home/redrocket/task-factory/workdir/aspnet-spa-template/DTOs/ApiResponse.cs(159,16): warning CS1591: Missing XML comment for publicly visible type or member 'ApiBatchResponse.SuccessCount' [/home/redrocket/task-factory/workdir/aspnet-spa-template/AspNetSpaTemplate.csproj]
/home/redrocket/task-factory/workdir/aspnet-spa-template/DTOs/ApiResponse.cs(160,16): warning CS1591: Missing XML comment for publicly visible type or member 'ApiBatchResponse.FailureCount' [/home/redrocket/task-factory/workdir/aspnet-spa-template/AspNetSpaTemplate.csproj]
/home/redrocket/task-factory/workdir/aspnet-spa-template/DTOs/ApiResponse.cs(161,38): warning CS1591: Missing XML comment for publicly visible type or member 'ApiBatchResponse.Errors' [/home/redrocket/task-factory/workdir/aspnet-spa-template/AspNetSpaTemplate.csproj]
/home/redrocket/task-factory/workdir/aspnet-spa-template/DTOs/ApiResponse.cs(162,20): warning CS1591: Missing XML comment for publicly visible type or member 'ApiBatchResponse.Message' [/home/redrocket/task-factory/workdir/aspnet-spa-template/AspNetSpaTemplate.csproj]
/home/redrocket/task-factory/workdir/aspnet-spa-template/DTOs/ApiResponse.cs(163,21): warning CS1591: Missing XML comment for publicly visible type or member 'ApiBatchResponse.Timestamp' [/home/redrocket/task-factory/workdir/aspnet-spa-template/AspNetSpaTemplate.csproj]
/home/redrocket/task-factory/workdir/aspnet-spa-template/DTOs/ApiResponse.cs(165,25): warning CS1591: Missing XML comment for publicly visible type or member 'ApiBatchResponse.BatchOperationError' [/home/redrocket/task-factory/workdir/aspnet-spa-template/AspNetSpaTemplate.csproj]
/home/redrocket/task-factory/workdir/aspnet-spa-template/DTOs/ApiResponse.cs(167,20): warning CS1591: Missing XML comment for publicly visible type or member 'ApiBatchResponse.BatchOperationError.ItemIndex' [/home/redrocket/task-factory/workdir/aspnet-spa-template/AspNetSpaTemplate.csproj]
/home/redrocket/task-factory/workdir/aspnet-spa-template/DTOs/ApiResponse.cs(168,23): warning CS1591: Missing XML comment for publicly visible type or member 'ApiBatchResponse.BatchOperationError.Message' [/home/redrocket/task-factory/workdir/aspnet-spa-template/AspNetSpaTemplate.csproj]
/home/redrocket/task-factory/workdir/aspnet-spa-template/DTOs/ApiResponse.cs(169,24): warning CS1591: Missing XML comment for publicly visible type or member 'ApiBatchResponse.BatchOperationError.ErrorCode' [/home/redrocket/task-factory/workdir/aspnet-spa-template/AspNetSpaTemplate.csproj]
/home/redrocket/task-factory/workdir/aspnet-spa-template/DTOs/ApiResponse.cs(178,19): warning CS1591: Missing XML comment for publicly visible type or member 'AsyncOperationResponse.OperationId' [/home/redrocket/task-factory/workdir/aspnet-spa-template/AspNetSpaTemplate.csproj]
/home/redrocket/task-factory/workdir/aspnet-spa-template/DTOs/ApiResponse.cs(179,19): warning CS1591: Missing XML comment for publicly visible type or member 'AsyncOperationResponse.Status' [/home/redrocket/task-factory/workdir/aspnet-spa-template/AspNetSpaTemplate.csproj]
/home/redrocket/task-factory/workdir/aspnet-spa-template/DTOs/ApiResponse.cs(180,17): warning CS1591: Missing XML comment for publicly visible type or member 'AsyncOperationResponse.PercentComplete' [/home/redrocket/task-factory/workdir/aspnet-spa-template/AspNetSpaTemplate.csproj]
/home/redrocket/task-factory/workdir/aspnet-spa-template/DTOs/ApiResponse.cs(181,20): warning CS1591: Missing XML comment for publicly visible type or member 'AsyncOperationResponse.ResultUrl' [/home/redrocket/task-factory/workdir/aspnet-spa-template/AspNetSpaTemplate.csproj]
/home/redrocket/task-factory/workdir/aspnet-spa-template/DTOs/ApiResponse.cs(182,20): warning CS1591: Missing XML comment for publicly visible type or member 'AsyncOperationResponse.ErrorMessage' [/home/redrocket/task-factory/workdir/aspnet-spa-template/AspNetSpaTemplate.csproj]
/home/redrocket/task-factory/workdir/aspnet-spa-template/DTOs/ApiResponse.cs(183,21): warning CS1591: Missing XML comment for publicly visible type or member 'AsyncOperationResponse.CreatedAt' [/home/redrocket/task-factory/workdir/aspnet-spa-template/AspNetSpaTemplate.csproj]
/home/redrocket/task-factory/workdir/aspnet-spa-template/DTOs/ApiResponse.cs(184,22): warning CS1591: Missing XML comment for publicly visible type or member 'AsyncOperationResponse.CompletedAt' [/home/redrocket/task-factory/workdir/aspnet-spa-template/AspNetSpaTemplate.csproj]
/home/redrocket/task-factory/workdir/aspnet-spa-template/DTOs/ApiResponse.cs(186,22): warning CS1591: Missing XML comment for publicly visible type or member 'AsyncOperationResponse.ElapsedTime' [/home/redrocket/task-factory/workdir/aspnet-spa-template/AspNetSpaTemplate.csproj]
/home/redrocket/task-factory/workdir/aspnet-spa-template/DTOs/CreateOrderRequest.cs(14,16): warning CS1591: Missing XML comment for publicly visible type or member 'OrderItemRequest.ProductId' [/home/redrocket/task-factory/workdir/aspnet-spa-template/AspNetSpaTemplate.csproj]
/home/redrocket/task-factory/workdir/aspnet-spa-template/DTOs/CreateOrderRequest.cs(15,16): warning CS1591: Missing XML comment for publicly visible type or member 'OrderItemRequest.Quantity' [/home/redrocket/task-factory/workdir/aspnet-spa-template/AspNetSpaTemplate.csproj]
/home/redrocket/task-factory/workdir/aspnet-spa-template/DTOs/CreateOrderRequest.cs(23,35): warning CS1591: Missing XML comment for publicly visible type or member 'CreateOrderRequest.Items' [/home/redrocket/task-factory/workdir/aspnet-spa-template/AspNetSpaTemplate.csproj]
/home/redrocket/task-factory/workdir/aspnet-spa-template/DTOs/CreateOrderRequest.cs(24,20): warning CS1591: Missing XML comment for publicly visible type or member 'CreateOrderRequest.ShippingAddress' [/home/redrocket/task-factory/workdir/aspnet-spa-template/AspNetSpaTemplate.csproj]
/home/redrocket/task-factory/workdir/aspnet-spa-template/DTOs/CreateOrderRequest.cs(25,20): warning CS1591: Missing XML comment for publicly visible type or member 'CreateOrderRequest.BillingAddress' [/home/redrocket/task-factory/workdir/aspnet-spa-template/AspNetSpaTemplate.csproj]
/home/redrocket/task-factory/workdir/aspnet-spa-template/DTOs/CreateOrderRequest.cs(26,20): warning CS1591: Missing XML comment for publicly visible type or member 'CreateOrderRequest.Notes' [/home/redrocket/task-factory/workdir/aspnet-spa-template/AspNetSpaTemplate.csproj]
/home/redrocket/task-factory/workdir/aspnet-spa-template/DTOs/CreateOrderRequest.cs(34,16): warning CS1591: Missing XML comment for publicly visible type or member 'OrderItemResponse.Id' [/home/redrocket/task-factory/workdir/aspnet-spa-template/AspNetSpaTemplate.csproj]
/home/redrocket/task-factory/workdir/aspnet-spa-template/DTOs/CreateOrderRequest.cs(35,16): warning CS1591: Missing XML comment for publicly visible type or member 'OrderItemResponse.ProductId' [/home/redrocket/task-factory/workdir/aspnet-spa-template/AspNetSpaTemplate.csproj]
/home/redrocket/task-factory/workdir/aspnet-spa-template/DTOs/CreateOrderRequest.cs(36,19): warning CS1591: Missing XML comment for publicly visible type or member 'OrderItemResponse.ProductName' [/home/redrocket/task-factory/workdir/aspnet-spa-template/AspNetSpaTemplate.csproj]
/home/redrocket/task-factory/workdir/aspnet-spa-template/DTOs/CreateOrderRequest.cs(37,16): warning CS1591: Missing XML comment for publicly visible type or member 'OrderItemResponse.Quantity' [/home/redrocket/task-factory/workdir/aspnet-spa-template/AspNetSpaTemplate.csproj]
/home/redrocket/task-factory/workdir/aspnet-spa-template/DTOs/CreateOrderRequest.cs(38,20): warning CS1591: Missing XML comment for publicly visible type or member 'OrderItemResponse.UnitPrice' [/home/redrocket/task-factory/workdir/aspnet-spa-template/AspNetSpaTemplate.csproj]
/home/redrocket/task-factory/workdir/aspnet-spa-template/DTOs/CreateOrderRequest.cs(39,20): warning CS1591: Missing XML comment for publicly visible type or member 'OrderItemResponse.TaxAmount' [/home/redrocket/task-factory/workdir/aspnet-spa-template/AspNetSpaTemplate.csproj]
/home/redrocket/task-factory/workdir/aspnet-spa-template/DTOs/CreateOrderRequest.cs(40,20): warning CS1591: Missing XML comment for publicly visible type or member 'OrderItemResponse.Discount' [/home/redrocket/task-factory/workdir/aspnet-spa-template/AspNetSpaTemplate.csproj]
/home/redrocket/task-factory/workdir/aspnet-spa-template/DTOs/CreateOrderRequest.cs(41,20): warning CS1591: Missing XML comment for publicly visible type or member 'OrderItemResponse.Total' [/home/redrocket/task-factory/workdir/aspnet-spa-template/AspNetSpaTemplate.csproj]
/home/redrocket/task-factory/workdir/aspnet-spa-template/DTOs/CreateOrderRequest.cs(49,16): warning CS1591: Missing XML comment for publicly visible type or member 'OrderResponse.Id' [/home/redrocket/task-factory/workdir/aspnet-spa-template/AspNetSpaTemplate.csproj]
/home/redrocket/task-factory/workdir/aspnet-spa-template/DTOs/CreateOrderRequest.cs(50,19): warning CS1591: Missing XML comment for publicly visible type or member 'OrderResponse.OrderNumber' [/home/redrocket/task-factory/workdir/aspnet-spa-template/AspNetSpaTemplate.csproj]
/home/redrocket/task-factory/workdir/aspnet-spa-template/DTOs/CreateOrderRequest.cs(51,19): warning CS1591: Missing XML comment for publicly visible type or member 'OrderResponse.Status' [/home/redrocket/task-factory/workdir/aspnet-spa-template/AspNetSpaTemplate.csproj]
/home/redrocket/task-factory/workdir/aspnet-spa-template/DTOs/CreateOrderRequest.cs(52,20): warning CS1591: Missing XML comment for publicly visible type or member 'OrderResponse.SubTotal' [/home/redrocket/task-factory/workdir/aspnet-spa-template/AspNetSpaTemplate.csproj]
/home/redrocket/task-factory/workdir/aspnet-spa-template/DTOs/CreateOrderRequest.cs(53,20): warning CS1591: Missing XML comment for publicly visible type or member 'OrderResponse.TaxAmount' [/home/redrocket/task-factory/workdir/aspnet-spa-template/AspNetSpaTemplate.csproj]
/home/redrocket/task-factory/workdir/aspnet-spa-template/DTOs/CreateOrderRequest.cs(54,20): warning CS1591: Missing XML comment for publicly visible type or member 'OrderResponse.ShippingCost' [/home/redrocket/task-factory/workdir/aspnet-spa-template/AspNetSpaTemplate.csproj]
/home/redrocket/task-factory/workdir/aspnet-spa-template/DTOs/CreateOrderRequest.cs(55,20): warning CS1591: Missing XML comment for publicly visible type or member 'OrderResponse.Discount' [/home/redrocket/task-factory/workdir/aspnet-spa-template/AspNetSpaTemplate.csproj]
/home/redrocket/task-factory/workdir/aspnet-spa-template/DTOs/CreateOrderRequest.cs(56,20): warning CS1591: Missing XML comment for publicly visible type or member 'OrderResponse.Total' [/home/redrocket/task-factory/workdir/aspnet-spa-template/AspNetSpaTemplate.csproj]
/home/redrocket/task-factory/workdir/aspnet-spa-template/DTOs/CreateOrderRequest.cs(57,20): warning CS1591: Missing XML comment for publicly visible type or member 'OrderResponse.ShippingAddress' [/home/redrocket/task-factory/workdir/aspnet-spa-template/AspNetSpaTemplate.csproj]
/home/redrocket/task-factory/workdir/aspnet-spa-template/DTOs/CreateOrderRequest.cs(58,20): warning CS1591: Missing XML comment for publicly visible type or member 'OrderResponse.Notes' [/home/redrocket/task-factory/workdir/aspnet-spa-template/AspNetSpaTemplate.csproj]
/home/redrocket/task-factory/workdir/aspnet-spa-template/DTOs/CreateOrderRequest.cs(59,21): warning CS1591: Missing XML comment for publicly visible type or member 'OrderResponse.OrderedAt' [/home/redrocket/task-factory/workdir/aspnet-spa-template/AspNetSpaTemplate.csproj]
/home/redrocket/task-factory/workdir/aspnet-spa-template/DTOs/CreateOrderRequest.cs(60,22): warning CS1591: Missing XML comment for publicly visible type or member 'OrderResponse.ShippedAt' [/home/redrocket/task-factory/workdir/aspnet-spa-template/AspNetSpaTemplate.csproj]
/home/redrocket/task-factory/workdir/aspnet-spa-template/DTOs/CreateOrderRequest.cs(61,22): warning CS1591: Missing XML comment for publicly visible type or member 'OrderResponse.DeliveredAt' [/home/redrocket/task-factory/workdir/aspnet-spa-template/AspNetSpaTemplate.csproj]
/home/redrocket/task-factory/workdir/aspnet-spa-template/DTOs/CreateOrderRequest.cs(62,36): warning CS1591: Missing XML comment for publicly visible type or member 'OrderResponse.Items' [/home/redrocket/task-factory/workdir/aspnet-spa-template/AspNetSpaTemplate.csproj]
/home/redrocket/task-factory/workdir/aspnet-spa-template/DTOs/CreateOrderRequest.cs(70,20): warning CS1591: Missing XML comment for publicly visible type or member 'ApplyDiscountRequest.DiscountAmount' [/home/redrocket/task-factory/workdir/aspnet-spa-template/AspNetSpaTemplate.csproj]
/home/redrocket/task-factory/workdir/aspnet-spa-template/DTOs/CreateOrderRequest.cs(78,19): warning CS1591: Missing XML comment for publicly visible type or member 'UpdateOrderStatusRequest.Status' [/home/redrocket/task-factory/workdir/aspnet-spa-template/AspNetSpaTemplate.csproj]
/home/redrocket/task-factory/workdir/aspnet-spa-template/DTOs/CreateOrderRequest.cs(79,20): warning CS1591: Missing XML comment for publicly visible type or member 'UpdateOrderStatusRequest.TrackingNumber' [/home/redrocket/task-factory/workdir/aspnet-spa-template/AspNetSpaTemplate.csproj]
/home/redrocket/task-factory/workdir/aspnet-spa-template/DTOs/CreateProductRequest.cs(16,19): warning CS1591: Missing XML comment for publicly visible type or member 'CreateProductRequest.Name' [/home/redrocket/task-factory/workdir/aspnet-spa-template/AspNetSpaTemplate.csproj]
/home/redrocket/task-factory/workdir/aspnet-spa-template/DTOs/CreateProductRequest.cs(17,19): warning CS1591: Missing XML comment for publicly visible type or member 'CreateProductRequest.Description' [/home/redrocket/task-factory/workdir/aspnet-spa-template/AspNetSpaTemplate.csproj]
/home/redrocket/task-factory/workdir/aspnet-spa-template/DTOs/CreateProductRequest.cs(18,20): warning CS1591: Missing XML comment for publicly visible type or member 'CreateProductRequest.Price' [/home/redrocket/task-factory/workdir/aspnet-spa-template/AspNetSpaTemplate.csproj]
/home/redrocket/task-factory/workdir/aspnet-spa-template/DTOs/CreateProductRequest.cs(19,16): warning CS1591: Missing XML comment for publicly visible type or member 'CreateProductRequest.StockQuantity' [/home/redrocket/task-factory/workdir/aspnet-spa-template/AspNetSpaTemplate.csproj]
/home/redrocket/task-factory/workdir/aspnet-spa-template/DTOs/CreateProductRequest.cs(20,28): warning CS1591: Missing XML comment for publicly visible type or member 'CreateProductRequest.Category' [/home/redrocket/task-factory/workdir/aspnet-spa-template/AspNetSpaTemplate.csproj]
/home/redrocket/task-factory/workdir/aspnet-spa-template/DTOs/CreateProductRequest.cs(21,20): warning CS1591: Missing XML comment for publicly visible type or member 'CreateProductRequest.ImageUrl' [/home/redrocket/task-factory/workdir/aspnet-spa-template/AspNetSpaTemplate.csproj]
/home/redrocket/task-factory/workdir/aspnet-spa-template/DTOs/CreateProductRequest.cs(22,20): warning CS1591: Missing XML comment for publicly visible type or member 'CreateProductRequest.Sku' [/home/redrocket/task-factory/workdir/aspnet-spa-template/AspNetSpaTemplate.csproj]
/home/redrocket/task-factory/workdir/aspnet-spa-template/DTOs/CreateUserRequest.cs(14,19): warning CS1591: Missing XML comment for publicly visible type or member 'CreateUserRequest.FirstName' [/home/redrocket/task-factory/workdir/aspnet-spa-template/AspNetSpaTemplate.csproj]
/home/redrocket/task-factory/workdir/aspnet-spa-template/DTOs/CreateUserRequest.cs(15,19): warning CS1591: Missing XML comment for publicly visible type or member 'CreateUserRequest.LastName' [/home/redrocket/task-factory/workdir/aspnet-spa-template/AspNetSpaTemplate.csproj]
/home/redrocket/task-factory/workdir/aspnet-spa-template/DTOs/CreateUserRequest.cs(16,19): warning CS1591: Missing XML comment for publicly visible type or member 'CreateUserRequest.Email' [/home/redrocket/task-factory/workdir/aspnet-spa-template/AspNetSpaTemplate.csproj]
/home/redrocket/task-factory/workdir/aspnet-spa-template/DTOs/CreateUserRequest.cs(17,19): warning CS1591: Missing XML comment for publicly visible type or member 'CreateUserRequest.Password' [/home/redrocket/task-factory/workdir/aspnet-spa-template/AspNetSpaTemplate.csproj]
/home/redrocket/task-factory/workdir/aspnet-spa-template/DTOs/CreateUserRequest.cs(18,20): warning CS1591: Missing XML comment for publicly visible type or member 'CreateUserRequest.PhoneNumber' [/home/redrocket/task-factory/workdir/aspnet-spa-template/AspNetSpaTemplate.csproj]
/home/redrocket/task-factory/workdir/aspnet-spa-template/DTOs/CreateUserRequest.cs(19,20): warning CS1591: Missing XML comment for publicly visible type or member 'CreateUserRequest.Address' [/home/redrocket/task-factory/workdir/aspnet-spa-template/AspNetSpaTemplate.csproj]
/home/redrocket/task-factory/workdir/aspnet-spa-template/DTOs/CreateUserRequest.cs(20,20): warning CS1591: Missing XML comment for publicly visible type or member 'CreateUserRequest.City' [/home/redrocket/task-factory/workdir/aspnet-spa-template/AspNetSpaTemplate.csproj]
/home/redrocket/task-factory/workdir/aspnet-spa-template/DTOs/CreateUserRequest.cs(21,20): warning CS1591: Missing XML comment for publicly visible type or member 'CreateUserRequest.PostalCode' [/home/redrocket/task-factory/workdir/aspnet-spa-template/AspNetSpaTemplate.csproj]
/home/redrocket/task-factory/workdir/aspnet-spa-template/DTOs/CreateUserRequest.cs(22,20): warning CS1591: Missing XML comment for publicly visible type or member 'CreateUserRequest.Country' [/home/redrocket/task-factory/workdir/aspnet-spa-template/AspNetSpaTemplate.csproj]
/home/redrocket/task-factory/workdir/aspnet-spa-template/DTOs/CreateUserRequest.cs(30,19): warning CS1591: Missing XML comment for publicly visible type or member 'UpdateUserRequest.FirstName' [/home/redrocket/task-factory/workdir/aspnet-spa-template/AspNetSpaTemplate.csproj]
/home/redrocket/task-factory/workdir/aspnet-spa-template/DTOs/CreateUserRequest.cs(31,19): warning CS1591: Missing XML comment for publicly visible type or member 'UpdateUserRequest.LastName' [/home/redrocket/task-factory/workdir/aspnet-spa-template/AspNetSpaTemplate.csproj]
/home/redrocket/task-factory/workdir/aspnet-spa-template/DTOs/CreateUserRequest.cs(32,20): warning CS1591: Missing XML comment for publicly visible type or member 'UpdateUserRequest.PhoneNumber' [/home/redrocket/task-factory/workdir/aspnet-spa-template/AspNetSpaTemplate.csproj]
/home/redrocket/task-factory/workdir/aspnet-spa-template/DTOs/CreateUserRequest.cs(33,20): warning CS1591: Missing XML comment for publicly visible type or member 'UpdateUserRequest.Address' [/home/redrocket/task-factory/workdir/aspnet-spa-template/AspNetSpaTemplate.csproj]
/home/redrocket/task-factory/workdir/aspnet-spa-template/DTOs/CreateUserRequest.cs(34,20): warning CS1591: Missing XML comment for publicly visible type or member 'UpdateUserRequest.City' [/home/redrocket/task-factory/workdir/aspnet-spa-template/AspNetSpaTemplate.csproj]
/home/redrocket/task-factory/workdir/aspnet-spa-template/DTOs/CreateUserRequest.cs(35,20): warning CS1591: Missing XML comment for publicly visible type or member 'UpdateUserRequest.PostalCode' [/home/redrocket/task-factory/workdir/aspnet-spa-template/AspNetSpaTemplate.csproj]
/home/redrocket/task-factory/workdir/aspnet-spa-template/DTOs/CreateUserRequest.cs(36,20): warning CS1591: Missing XML comment for publicly visible type or member 'UpdateUserRequest.Country' [/home/redrocket/task-factory/workdir/aspnet-spa-template/AspNetSpaTemplate.csproj]
/home/redrocket/task-factory/workdir/aspnet-spa-template/DTOs/CreateUserRequest.cs(44,16): warning CS1591: Missing XML comment for publicly visible type or member 'UserResponse.Id' [/home/redrocket/task-factory/workdir/aspnet-spa-template/AspNetSpaTemplate.csproj]
/home/redrocket/task-factory/workdir/aspnet-spa-template/DTOs/CreateUserRequest.cs(45,19): warning CS1591: Missing XML comment for publicly visible type or member 'UserResponse.FirstName' [/home/redrocket/task-factory/workdir/aspnet-spa-template/AspNetSpaTemplate.csproj]
/home/redrocket/task-factory/workdir/aspnet-spa-template/DTOs/CreateUserRequest.cs(46,19): warning CS1591: Missing XML comment for publicly visible type or member 'UserResponse.LastName' [/home/redrocket/task-factory/workdir/aspnet-spa-template/AspNetSpaTemplate.csproj]
/home/redrocket/task-factory/workdir/aspnet-spa-template/DTOs/CreateUserRequest.cs(47,19): warning CS1591: Missing XML comment for publicly visible type or member 'UserResponse.Email' [/home/redrocket/task-factory/workdir/aspnet-spa-template/AspNetSpaTemplate.csproj]
/home/redrocket/task-factory/workdir/aspnet-spa-template/DTOs/CreateUserRequest.cs(48,20): warning CS1591: Missing XML comment for publicly visible type or member 'UserResponse.PhoneNumber' [/home/redrocket/task-factory/workdir/aspnet-spa-template/AspNetSpaTemplate.csproj]
/home/redrocket/task-factory/workdir/aspnet-spa-template/DTOs/CreateUserRequest.cs(49,20): warning CS1591: Missing XML comment for publicly visible type or member 'UserResponse.Address' [/home/redrocket/task-factory/workdir/aspnet-spa-template/AspNetSpaTemplate.csproj]
/home/redrocket/task-factory/workdir/aspnet-spa-template/DTOs/CreateUserRequest.cs(50,20): warning CS1591: Missing XML comment for publicly visible type or member 'UserResponse.City' [/home/redrocket/task-factory/workdir/aspnet-spa-template/AspNetSpaTemplate.csproj]
/home/redrocket/task-factory/workdir/aspnet-spa-template/DTOs/CreateUserRequest.cs(51,20): warning CS1591: Missing XML comment for publicly visible type or member 'UserResponse.PostalCode' [/home/redrocket/task-factory/workdir/aspnet-spa-template/AspNetSpaTemplate.csproj]
/home/redrocket/task-factory/workdir/aspnet-spa-template/DTOs/CreateUserRequest.cs(52,20): warning CS1591: Missing XML comment for publicly visible type or member 'UserResponse.Country' [/home/redrocket/task-factory/workdir/aspnet-spa-template/AspNetSpaTemplate.csproj]
/home/redrocket/task-factory/workdir/aspnet-spa-template/DTOs/CreateUserRequest.cs(53,17): warning CS1591: Missing XML comment for publicly visible type or member 'UserResponse.IsActive' [/home/redrocket/task-factory/workdir/aspnet-spa-template/AspNetSpaTemplate.csproj]
/home/redrocket/task-factory/workdir/aspnet-spa-template/DTOs/CreateUserRequest.cs(54,17): warning CS1591: Missing XML comment for publicly visible type or member 'UserResponse.IsEmailVerified' [/home/redrocket/task-factory/workdir/aspnet-spa-template/AspNetSpaTemplate.csproj]
/home/redrocket/task-factory/workdir/aspnet-spa-template/DTOs/CreateUserRequest.cs(55,21): warning CS1591: Missing XML comment for publicly visible type or member 'UserResponse.CreatedAt' [/home/redrocket/task-factory/workdir/aspnet-spa-template/AspNetSpaTemplate.csproj]
/home/redrocket/task-factory/workdir/aspnet-spa-template/DTOs/CreateUserRequest.cs(56,22): warning CS1591: Missing XML comment for publicly visible type or member 'UserResponse.LastLoginAt' [/home/redrocket/task-factory/workdir/aspnet-spa-template/AspNetSpaTemplate.csproj]
/home/redrocket/task-factory/workdir/aspnet-spa-template/DTOs/CreateUserRequest.cs(64,19): warning CS1591: Missing XML comment for publicly visible type or member 'LoginRequest.Email' [/home/redrocket/task-factory/workdir/aspnet-spa-template/AspNetSpaTemplate.csproj]
/home/redrocket/task-factory/workdir/aspnet-spa-template/DTOs/CreateUserRequest.cs(65,19): warning CS1591: Missing XML comment for publicly visible type or member 'LoginRequest.Password' [/home/redrocket/task-factory/workdir/aspnet-spa-template/AspNetSpaTemplate.csproj]
/home/redrocket/task-factory/workdir/aspnet-spa-template/DTOs/CreateUserRequest.cs(73,16): warning CS1591: Missing XML comment for publicly visible type or member 'LoginResponse.UserId' [/home/redrocket/task-factory/workdir/aspnet-spa-template/AspNetSpaTemplate.csproj]
/home/redrocket/task-factory/workdir/aspnet-spa-template/DTOs/CreateUserRequest.cs(74,19): warning CS1591: Missing XML comment for publicly visible type or member 'LoginResponse.Email' [/home/redrocket/task-factory/workdir/aspnet-spa-template/AspNetSpaTemplate.csproj]
/home/redrocket/task-factory/workdir/aspnet-spa-template/DTOs/CreateUserRequest.cs(75,19): warning CS1591: Missing XML comment for publicly visible type or member 'LoginResponse.FullName' [/home/redrocket/task-factory/workdir/aspnet-spa-template/AspNetSpaTemplate.csproj]
/home/redrocket/task-factory/workdir/aspnet-spa-template/DTOs/CreateUserRequest.cs(76,19): warning CS1591: Missing XML comment for publicly visible type or member 'LoginResponse.Token' [/home/redrocket/task-factory/workdir/aspnet-spa-template/AspNetSpaTemplate.csproj]
/home/redrocket/task-factory/workdir/aspnet-spa-template/DTOs/ErrorResponse.cs(14,19): warning CS1591: Missing XML comment for publicly visible type or member 'ErrorResponse.Message' [/home/redrocket/task-factory/workdir/aspnet-spa-template/AspNetSpaTemplate.csproj]
/home/redrocket/task-factory/workdir/aspnet-spa-template/DTOs/ErrorResponse.cs(15,20): warning CS1591: Missing XML comment for publicly visible type or member 'ErrorResponse.ErrorCode' [/home/redrocket/task-factory/workdir/aspnet-spa-template/AspNetSpaTemplate.csproj]
/home/redrocket/task-factory/workdir/aspnet-spa-template/DTOs/ErrorResponse.cs(16,46): warning CS1591: Missing XML comment for publicly visible type or member 'ErrorResponse.Errors' [/home/redrocket/task-factory/workdir/aspnet-spa-template/AspNetSpaTemplate.csproj]
/home/redrocket/task-factory/workdir/aspnet-spa-template/DTOs/ErrorResponse.cs(17,20): warning CS1591: Missing XML comment for publicly visible type or member 'ErrorResponse.TraceId' [/home/redrocket/task-factory/workdir/aspnet-spa-template/AspNetSpaTemplate.csproj]
/home/redrocket/task-factory/workdir/aspnet-spa-template/DTOs/ErrorResponse.cs(18,16): warning CS1591: Missing XML comment for publicly visible type or member 'ErrorResponse.StatusCode' [/home/redrocket/task-factory/workdir/aspnet-spa-template/AspNetSpaTemplate.csproj]
/home/redrocket/task-factory/workdir/aspnet-spa-template/DTOs/ErrorResponse.cs(19,21): warning CS1591: Missing XML comment for publicly visible type or member 'ErrorResponse.Timestamp' [/home/redrocket/task-factory/workdir/aspnet-spa-template/AspNetSpaTemplate.csproj]
/home/redrocket/task-factory/workdir/aspnet-spa-template/DTOs/ErrorResponse.cs(21,12): warning CS1591: Missing XML comment for publicly visible type or member 'ErrorResponse.ErrorResponse()' [/home/redrocket/task-factory/workdir/aspnet-spa-template/AspNetSpaTemplate.csproj]
/home/redrocket/task-factory/workdir/aspnet-spa-template/DTOs/ErrorResponse.cs(23,12): warning CS1591: Missing XML comment for publicly visible type or member 'ErrorResponse.ErrorResponse(string, int)' [/home/redrocket/task-factory/workdir/aspnet-spa-template/AspNetSpaTemplate.csproj]
/home/redrocket/task-factory/workdir/aspnet-spa-template/DTOs/ErrorResponse.cs(29,12): warning CS1591: Missing XML comment for publicly visible type or member 'ErrorResponse.ErrorResponse(string, string, int)' [/home/redrocket/task-factory/workdir/aspnet-spa-template/AspNetSpaTemplate.csproj]
/home/redrocket/task-factory/workdir/aspnet-spa-template/DTOs/ErrorResponse.cs(36,12): warning CS1591: Missing XML comment for publicly visible type or member 'ErrorResponse.ErrorResponse(string, Dictionary<string, List<string>>, int)' [/home/redrocket/task-factory/workdir/aspnet-spa-template/AspNetSpaTemplate.csproj]
/home/redrocket/task-factory/workdir/aspnet-spa-template/DTOs/ErrorResponse.cs(49,15): warning CS1591: Missing XML comment for publicly visible type or member 'SuccessResponse<T>.Data' [/home/redrocket/task-factory/workdir/aspnet-spa-template/AspNetSpaTemplate.csproj]
/home/redrocket/task-factory/workdir/aspnet-spa-template/DTOs/ErrorResponse.cs(50,17): warning CS1591: Missing XML comment for publicly visible type or member 'SuccessResponse<T>.Success' [/home/redrocket/task-factory/workdir/aspnet-spa-template/AspNetSpaTemplate.csproj]
/home/redrocket/task-factory/workdir/aspnet-spa-template/DTOs/ErrorResponse.cs(51,19): warning CS1591: Missing XML comment for publicly visible type or member 'SuccessResponse<T>.Message' [/home/redrocket/task-factory/workdir/aspnet-spa-template/AspNetSpaTemplate.csproj]
/home/redrocket/task-factory/workdir/aspnet-spa-template/DTOs/ErrorResponse.cs(53,12): warning CS1591: Missing XML comment for publicly visible type or member 'SuccessResponse<T>.SuccessResponse()' [/home/redrocket/task-factory/workdir/aspnet-spa-template/AspNetSpaTemplate.csproj]
/home/redrocket/task-factory/workdir/aspnet-spa-template/DTOs/ErrorResponse.cs(55,12): warning CS1591: Missing XML comment for publicly visible type or member 'SuccessResponse<T>.SuccessResponse(T)' [/home/redrocket/task-factory/workdir/aspnet-spa-template/AspNetSpaTemplate.csproj]
/home/redrocket/task-factory/workdir/aspnet-spa-template/DTOs/ErrorResponse.cs(60,12): warning CS1591: Missing XML comment for publicly visible type or member 'SuccessResponse<T>.SuccessResponse(T, string)' [/home/redrocket/task-factory/workdir/aspnet-spa-template/AspNetSpaTemplate.csproj]
/home/redrocket/task-factory/workdir/aspnet-spa-template/DTOs/ErrorResponse.cs(72,20): warning CS1591: Missing XML comment for publicly visible type or member 'PaginatedResponse<T>.Items' [/home/redrocket/task-factory/workdir/aspnet-spa-template/AspNetSpaTemplate.csproj]
/home/redrocket/task-factory/workdir/aspnet-spa-template/DTOs/ErrorResponse.cs(73,16): warning CS1591: Missing XML comment for publicly visible type or member 'PaginatedResponse<T>.TotalCount' [/home/redrocket/task-factory/workdir/aspnet-spa-template/AspNetSpaTemplate.csproj]
/home/redrocket/task-factory/workdir/aspnet-spa-template/DTOs/ErrorResponse.cs(74,16): warning CS1591: Missing XML comment for publicly visible type or member 'PaginatedResponse<T>.PageNumber' [/home/redrocket/task-factory/workdir/aspnet-spa-template/AspNetSpaTemplate.csproj]
/home/redrocket/task-factory/workdir/aspnet-spa-template/DTOs/ErrorResponse.cs(75,16): warning CS1591: Missing XML comment for publicly visible type or member 'PaginatedResponse<T>.PageSize' [/home/redrocket/task-factory/workdir/aspnet-spa-template/AspNetSpaTemplate.csproj]
/home/redrocket/task-factory/workdir/aspnet-spa-template/DTOs/ErrorResponse.cs(77,16): warning CS1591: Missing XML comment for publicly visible type or member 'PaginatedResponse<T>.TotalPages' [/home/redrocket/task-factory/workdir/aspnet-spa-template/AspNetSpaTemplate.csproj]
/home/redrocket/task-factory/workdir/aspnet-spa-template/DTOs/ErrorResponse.cs(78,17): warning CS1591: Missing XML comment for publicly visible type or member 'PaginatedResponse<T>.HasNextPage' [/home/redrocket/task-factory/workdir/aspnet-spa-template/AspNetSpaTemplate.csproj]
/home/redrocket/task-factory/workdir/aspnet-spa-template/DTOs/ErrorResponse.cs(79,17): warning CS1591: Missing XML comment for publicly visible type or member 'PaginatedResponse<T>.HasPreviousPage' [/home/redrocket/task-factory/workdir/aspnet-spa-template/AspNetSpaTemplate.csproj]
/home/redrocket/task-factory/workdir/aspnet-spa-template/DTOs/PaginationRequest.cs(18,16): warning CS1591: Missing XML comment for publicly visible type or member 'PaginationRequest.PageNumber' [/home/redrocket/task-factory/workdir/aspnet-spa-template/AspNetSpaTemplate.csproj]
/home/redrocket/task-factory/workdir/aspnet-spa-template/DTOs/PaginationRequest.cs(24,16): warning CS1591: Missing XML comment for publicly visible type or member 'PaginationRequest.PageSize' [/home/redrocket/task-factory/workdir/aspnet-spa-template/AspNetSpaTemplate.csproj]
/home/redrocket/task-factory/workdir/aspnet-spa-template/DTOs/PaginationRequest.cs(30,20): warning CS1591: Missing XML comment for publicly visible type or member 'PaginationRequest.SortBy' [/home/redrocket/task-factory/workdir/aspnet-spa-template/AspNetSpaTemplate.csproj]
/home/redrocket/task-factory/workdir/aspnet-spa-template/DTOs/PaginationRequest.cs(31,17): warning CS1591: Missing XML comment for publicly visible type or member 'PaginationRequest.SortDescending' [/home/redrocket/task-factory/workdir/aspnet-spa-template/AspNetSpaTemplate.csproj]
/home/redrocket/task-factory/workdir/aspnet-spa-template/DTOs/PaginationRequest.cs(32,20): warning CS1591: Missing XML comment for publicly visible type or member 'PaginationRequest.SearchTerm' [/home/redrocket/task-factory/workdir/aspnet-spa-template/AspNetSpaTemplate.csproj]
/home/redrocket/task-factory/workdir/aspnet-spa-template/DTOs/PaginationRequest.cs(33,40): warning CS1591: Missing XML comment for publicly visible type or member 'PaginationRequest.Filters' [/home/redrocket/task-factory/workdir/aspnet-spa-template/AspNetSpaTemplate.csproj]
/home/redrocket/task-factory/workdir/aspnet-spa-template/DTOs/PaginationRequest.cs(61,20): warning CS1591: Missing XML comment for publicly visible type or member 'PaginationResponse<T>.Items' [/home/redrocket/task-factory/workdir/aspnet-spa-template/AspNetSpaTemplate.csproj]
/home/redrocket/task-factory/workdir/aspnet-spa-template/DTOs/PaginationRequest.cs(62,16): warning CS1591: Missing XML comment for publicly visible type or member 'PaginationResponse<T>.PageNumber' [/home/redrocket/task-factory/workdir/aspnet-spa-template/AspNetSpaTemplate.csproj]
/home/redrocket/task-factory/workdir/aspnet-spa-template/DTOs/PaginationRequest.cs(63,16): warning CS1591: Missing XML comment for publicly visible type or member 'PaginationResponse<T>.PageSize' [/home/redrocket/task-factory/workdir/aspnet-spa-template/AspNetSpaTemplate.csproj]
/home/redrocket/task-factory/workdir/aspnet-spa-template/DTOs/PaginationRequest.cs(64,16): warning CS1591: Missing XML comment for publicly visible type or member 'PaginationResponse<T>.TotalCount' [/home/redrocket/task-factory/workdir/aspnet-spa-template/AspNetSpaTemplate.csproj]
/home/redrocket/task-factory/workdir/aspnet-spa-template/DTOs/PaginationRequest.cs(65,16): warning CS1591: Missing XML comment for publicly visible type or member 'PaginationResponse<T>.TotalPages' [/home/redrocket/task-factory/workdir/aspnet-spa-template/AspNetSpaTemplate.csproj]
/home/redrocket/task-factory/workdir/aspnet-spa-template/DTOs/PaginationRequest.cs(66,17): warning CS1591: Missing XML comment for publicly visible type or member 'PaginationResponse<T>.HasNextPage' [/home/redrocket/task-factory/workdir/aspnet-spa-template/AspNetSpaTemplate.csproj]
/home/redrocket/task-factory/workdir/aspnet-spa-template/DTOs/PaginationRequest.cs(67,17): warning CS1591: Missing XML comment for publicly visible type or member 'PaginationResponse<T>.HasPreviousPage' [/home/redrocket/task-factory/workdir/aspnet-spa-template/AspNetSpaTemplate.csproj]
/home/redrocket/task-factory/workdir/aspnet-spa-template/DTOs/PaginationRequest.cs(68,21): warning CS1591: Missing XML comment for publicly visible type or member 'PaginationResponse<T>.GeneratedAt' [/home/redrocket/task-factory/workdir/aspnet-spa-template/AspNetSpaTemplate.csproj]
/home/redrocket/task-factory/workdir/aspnet-spa-template/DTOs/PaginationRequest.cs(70,41): warning CS1591: Missing XML comment for publicly visible type or member 'PaginationResponse<T>.Create(List<T>, int, int, int)' [/home/redrocket/task-factory/workdir/aspnet-spa-template/AspNetSpaTemplate.csproj]
/home/redrocket/task-factory/workdir/aspnet-spa-template/DTOs/PaginationRequest.cs(87,19): warning CS1591: Missing XML comment for publicly visible type or member 'FilterCriteria.Field' [/home/redrocket/task-factory/workdir/aspnet-spa-template/AspNetSpaTemplate.csproj]
/home/redrocket/task-factory/workdir/aspnet-spa-template/DTOs/PaginationRequest.cs(88,19): warning CS1591: Missing XML comment for publicly visible type or member 'FilterCriteria.Operator' [/home/redrocket/task-factory/workdir/aspnet-spa-template/AspNetSpaTemplate.csproj]
/home/redrocket/task-factory/workdir/aspnet-spa-template/DTOs/PaginationRequest.cs(89,19): warning CS1591: Missing XML comment for publicly visible type or member 'FilterCriteria.Value' [/home/redrocket/task-factory/workdir/aspnet-spa-template/AspNetSpaTemplate.csproj]
/home/redrocket/task-factory/workdir/aspnet-spa-template/DTOs/PaginationRequest.cs(91,17): warning CS1591: Missing XML comment for publicly visible type or member 'FilterCriteria.IsValid()' [/home/redrocket/task-factory/workdir/aspnet-spa-template/AspNetSpaTemplate.csproj]
/home/redrocket/task-factory/workdir/aspnet-spa-template/DTOs/PaginationRequest.cs(103,19): warning CS1591: Missing XML comment for publicly visible type or member 'SortCriteria.Field' [/home/redrocket/task-factory/workdir/aspnet-spa-template/AspNetSpaTemplate.csproj]
/home/redrocket/task-factory/workdir/aspnet-spa-template/DTOs/PaginationRequest.cs(104,26): warning CS1591: Missing XML comment for publicly visible type or member 'SortCriteria.Direction' [/home/redrocket/task-factory/workdir/aspnet-spa-template/AspNetSpaTemplate.csproj]
/home/redrocket/task-factory/workdir/aspnet-spa-template/DTOs/PaginationRequest.cs(106,17): warning CS1591: Missing XML comment for publicly visible type or member 'SortCriteria.IsValid()' [/home/redrocket/task-factory/workdir/aspnet-spa-template/AspNetSpaTemplate.csproj]
/home/redrocket/task-factory/workdir/aspnet-spa-template/DTOs/PaginationRequest.cs(112,13): warning CS1591: Missing XML comment for publicly visible type or member 'SortDirection' [/home/redrocket/task-factory/workdir/aspnet-spa-template/AspNetSpaTemplate.csproj]
/home/redrocket/task-factory/workdir/aspnet-spa-template/DTOs/PaginationRequest.cs(114,5): warning CS1591: Missing XML comment for publicly visible type or member 'SortDirection.Ascending' [/home/redrocket/task-factory/workdir/aspnet-spa-template/AspNetSpaTemplate.csproj]
/home/redrocket/task-factory/workdir/aspnet-spa-template/DTOs/PaginationRequest.cs(115,5): warning CS1591: Missing XML comment for publicly visible type or member 'SortDirection.Descending' [/home/redrocket/task-factory/workdir/aspnet-spa-template/AspNetSpaTemplate.csproj]
/home/redrocket/task-factory/workdir/aspnet-spa-template/DTOs/UpdateProductRequest.cs(17,19): warning CS1591: Missing XML comment for publicly visible type or member 'UpdateProductRequest.Name' [/home/redrocket/task-factory/workdir/aspnet-spa-template/AspNetSpaTemplate.csproj]
/home/redrocket/task-factory/workdir/aspnet-spa-template/DTOs/UpdateProductRequest.cs(18,19): warning CS1591: Missing XML comment for publicly visible type or member 'UpdateProductRequest.Description' [/home/redrocket/task-factory/workdir/aspnet-spa-template/AspNetSpaTemplate.csproj]
/home/redrocket/task-factory/workdir/aspnet-spa-template/DTOs/UpdateProductRequest.cs(19,20): warning CS1591: Missing XML comment for publicly visible type or member 'UpdateProductRequest.Price' [/home/redrocket/task-factory/workdir/aspnet-spa-template/AspNetSpaTemplate.csproj]
/home/redrocket/task-factory/workdir/aspnet-spa-template/DTOs/UpdateProductRequest.cs(20,28): warning CS1591: Missing XML comment for publicly visible type or member 'UpdateProductRequest.Category' [/home/redrocket/task-factory/workdir/aspnet-spa-template/AspNetSpaTemplate.csproj]
/home/redrocket/task-factory/workdir/aspnet-spa-template/DTOs/UpdateProductRequest.cs(21,20): warning CS1591: Missing XML comment for publicly visible type or member 'UpdateProductRequest.ImageUrl' [/home/redrocket/task-factory/workdir/aspnet-spa-template/AspNetSpaTemplate.csproj]
/home/redrocket/task-factory/workdir/aspnet-spa-template/DTOs/UpdateProductRequest.cs(22,16): warning CS1591: Missing XML comment for publicly visible type or member 'UpdateProductRequest.StockQuantity' [/home/redrocket/task-factory/workdir/aspnet-spa-template/AspNetSpaTemplate.csproj]
/home/redrocket/task-factory/workdir/aspnet-spa-template/DTOs/UpdateProductRequest.cs(23,17): warning CS1591: Missing XML comment for publicly visible type or member 'UpdateProductRequest.IsAvailable' [/home/redrocket/task-factory/workdir/aspnet-spa-template/AspNetSpaTemplate.csproj]
/home/redrocket/task-factory/workdir/aspnet-spa-template/DTOs/UpdateProductRequest.cs(25,17): warning CS1591: Missing XML comment for publicly visible type or member 'UpdateProductRequest.Validate()' [/home/redrocket/task-factory/workdir/aspnet-spa-template/AspNetSpaTemplate.csproj]
/home/redrocket/task-factory/workdir/aspnet-spa-template/DTOs/UpdateProductRequest.cs(50,16): warning CS1591: Missing XML comment for publicly visible type or member 'ProductResponse.Id' [/home/redrocket/task-factory/workdir/aspnet-spa-template/AspNetSpaTemplate.csproj]
/home/redrocket/task-factory/workdir/aspnet-spa-template/DTOs/UpdateProductRequest.cs(51,19): warning CS1591: Missing XML comment for publicly visible type or member 'ProductResponse.Name' [/home/redrocket/task-factory/workdir/aspnet-spa-template/AspNetSpaTemplate.csproj]
/home/redrocket/task-factory/workdir/aspnet-spa-template/DTOs/UpdateProductRequest.cs(52,19): warning CS1591: Missing XML comment for publicly visible type or member 'ProductResponse.Description' [/home/redrocket/task-factory/workdir/aspnet-spa-template/AspNetSpaTemplate.csproj]
/home/redrocket/task-factory/workdir/aspnet-spa-template/DTOs/UpdateProductRequest.cs(53,20): warning CS1591: Missing XML comment for publicly visible type or member 'ProductResponse.Price' [/home/redrocket/task-factory/workdir/aspnet-spa-template/AspNetSpaTemplate.csproj]
/home/redrocket/task-factory/workdir/aspnet-spa-template/DTOs/UpdateProductRequest.cs(54,16): warning CS1591: Missing XML comment for publicly visible type or member 'ProductResponse.StockQuantity' [/home/redrocket/task-factory/workdir/aspnet-spa-template/AspNetSpaTemplate.csproj]
/home/redrocket/task-factory/workdir/aspnet-spa-template/DTOs/UpdateProductRequest.cs(55,19): warning CS1591: Missing XML comment for publicly visible type or member 'ProductResponse.Category' [/home/redrocket/task-factory/workdir/aspnet-spa-template/AspNetSpaTemplate.csproj]
/home/redrocket/task-factory/workdir/aspnet-spa-template/DTOs/UpdateProductRequest.cs(56,20): warning CS1591: Missing XML comment for publicly visible type or member 'ProductResponse.ImageUrl' [/home/redrocket/task-factory/workdir/aspnet-spa-template/AspNetSpaTemplate.csproj]
/home/redrocket/task-factory/workdir/aspnet-spa-template/DTOs/UpdateProductRequest.cs(57,20): warning CS1591: Missing XML comment for publicly visible type or member 'ProductResponse.Sku' [/home/redrocket/task-factory/workdir/aspnet-spa-template/AspNetSpaTemplate.csproj]
/home/redrocket/task-factory/workdir/aspnet-spa-template/DTOs/UpdateProductRequest.cs(58,20): warning CS1591: Missing XML comment for publicly visible type or member 'ProductResponse.Rating' [/home/redrocket/task-factory/workdir/aspnet-spa-template/AspNetSpaTemplate.csproj]
/home/redrocket/task-factory/workdir/aspnet-spa-template/DTOs/UpdateProductRequest.cs(59,16): warning CS1591: Missing XML comment for publicly visible type or member 'ProductResponse.ReviewCount' [/home/redrocket/task-factory/workdir/aspnet-spa-template/AspNetSpaTemplate.csproj]
/home/redrocket/task-factory/workdir/aspnet-spa-template/DTOs/UpdateProductRequest.cs(60,17): warning CS1591: Missing XML comment for publicly visible type or member 'ProductResponse.IsAvailable' [/home/redrocket/task-factory/workdir/aspnet-spa-template/AspNetSpaTemplate.csproj]
/home/redrocket/task-factory/workdir/aspnet-spa-template/DTOs/UpdateProductRequest.cs(61,17): warning CS1591: Missing XML comment for publicly visible type or member 'ProductResponse.IsFeatured' [/home/redrocket/task-factory/workdir/aspnet-spa-template/AspNetSpaTemplate.csproj]
/home/redrocket/task-factory/workdir/aspnet-spa-template/DTOs/UpdateProductRequest.cs(62,21): warning CS1591: Missing XML comment for publicly visible type or member 'ProductResponse.CreatedAt' [/home/redrocket/task-factory/workdir/aspnet-spa-template/AspNetSpaTemplate.csproj]
/home/redrocket/task-factory/workdir/aspnet-spa-template/DTOs/UpdateProductRequest.cs(63,20): warning CS1591: Missing XML comment for publicly visible type or member 'ProductResponse.TaxAmount' [/home/redrocket/task-factory/workdir/aspnet-spa-template/AspNetSpaTemplate.csproj]
/home/redrocket/task-factory/workdir/aspnet-spa-template/DTOs/UpdateProductRequest.cs(64,20): warning CS1591: Missing XML comment for publicly visible type or member 'ProductResponse.PriceWithTax' [/home/redrocket/task-factory/workdir/aspnet-spa-template/AspNetSpaTemplate.csproj]
/home/redrocket/task-factory/workdir/aspnet-spa-template/DTOs/UpdateProductRequest.cs(72,34): warning CS1591: Missing XML comment for publicly visible type or member 'ProductListResponse.Products' [/home/redrocket/task-factory/workdir/aspnet-spa-template/AspNetSpaTemplate.csproj]
/home/redrocket/task-factory/workdir/aspnet-spa-template/DTOs/UpdateProductRequest.cs(73,16): warning CS1591: Missing XML comment for publicly visible type or member 'ProductListResponse.PageNumber' [/home/redrocket/task-factory/workdir/aspnet-spa-template/AspNetSpaTemplate.csproj]
/home/redrocket/task-factory/workdir/aspnet-spa-template/DTOs/UpdateProductRequest.cs(74,16): warning CS1591: Missing XML comment for publicly visible type or member 'ProductListResponse.PageSize' [/home/redrocket/task-factory/workdir/aspnet-spa-template/AspNetSpaTemplate.csproj]
/home/redrocket/task-factory/workdir/aspnet-spa-template/DTOs/UpdateProductRequest.cs(75,16): warning CS1591: Missing XML comment for publicly visible type or member 'ProductListResponse.TotalCount' [/home/redrocket/task-factory/workdir/aspnet-spa-template/AspNetSpaTemplate.csproj]
/home/redrocket/task-factory/workdir/aspnet-spa-template/DTOs/UpdateProductRequest.cs(76,16): warning CS1591: Missing XML comment for publicly visible type or member 'ProductListResponse.TotalPages' [/home/redrocket/task-factory/workdir/aspnet-spa-template/AspNetSpaTemplate.csproj]
/home/redrocket/task-factory/workdir/aspnet-spa-template/DTOs/UpdateProductRequest.cs(77,17): warning CS1591: Missing XML comment for publicly visible type or member 'ProductListResponse.HasNextPage' [/home/redrocket/task-factory/workdir/aspnet-spa-template/AspNetSpaTemplate.csproj]
/home/redrocket/task-factory/workdir/aspnet-spa-template/DTOs/UpdateProductRequest.cs(78,17): warning CS1591: Missing XML comment for publicly visible type or member 'ProductListResponse.HasPreviousPage' [/home/redrocket/task-factory/workdir/aspnet-spa-template/AspNetSpaTemplate.csproj]
/home/redrocket/task-factory/workdir/aspnet-spa-template/DTOs/UpdateProductRequest.cs(86,20): warning CS1591: Missing XML comment for publicly visible type or member 'ProductSearchRequest.SearchTerm' [/home/redrocket/task-factory/workdir/aspnet-spa-template/AspNetSpaTemplate.csproj]
/home/redrocket/task-factory/workdir/aspnet-spa-template/DTOs/UpdateProductRequest.cs(87,29): warning CS1591: Missing XML comment for publicly visible type or member 'ProductSearchRequest.Category' [/home/redrocket/task-factory/workdir/aspnet-spa-template/AspNetSpaTemplate.csproj]
/home/redrocket/task-factory/workdir/aspnet-spa-template/DTOs/UpdateProductRequest.cs(88,21): warning CS1591: Missing XML comment for publicly visible type or member 'ProductSearchRequest.MinPrice' [/home/redrocket/task-factory/workdir/aspnet-spa-template/AspNetSpaTemplate.csproj]
/home/redrocket/task-factory/workdir/aspnet-spa-template/DTOs/UpdateProductRequest.cs(89,21): warning CS1591: Missing XML comment for publicly visible type or member 'ProductSearchRequest.MaxPrice' [/home/redrocket/task-factory/workdir/aspnet-spa-template/AspNetSpaTemplate.csproj]
/home/redrocket/task-factory/workdir/aspnet-spa-template/DTOs/UpdateProductRequest.cs(90,18): warning CS1591: Missing XML comment for publicly visible type or member 'ProductSearchRequest.OnlyAvailable' [/home/redrocket/task-factory/workdir/aspnet-spa-template/AspNetSpaTemplate.csproj]
/home/redrocket/task-factory/workdir/aspnet-spa-template/DTOs/UpdateProductRequest.cs(91,18): warning CS1591: Missing XML comment for publicly visible type or member 'ProductSearchRequest.OnlyFeatured' [/home/redrocket/task-factory/workdir/aspnet-spa-template/AspNetSpaTemplate.csproj]
/home/redrocket/task-factory/workdir/aspnet-spa-template/DTOs/UpdateProductRequest.cs(92,16): warning CS1591: Missing XML comment for publicly visible type or member 'ProductSearchRequest.PageNumber' [/home/redrocket/task-factory/workdir/aspnet-spa-template/AspNetSpaTemplate.csproj]
/home/redrocket/task-factory/workdir/aspnet-spa-template/DTOs/UpdateProductRequest.cs(93,16): warning CS1591: Missing XML comment for publicly visible type or member 'ProductSearchRequest.PageSize' [/home/redrocket/task-factory/workdir/aspnet-spa-template/AspNetSpaTemplate.csproj]
/home/redrocket/task-factory/workdir/aspnet-spa-template/DTOs/UpdateProductRequest.cs(95,17): warning CS1591: Missing XML comment for publicly visible type or member 'ProductSearchRequest.Validate()' [/home/redrocket/task-factory/workdir/aspnet-spa-template/AspNetSpaTemplate.csproj]
/home/redrocket/task-factory/workdir/aspnet-spa-template/DTOs/UpdateProductRequest.cs(111,22): warning CS1591: Missing XML comment for publicly visible type or member 'BulkProductRequest.ProductIds' [/home/redrocket/task-factory/workdir/aspnet-spa-template/AspNetSpaTemplate.csproj]
/home/redrocket/task-factory/workdir/aspnet-spa-template/DTOs/UpdateProductRequest.cs(112,26): warning CS1591: Missing XML comment for publicly visible type or member 'BulkProductRequest.Operation' [/home/redrocket/task-factory/workdir/aspnet-spa-template/AspNetSpaTemplate.csproj]
/home/redrocket/task-factory/workdir/aspnet-spa-template/DTOs/UpdateProductRequest.cs(113,40): warning CS1591: Missing XML comment for publicly visible type or member 'BulkProductRequest.UpdateValues' [/home/redrocket/task-factory/workdir/aspnet-spa-template/AspNetSpaTemplate.csproj]
/home/redrocket/task-factory/workdir/aspnet-spa-template/DTOs/UpdateProductRequest.cs(115,17): warning CS1591: Missing XML comment for publicly visible type or member 'BulkProductRequest.Validate()' [/home/redrocket/task-factory/workdir/aspnet-spa-template/AspNetSpaTemplate.csproj]
/home/redrocket/task-factory/workdir/aspnet-spa-template/DTOs/UpdateProductRequest.cs(125,13): warning CS1591: Missing XML comment for publicly visible type or member 'BulkOperation' [/home/redrocket/task-factory/workdir/aspnet-spa-template/AspNetSpaTemplate.csproj]
/home/redrocket/task-factory/workdir/aspnet-spa-template/DTOs/UpdateProductRequest.cs(127,5): warning CS1591: Missing XML comment for publicly visible type or member 'BulkOperation.SetAvailability' [/home/redrocket/task-factory/workdir/aspnet-spa-template/AspNetSpaTemplate.csproj]
/home/redrocket/task-factory/workdir/aspnet-spa-template/DTOs/UpdateProductRequest.cs(128,5): warning CS1591: Missing XML comment for publicly visible type or member 'BulkOperation.SetFeatured' [/home/redrocket/task-factory/workdir/aspnet-spa-template/AspNetSpaTemplate.csproj]
/home/redrocket/task-factory/workdir/aspnet-spa-template/DTOs/UpdateProductRequest.cs(129,5): warning CS1591: Missing XML comment for publicly visible type or member 'BulkOperation.UpdatePrice' [/home/redrocket/task-factory/workdir/aspnet-spa-template/AspNetSpaTemplate.csproj]
/home/redrocket/task-factory/workdir/aspnet-spa-template/DTOs/UpdateProductRequest.cs(130,5): warning CS1591: Missing XML comment for publicly visible type or member 'BulkOperation.UpdateCategory' [/home/redrocket/task-factory/workdir/aspnet-spa-template/AspNetSpaTemplate.csproj]
/home/redrocket/task-factory/workdir/aspnet-spa-template/DTOs/UpdateProductRequest.cs(131,5): warning CS1591: Missing XML comment for publicly visible type or member 'BulkOperation.Delete' [/home/redrocket/task-factory/workdir/aspnet-spa-template/AspNetSpaTemplate.csproj]
/home/redrocket/task-factory/workdir/aspnet-spa-template/DTOs/UpdateProductRequest.cs(139,16): warning CS1591: Missing XML comment for publicly visible type or member 'ProductStatsResponse.TotalProducts' [/home/redrocket/task-factory/workdir/aspnet-spa-template/AspNetSpaTemplate.csproj]
/home/redrocket/task-factory/workdir/aspnet-spa-template/DTOs/UpdateProductRequest.cs(140,16): warning CS1591: Missing XML comment for publicly visible type or member 'ProductStatsResponse.AvailableProducts' [/home/redrocket/task-factory/workdir/aspnet-spa-template/AspNetSpaTemplate.csproj]
/home/redrocket/task-factory/workdir/aspnet-spa-template/DTOs/UpdateProductRequest.cs(141,16): warning CS1591: Missing XML comment for publicly visible type or member 'ProductStatsResponse.FeaturedProducts' [/home/redrocket/task-factory/workdir/aspnet-spa-template/AspNetSpaTemplate.csproj]
/home/redrocket/task-factory/workdir/aspnet-spa-template/DTOs/UpdateProductRequest.cs(142,16): warning CS1591: Missing XML comment for publicly visible type or member 'ProductStatsResponse.OutOfStockProducts' [/home/redrocket/task-factory/workdir/aspnet-spa-template/AspNetSpaTemplate.csproj]
/home/redrocket/task-factory/workdir/aspnet-spa-template/DTOs/UpdateProductRequest.cs(143,20): warning CS1591: Missing XML comment for publicly visible type or member 'ProductStatsResponse.AveragePrice' [/home/redrocket/task-factory/workdir/aspnet-spa-template/AspNetSpaTemplate.csproj]
/home/redrocket/task-factory/workdir/aspnet-spa-template/DTOs/UpdateProductRequest.cs(144,20): warning CS1591: Missing XML comment for publicly visible type or member 'ProductStatsResponse.AverageRating' [/home/redrocket/task-factory/workdir/aspnet-spa-template/AspNetSpaTemplate.csproj]
/home/redrocket/task-factory/workdir/aspnet-spa-template/DTOs/UpdateProductRequest.cs(145,36): warning CS1591: Missing XML comment for publicly visible type or member 'ProductStatsResponse.ProductsByCategory' [/home/redrocket/task-factory/workdir/aspnet-spa-template/AspNetSpaTemplate.csproj]
/home/redrocket/task-factory/workdir/aspnet-spa-template/DTOs/UpdateProductRequest.cs(146,21): warning CS1591: Missing XML comment for publicly visible type or member 'ProductStatsResponse.GeneratedAt' [/home/redrocket/task-factory/workdir/aspnet-spa-template/AspNetSpaTemplate.csproj]
/home/redrocket/task-factory/workdir/aspnet-spa-template/Events/EventBusImplementation.cs(20,12): warning CS1591: Missing XML comment for publicly visible type or member 'EventBusImplementation.EventBusImplementation(ILogger<EventBusImplementation>)' [/home/redrocket/task-factory/workdir/aspnet-spa-template/AspNetSpaTemplate.csproj]
/home/redrocket/task-factory/workdir/aspnet-spa-template/Events/EventBusImplementation.cs(25,17): warning CS1591: Missing XML comment for publicly visible type or member 'EventBusImplementation.Subscribe<TEvent>(Func<TEvent, Task>)' [/home/redrocket/task-factory/workdir/aspnet-spa-template/AspNetSpaTemplate.csproj]
/home/redrocket/task-factory/workdir/aspnet-spa-template/Events/EventBusImplementation.cs(41,17): warning CS1591: Missing XML comment for publicly visible type or member 'EventBusImplementation.Unsubscribe<TEvent>(Func<TEvent, Task>)' [/home/redrocket/task-factory/workdir/aspnet-spa-template/AspNetSpaTemplate.csproj]
/home/redrocket/task-factory/workdir/aspnet-spa-template/Events/EventBusImplementation.cs(55,23): warning CS1591: Missing XML comment for publicly visible type or member 'EventBusImplementation.PublishAsync<TEvent>(TEvent)' [/home/redrocket/task-factory/workdir/aspnet-spa-template/AspNetSpaTemplate.csproj]
/home/redrocket/task-factory/workdir/aspnet-spa-template/Events/EventBusImplementation.cs(92,23): warning CS1591: Missing XML comment for publicly visible type or member 'EventBusImplementation.PublishManyAsync<TEvent>(IEnumerable<TEvent>)' [/home/redrocket/task-factory/workdir/aspnet-spa-template/AspNetSpaTemplate.csproj]
/home/redrocket/task-factory/workdir/aspnet-spa-template/Events/EventHandlers.cs(23,12): warning CS1591: Missing XML comment for publicly visible type or member 'DomainEventHandlers.DomainEventHandlers(ICacheService, NotificationService, ILogger<DomainEventHandlers>)' [/home/redrocket/task-factory/workdir/aspnet-spa-template/AspNetSpaTemplate.csproj]
/home/redrocket/task-factory/workdir/aspnet-spa-template/Events/EventHandlers.cs(202,24): warning CS1591: Missing XML comment for publicly visible type or member 'EventHandlerExtensions.RegisterEventHandlers(IServiceCollection, IEventBus)' [/home/redrocket/task-factory/workdir/aspnet-spa-template/AspNetSpaTemplate.csproj]
/home/redrocket/task-factory/workdir/aspnet-spa-template/Events/IEventBus.cs(46,19): warning CS1591: Missing XML comment for publicly visible type or member 'DomainEvent.EventId' [/home/redrocket/task-factory/workdir/aspnet-spa-template/AspNetSpaTemplate.csproj]
/home/redrocket/task-factory/workdir/aspnet-spa-template/Events/IEventBus.cs(47,21): warning CS1591: Missing XML comment for publicly visible type or member 'DomainEvent.OccurredAt' [/home/redrocket/task-factory/workdir/aspnet-spa-template/AspNetSpaTemplate.csproj]
/home/redrocket/task-factory/workdir/aspnet-spa-template/Events/IEventBus.cs(48,17): warning CS1591: Missing XML comment for publicly visible type or member 'DomainEvent.AggregateId' [/home/redrocket/task-factory/workdir/aspnet-spa-template/AspNetSpaTemplate.csproj]
/home/redrocket/task-factory/workdir/aspnet-spa-template/Events/IEventBus.cs(49,19): warning CS1591: Missing XML comment for publicly visible type or member 'DomainEvent.AggregateType' [/home/redrocket/task-factory/workdir/aspnet-spa-template/AspNetSpaTemplate.csproj]
/home/redrocket/task-factory/workdir/aspnet-spa-template/Events/IEventBus.cs(62,16): warning CS1591: Missing XML comment for publicly visible type or member 'ProductCreatedEvent.ProductId' [/home/redrocket/task-factory/workdir/aspnet-spa-template/AspNetSpaTemplate.csproj]
/home/redrocket/task-factory/workdir/aspnet-spa-template/Events/IEventBus.cs(63,19): warning CS1591: Missing XML comment for publicly visible type or member 'ProductCreatedEvent.ProductName' [/home/redrocket/task-factory/workdir/aspnet-spa-template/AspNetSpaTemplate.csproj]
/home/redrocket/task-factory/workdir/aspnet-spa-template/Events/IEventBus.cs(64,20): warning CS1591: Missing XML comment for publicly visible type or member 'ProductCreatedEvent.Price' [/home/redrocket/task-factory/workdir/aspnet-spa-template/AspNetSpaTemplate.csproj]
/home/redrocket/task-factory/workdir/aspnet-spa-template/Events/IEventBus.cs(72,16): warning CS1591: Missing XML comment for publicly visible type or member 'ProductUpdatedEvent.ProductId' [/home/redrocket/task-factory/workdir/aspnet-spa-template/AspNetSpaTemplate.csproj]
/home/redrocket/task-factory/workdir/aspnet-spa-template/Events/IEventBus.cs(73,19): warning CS1591: Missing XML comment for publicly visible type or member 'ProductUpdatedEvent.ProductName' [/home/redrocket/task-factory/workdir/aspnet-spa-template/AspNetSpaTemplate.csproj]
/home/redrocket/task-factory/workdir/aspnet-spa-template/Events/IEventBus.cs(74,20): warning CS1591: Missing XML comment for publicly visible type or member 'ProductUpdatedEvent.Price' [/home/redrocket/task-factory/workdir/aspnet-spa-template/AspNetSpaTemplate.csproj]
/home/redrocket/task-factory/workdir/aspnet-spa-template/Events/IEventBus.cs(82,16): warning CS1591: Missing XML comment for publicly visible type or member 'ProductDeletedEvent.ProductId' [/home/redrocket/task-factory/workdir/aspnet-spa-template/AspNetSpaTemplate.csproj]
/home/redrocket/task-factory/workdir/aspnet-spa-template/Events/IEventBus.cs(83,19): warning CS1591: Missing XML comment for publicly visible type or member 'ProductDeletedEvent.ProductName' [/home/redrocket/task-factory/workdir/aspnet-spa-template/AspNetSpaTemplate.csproj]
/home/redrocket/task-factory/workdir/aspnet-spa-template/Events/IEventBus.cs(91,16): warning CS1591: Missing XML comment for publicly visible type or member 'OrderPlacedEvent.OrderId' [/home/redrocket/task-factory/workdir/aspnet-spa-template/AspNetSpaTemplate.csproj]
/home/redrocket/task-factory/workdir/aspnet-spa-template/Events/IEventBus.cs(92,16): warning CS1591: Missing XML comment for publicly visible type or member 'OrderPlacedEvent.UserId' [/home/redrocket/task-factory/workdir/aspnet-spa-template/AspNetSpaTemplate.csproj]
/home/redrocket/task-factory/workdir/aspnet-spa-template/Events/IEventBus.cs(93,20): warning CS1591: Missing XML comment for publicly visible type or member 'OrderPlacedEvent.TotalAmount' [/home/redrocket/task-factory/workdir/aspnet-spa-template/AspNetSpaTemplate.csproj]
/home/redrocket/task-factory/workdir/aspnet-spa-template/Events/IEventBus.cs(94,16): warning CS1591: Missing XML comment for publicly visible type or member 'OrderPlacedEvent.ItemCount' [/home/redrocket/task-factory/workdir/aspnet-spa-template/AspNetSpaTemplate.csproj]
/home/redrocket/task-factory/workdir/aspnet-spa-template/Events/IEventBus.cs(102,16): warning CS1591: Missing XML comment for publicly visible type or member 'OrderCompletedEvent.OrderId' [/home/redrocket/task-factory/workdir/aspnet-spa-template/AspNetSpaTemplate.csproj]
/home/redrocket/task-factory/workdir/aspnet-spa-template/Events/IEventBus.cs(103,16): warning CS1591: Missing XML comment for publicly visible type or member 'OrderCompletedEvent.UserId' [/home/redrocket/task-factory/workdir/aspnet-spa-template/AspNetSpaTemplate.csproj]
/home/redrocket/task-factory/workdir/aspnet-spa-template/Events/IEventBus.cs(104,21): warning CS1591: Missing XML comment for publicly visible type or member 'OrderCompletedEvent.CompletedAt' [/home/redrocket/task-factory/workdir/aspnet-spa-template/AspNetSpaTemplate.csproj]
/home/redrocket/task-factory/workdir/aspnet-spa-template/Events/IEventBus.cs(112,16): warning CS1591: Missing XML comment for publicly visible type or member 'OrderCancelledEvent.OrderId' [/home/redrocket/task-factory/workdir/aspnet-spa-template/AspNetSpaTemplate.csproj]
/home/redrocket/task-factory/workdir/aspnet-spa-template/Events/IEventBus.cs(113,16): warning CS1591: Missing XML comment for publicly visible type or member 'OrderCancelledEvent.UserId' [/home/redrocket/task-factory/workdir/aspnet-spa-template/AspNetSpaTemplate.csproj]
/home/redrocket/task-factory/workdir/aspnet-spa-template/Events/IEventBus.cs(114,19): warning CS1591: Missing XML comment for publicly visible type or member 'OrderCancelledEvent.Reason' [/home/redrocket/task-factory/workdir/aspnet-spa-template/AspNetSpaTemplate.csproj]
/home/redrocket/task-factory/workdir/aspnet-spa-template/Events/IEventBus.cs(122,16): warning CS1591: Missing XML comment for publicly visible type or member 'UserRegisteredEvent.UserId' [/home/redrocket/task-factory/workdir/aspnet-spa-template/AspNetSpaTemplate.csproj]
/home/redrocket/task-factory/workdir/aspnet-spa-template/Events/IEventBus.cs(123,19): warning CS1591: Missing XML comment for publicly visible type or member 'UserRegisteredEvent.Email' [/home/redrocket/task-factory/workdir/aspnet-spa-template/AspNetSpaTemplate.csproj]
/home/redrocket/task-factory/workdir/aspnet-spa-template/Events/IEventBus.cs(124,19): warning CS1591: Missing XML comment for publicly visible type or member 'UserRegisteredEvent.FullName' [/home/redrocket/task-factory/workdir/aspnet-spa-template/AspNetSpaTemplate.csproj]
/home/redrocket/task-factory/workdir/aspnet-spa-template/Events/IEventBus.cs(132,16): warning CS1591: Missing XML comment for publicly visible type or member 'ReviewSubmittedEvent.ReviewId' [/home/redrocket/task-factory/workdir/aspnet-spa-template/AspNetSpaTemplate.csproj]
/home/redrocket/task-factory/workdir/aspnet-spa-template/Events/IEventBus.cs(133,16): warning CS1591: Missing XML comment for publicly visible type or member 'ReviewSubmittedEvent.ProductId' [/home/redrocket/task-factory/workdir/aspnet-spa-template/AspNetSpaTemplate.csproj]
/home/redrocket/task-factory/workdir/aspnet-spa-template/Events/IEventBus.cs(134,16): warning CS1591: Missing XML comment for publicly visible type or member 'ReviewSubmittedEvent.UserId' [/home/redrocket/task-factory/workdir/aspnet-spa-template/AspNetSpaTemplate.csproj]
/home/redrocket/task-factory/workdir/aspnet-spa-template/Events/IEventBus.cs(135,16): warning CS1591: Missing XML comment for publicly visible type or member 'ReviewSubmittedEvent.Rating' [/home/redrocket/task-factory/workdir/aspnet-spa-template/AspNetSpaTemplate.csproj]
/home/redrocket/task-factory/workdir/aspnet-spa-template/Events/IEventBus.cs(136,19): warning CS1591: Missing XML comment for publicly visible type or member 'ReviewSubmittedEvent.Comment' [/home/redrocket/task-factory/workdir/aspnet-spa-template/AspNetSpaTemplate.csproj]
/home/redrocket/task-factory/workdir/aspnet-spa-template/Events/IEventBus.cs(144,19): warning CS1591: Missing XML comment for publicly visible type or member 'CustomEvent.EventName' [/home/redrocket/task-factory/workdir/aspnet-spa-template/AspNetSpaTemplate.csproj]
/home/redrocket/task-factory/workdir/aspnet-spa-template/Events/IEventBus.cs(145,39): warning CS1591: Missing XML comment for publicly visible type or member 'CustomEvent.Data' [/home/redrocket/task-factory/workdir/aspnet-spa-template/AspNetSpaTemplate.csproj]
/home/redrocket/task-factory/workdir/aspnet-spa-template/Exceptions/BusinessException.cs(14,20): warning CS1591: Missing XML comment for publicly visible type or member 'BusinessException.ErrorCode' [/home/redrocket/task-factory/workdir/aspnet-spa-template/AspNetSpaTemplate.csproj]
/home/redrocket/task-factory/workdir/aspnet-spa-template/Exceptions/BusinessException.cs(15,16): warning CS1591: Missing XML comment for publicly visible type or member 'BusinessException.HttpStatusCode' [/home/redrocket/task-factory/workdir/aspnet-spa-template/AspNetSpaTemplate.csproj]
/home/redrocket/task-factory/workdir/aspnet-spa-template/Exceptions/BusinessException.cs(17,12): warning CS1591: Missing XML comment for publicly visible type or member 'BusinessException.BusinessException(string)' [/home/redrocket/task-factory/workdir/aspnet-spa-template/AspNetSpaTemplate.csproj]
/home/redrocket/task-factory/workdir/aspnet-spa-template/Exceptions/BusinessException.cs(19,12): warning CS1591: Missing XML comment for publicly visible type or member 'BusinessException.BusinessException(string, string)' [/home/redrocket/task-factory/workdir/aspnet-spa-template/AspNetSpaTemplate.csproj]
/home/redrocket/task-factory/workdir/aspnet-spa-template/Exceptions/BusinessException.cs(25,12): warning CS1591: Missing XML comment for publicly visible type or member 'BusinessException.BusinessException(string, string, int)' [/home/redrocket/task-factory/workdir/aspnet-spa-template/AspNetSpaTemplate.csproj]
/home/redrocket/task-factory/workdir/aspnet-spa-template/Exceptions/BusinessException.cs(32,12): warning CS1591: Missing XML comment for publicly visible type or member 'BusinessException.BusinessException(string, Exception)' [/home/redrocket/task-factory/workdir/aspnet-spa-template/AspNetSpaTemplate.csproj]
/home/redrocket/task-factory/workdir/aspnet-spa-template/Exceptions/NotFoundException.cs(14,20): warning CS1591: Missing XML comment for publicly visible type or member 'NotFoundException.ResourceType' [/home/redrocket/task-factory/workdir/aspnet-spa-template/AspNetSpaTemplate.csproj]
/home/redrocket/task-factory/workdir/aspnet-spa-template/Exceptions/NotFoundException.cs(15,20): warning CS1591: Missing XML comment for publicly visible type or member 'NotFoundException.ResourceId' [/home/redrocket/task-factory/workdir/aspnet-spa-template/AspNetSpaTemplate.csproj]
/home/redrocket/task-factory/workdir/aspnet-spa-template/Exceptions/NotFoundException.cs(17,12): warning CS1591: Missing XML comment for publicly visible type or member 'NotFoundException.NotFoundException(string)' [/home/redrocket/task-factory/workdir/aspnet-spa-template/AspNetSpaTemplate.csproj]
/home/redrocket/task-factory/workdir/aspnet-spa-template/Exceptions/NotFoundException.cs(19,12): warning CS1591: Missing XML comment for publicly visible type or member 'NotFoundException.NotFoundException(string, object)' [/home/redrocket/task-factory/workdir/aspnet-spa-template/AspNetSpaTemplate.csproj]
/home/redrocket/task-factory/workdir/aspnet-spa-template/Exceptions/NotFoundException.cs(26,12): warning CS1591: Missing XML comment for publicly visible type or member 'NotFoundException.NotFoundException(string, Exception)' [/home/redrocket/task-factory/workdir/aspnet-spa-template/AspNetSpaTemplate.csproj]
/home/redrocket/task-factory/workdir/aspnet-spa-template/Exceptions/ValidationException.cs(14,45): warning CS1591: Missing XML comment for publicly visible type or member 'ValidationException.Errors' [/home/redrocket/task-factory/workdir/aspnet-spa-template/AspNetSpaTemplate.csproj]
/home/redrocket/task-factory/workdir/aspnet-spa-template/Exceptions/ValidationException.cs(22,12): warning CS1591: Missing XML comment for publicly visible type or member 'ValidationException.ValidationException(string)' [/home/redrocket/task-factory/workdir/aspnet-spa-template/AspNetSpaTemplate.csproj]
/home/redrocket/task-factory/workdir/aspnet-spa-template/Exceptions/ValidationException.cs(27,12): warning CS1591: Missing XML comment for publicly visible type or member 'ValidationException.ValidationException(Dictionary<string, List<string>>)' [/home/redrocket/task-factory/workdir/aspnet-spa-template/AspNetSpaTemplate.csproj]
/home/redrocket/task-factory/workdir/aspnet-spa-template/Exceptions/ValidationException.cs(33,12): warning CS1591: Missing XML comment for publicly visible type or member 'ValidationException.ValidationException(string, string)' [/home/redrocket/task-factory/workdir/aspnet-spa-template/AspNetSpaTemplate.csproj]
/home/redrocket/task-factory/workdir/aspnet-spa-template/Exceptions/ValidationException.cs(42,17): warning CS1591: Missing XML comment for publicly visible type or member 'ValidationException.AddError(string, string)' [/home/redrocket/task-factory/workdir/aspnet-spa-template/AspNetSpaTemplate.csproj]
/home/redrocket/task-factory/workdir/aspnet-spa-template/Formatters/CsvFormatter.cs(163,17): warning CS1591: Missing XML comment for publicly visible type or member 'CsvExportOptions.IncludeHeader' [/home/redrocket/task-factory/workdir/aspnet-spa-template/AspNetSpaTemplate.csproj]
/home/redrocket/task-factory/workdir/aspnet-spa-template/Formatters/CsvFormatter.cs(164,19): warning CS1591: Missing XML comment for publicly visible type or member 'CsvExportOptions.Delimiter' [/home/redrocket/task-factory/workdir/aspnet-spa-template/AspNetSpaTemplate.csproj]
/home/redrocket/task-factory/workdir/aspnet-spa-template/Formatters/CsvFormatter.cs(165,20): warning CS1591: Missing XML comment for publicly visible type or member 'CsvExportOptions.DateFormat' [/home/redrocket/task-factory/workdir/aspnet-spa-template/AspNetSpaTemplate.csproj]
/home/redrocket/task-factory/workdir/aspnet-spa-template/Formatters/CsvFormatter.cs(166,20): warning CS1591: Missing XML comment for publicly visible type or member 'CsvExportOptions.CurrencyFormat' [/home/redrocket/task-factory/workdir/aspnet-spa-template/AspNetSpaTemplate.csproj]
/home/redrocket/task-factory/workdir/aspnet-spa-template/Formatters/CsvFormatter.cs(167,26): warning CS1591: Missing XML comment for publicly visible type or member 'CsvExportOptions.ColumnsToInclude' [/home/redrocket/task-factory/workdir/aspnet-spa-template/AspNetSpaTemplate.csproj]
/home/redrocket/task-factory/workdir/aspnet-spa-template/Formatters/CsvFormatter.cs(168,26): warning CS1591: Missing XML comment for publicly visible type or member 'CsvExportOptions.ColumnsToExclude' [/home/redrocket/task-factory/workdir/aspnet-spa-template/AspNetSpaTemplate.csproj]
/home/redrocket/task-factory/workdir/aspnet-spa-template/Formatters/XmlFormatter.cs(164,17): warning CS1591: Missing XML comment for publicly visible type or member 'XmlExportOptions.Indent' [/home/redrocket/task-factory/workdir/aspnet-spa-template/AspNetSpaTemplate.csproj]
/home/redrocket/task-factory/workdir/aspnet-spa-template/Formatters/XmlFormatter.cs(165,17): warning CS1591: Missing XML comment for publicly visible type or member 'XmlExportOptions.OmitXmlDeclaration' [/home/redrocket/task-factory/workdir/aspnet-spa-template/AspNetSpaTemplate.csproj]
/home/redrocket/task-factory/workdir/aspnet-spa-template/Formatters/XmlFormatter.cs(166,19): warning CS1591: Missing XML comment for publicly visible type or member 'XmlExportOptions.IndentChars' [/home/redrocket/task-factory/workdir/aspnet-spa-template/AspNetSpaTemplate.csproj]
/home/redrocket/task-factory/workdir/aspnet-spa-template/Formatters/XmlFormatter.cs(167,19): warning CS1591: Missing XML comment for publicly visible type or member 'XmlExportOptions.RootElementName' [/home/redrocket/task-factory/workdir/aspnet-spa-template/AspNetSpaTemplate.csproj]
/home/redrocket/task-factory/workdir/aspnet-spa-template/Formatters/XmlFormatter.cs(168,19): warning CS1591: Missing XML comment for publicly visible type or member 'XmlExportOptions.ItemElementName' [/home/redrocket/task-factory/workdir/aspnet-spa-template/AspNetSpaTemplate.csproj]
/home/redrocket/task-factory/workdir/aspnet-spa-template/Formatters/XmlFormatter.cs(169,33): warning CS1591: Missing XML comment for publicly visible type or member 'XmlExportOptions.Encoding' [/home/redrocket/task-factory/workdir/aspnet-spa-template/AspNetSpaTemplate.csproj]
/home/redrocket/task-factory/workdir/aspnet-spa-template/Integration/ExternalApiClient.cs(24,9): warning CS1591: Missing XML comment for publicly visible type or member 'ExternalApiClient.ExternalApiClient(HttpClient, ILogger<ExternalApiClient>)' [/home/redrocket/task-factory/workdir/aspnet-spa-template/AspNetSpaTemplate.csproj]
/home/redrocket/task-factory/workdir/aspnet-spa-template/Integration/ExternalApiClient.cs(213,16): warning CS1591: Missing XML comment for publicly visible type or member 'ExternalApiConfig.BaseUrl' [/home/redrocket/task-factory/workdir/aspnet-spa-template/AspNetSpaTemplate.csproj]
/home/redrocket/task-factory/workdir/aspnet-spa-template/Integration/ExternalApiClient.cs(214,16): warning CS1591: Missing XML comment for publicly visible type or member 'ExternalApiConfig.ApiKey' [/home/redrocket/task-factory/workdir/aspnet-spa-template/AspNetSpaTemplate.csproj]
/home/redrocket/task-factory/workdir/aspnet-spa-template/Integration/ExternalApiClient.cs(215,18): warning CS1591: Missing XML comment for publicly visible type or member 'ExternalApiConfig.Timeout' [/home/redrocket/task-factory/workdir/aspnet-spa-template/AspNetSpaTemplate.csproj]
/home/redrocket/task-factory/workdir/aspnet-spa-template/Integration/ExternalApiClient.cs(216,13): warning CS1591: Missing XML comment for publicly visible type or member 'ExternalApiConfig.MaxRetries' [/home/redrocket/task-factory/workdir/aspnet-spa-template/AspNetSpaTemplate.csproj]
/home/redrocket/task-factory/workdir/aspnet-spa-template/Integration/ExternalApiClient.cs(217,14): warning CS1591: Missing XML comment for publicly visible type or member 'ExternalApiConfig.LogRequests' [/home/redrocket/task-factory/workdir/aspnet-spa-template/AspNetSpaTemplate.csproj]
/home/redrocket/task-factory/workdir/aspnet-spa-template/Integration/ExternalApiClient.cs(218,14): warning CS1591: Missing XML comment for publicly visible type or member 'ExternalApiConfig.LogResponses' [/home/redrocket/task-factory/workdir/aspnet-spa-template/AspNetSpaTemplate.csproj]
/home/redrocket/task-factory/workdir/aspnet-spa-template/Integration/IHttpClientFactory.cs(38,12): warning CS1591: Missing XML comment for publicly visible type or member 'DefaultHttpClientFactory.DefaultHttpClientFactory(ILogger<DefaultHttpClientFactory>)' [/home/redrocket/task-factory/workdir/aspnet-spa-template/AspNetSpaTemplate.csproj]
/home/redrocket/task-factory/workdir/aspnet-spa-template/Integration/IHttpClientFactory.cs(43,23): warning CS1591: Missing XML comment for publicly visible type or member 'DefaultHttpClientFactory.GetClient(string)' [/home/redrocket/task-factory/workdir/aspnet-spa-template/AspNetSpaTemplate.csproj]
/home/redrocket/task-factory/workdir/aspnet-spa-template/Integration/IHttpClientFactory.cs(48,23): warning CS1591: Missing XML comment for publicly visible type or member 'DefaultHttpClientFactory.GetClient(string, Action<HttpClient>)' [/home/redrocket/task-factory/workdir/aspnet-spa-template/AspNetSpaTemplate.csproj]
/home/redrocket/task-factory/workdir/aspnet-spa-template/Integration/NotificationService.cs(23,12): warning CS1591: Missing XML comment for publicly visible type or member 'NotificationService.NotificationService(ILogger<NotificationService>)' [/home/redrocket/task-factory/workdir/aspnet-spa-template/AspNetSpaTemplate.csproj]
/home/redrocket/task-factory/workdir/aspnet-spa-template/Integration/NotificationService.cs(175,29): warning CS1591: Missing XML comment for publicly visible type or member 'NotificationMessage.Type' [/home/redrocket/task-factory/workdir/aspnet-spa-template/AspNetSpaTemplate.csproj]
/home/redrocket/task-factory/workdir/aspnet-spa-template/Integration/NotificationService.cs(176,19): warning CS1591: Missing XML comment for publicly visible type or member 'NotificationMessage.Recipient' [/home/redrocket/task-factory/workdir/aspnet-spa-template/AspNetSpaTemplate.csproj]
/home/redrocket/task-factory/workdir/aspnet-spa-template/Integration/NotificationService.cs(177,17): warning CS1591: Missing XML comment for publicly visible type or member 'NotificationMessage.UserId' [/home/redrocket/task-factory/workdir/aspnet-spa-template/AspNetSpaTemplate.csproj]
/home/redrocket/task-factory/workdir/aspnet-spa-template/Integration/NotificationService.cs(178,19): warning CS1591: Missing XML comment for publicly visible type or member 'NotificationMessage.Subject' [/home/redrocket/task-factory/workdir/aspnet-spa-template/AspNetSpaTemplate.csproj]
/home/redrocket/task-factory/workdir/aspnet-spa-template/Integration/NotificationService.cs(179,19): warning CS1591: Missing XML comment for publicly visible type or member 'NotificationMessage.Body' [/home/redrocket/task-factory/workdir/aspnet-spa-template/AspNetSpaTemplate.csproj]
/home/redrocket/task-factory/workdir/aspnet-spa-template/Integration/NotificationService.cs(180,20): warning CS1591: Missing XML comment for publicly visible type or member 'NotificationMessage.Data' [/home/redrocket/task-factory/workdir/aspnet-spa-template/AspNetSpaTemplate.csproj]
/home/redrocket/task-factory/workdir/aspnet-spa-template/Integration/NotificationService.cs(181,21): warning CS1591: Missing XML comment for publicly visible type or member 'NotificationMessage.QueuedAt' [/home/redrocket/task-factory/workdir/aspnet-spa-template/AspNetSpaTemplate.csproj]
/home/redrocket/task-factory/workdir/aspnet-spa-template/Integration/NotificationService.cs(182,22): warning CS1591: Missing XML comment for publicly visible type or member 'NotificationMessage.SentAt' [/home/redrocket/task-factory/workdir/aspnet-spa-template/AspNetSpaTemplate.csproj]
/home/redrocket/task-factory/workdir/aspnet-spa-template/Integration/NotificationService.cs(183,17): warning CS1591: Missing XML comment for publicly visible type or member 'NotificationMessage.IsRetry' [/home/redrocket/task-factory/workdir/aspnet-spa-template/AspNetSpaTemplate.csproj]
/home/redrocket/task-factory/workdir/aspnet-spa-template/Integration/NotificationService.cs(186,13): warning CS1591: Missing XML comment for publicly visible type or member 'NotificationType' [/home/redrocket/task-factory/workdir/aspnet-spa-template/AspNetSpaTemplate.csproj]
/home/redrocket/task-factory/workdir/aspnet-spa-template/Integration/NotificationService.cs(188,5): warning CS1591: Missing XML comment for publicly visible type or member 'NotificationType.Email' [/home/redrocket/task-factory/workdir/aspnet-spa-template/AspNetSpaTemplate.csproj]
/home/redrocket/task-factory/workdir/aspnet-spa-template/Integration/NotificationService.cs(189,5): warning CS1591: Missing XML comment for publicly visible type or member 'NotificationType.Sms' [/home/redrocket/task-factory/workdir/aspnet-spa-template/AspNetSpaTemplate.csproj]
/home/redrocket/task-factory/workdir/aspnet-spa-template/Integration/NotificationService.cs(190,5): warning CS1591: Missing XML comment for publicly visible type or member 'NotificationType.Push' [/home/redrocket/task-factory/workdir/aspnet-spa-template/AspNetSpaTemplate.csproj]
/home/redrocket/task-factory/workdir/aspnet-spa-template/Integration/NotificationService.cs(191,5): warning CS1591: Missing XML comment for publicly visible type or member 'NotificationType.InApp' [/home/redrocket/task-factory/workdir/aspnet-spa-template/AspNetSpaTemplate.csproj]
/home/redrocket/task-factory/workdir/aspnet-spa-template/Integration/WebhookHandler.cs(25,9): warning CS1591: Missing XML comment for publicly visible type or member 'WebhookHandler.WebhookHandler(IEventBus, ILogger<WebhookHandler>)' [/home/redrocket/task-factory/workdir/aspnet-spa-template/AspNetSpaTemplate.csproj]
/home/redrocket/task-factory/workdir/aspnet-spa-template/Integration/WebhookHandler.cs(348,16): warning CS1591: Missing XML comment for publicly visible type or member 'WebhookRequest.Provider' [/home/redrocket/task-factory/workdir/aspnet-spa-template/AspNetSpaTemplate.csproj]
/home/redrocket/task-factory/workdir/aspnet-spa-template/Integration/WebhookHandler.cs(349,16): warning CS1591: Missing XML comment for publicly visible type or member 'WebhookRequest.Payload' [/home/redrocket/task-factory/workdir/aspnet-spa-template/AspNetSpaTemplate.csproj]
/home/redrocket/task-factory/workdir/aspnet-spa-template/Integration/WebhookHandler.cs(350,16): warning CS1591: Missing XML comment for publicly visible type or member 'WebhookRequest.Signature' [/home/redrocket/task-factory/workdir/aspnet-spa-template/AspNetSpaTemplate.csproj]
/home/redrocket/task-factory/workdir/aspnet-spa-template/Integration/WebhookHandler.cs(358,14): warning CS1591: Missing XML comment for publicly visible type or member 'WebhookResponse.Acknowledged' [/home/redrocket/task-factory/workdir/aspnet-spa-template/AspNetSpaTemplate.csproj]
/home/redrocket/task-factory/workdir/aspnet-spa-template/Integration/WebhookHandler.cs(359,17): warning CS1591: Missing XML comment for publicly visible type or member 'WebhookResponse.Message' [/home/redrocket/task-factory/workdir/aspnet-spa-template/AspNetSpaTemplate.csproj]
/home/redrocket/task-factory/workdir/aspnet-spa-template/Integration/WebhookHandler.cs(360,17): warning CS1591: Missing XML comment for publicly visible type or member 'WebhookResponse.ErrorCode' [/home/redrocket/task-factory/workdir/aspnet-spa-template/AspNetSpaTemplate.csproj]
/home/redrocket/task-factory/workdir/aspnet-spa-template/Middleware/AuthenticationMiddleware.cs(29,12): warning CS1591: Missing XML comment for publicly visible type or member 'AuthenticationMiddleware.AuthenticationMiddleware(RequestDelegate, ILogger<AuthenticationMiddleware>)' [/home/redrocket/task-factory/workdir/aspnet-spa-template/AspNetSpaTemplate.csproj]
/home/redrocket/task-factory/workdir/aspnet-spa-template/Middleware/AuthenticationMiddleware.cs(35,23): warning CS1591: Missing XML comment for publicly visible type or member 'AuthenticationMiddleware.InvokeAsync(HttpContext)' [/home/redrocket/task-factory/workdir/aspnet-spa-template/AspNetSpaTemplate.csproj]
/home/redrocket/task-factory/workdir/aspnet-spa-template/Middleware/CorrelationIdMiddleware.cs(22,12): warning CS1591: Missing XML comment for publicly visible type or member 'CorrelationIdMiddleware.CorrelationIdMiddleware(RequestDelegate, ILogger<CorrelationIdMiddleware>)' [/home/redrocket/task-factory/workdir/aspnet-spa-template/AspNetSpaTemplate.csproj]
/home/redrocket/task-factory/workdir/aspnet-spa-template/Middleware/CorrelationIdMiddleware.cs(28,23): warning CS1591: Missing XML comment for publicly visible type or member 'CorrelationIdMiddleware.InvokeAsync(HttpContext)' [/home/redrocket/task-factory/workdir/aspnet-spa-template/AspNetSpaTemplate.csproj]
/home/redrocket/task-factory/workdir/aspnet-spa-template/Middleware/CorrelationIdMiddleware.cs(112,19): warning CS1591: Missing XML comment for publicly visible type or member 'CorrelationContext.CorrelationId' [/home/redrocket/task-factory/workdir/aspnet-spa-template/AspNetSpaTemplate.csproj]
/home/redrocket/task-factory/workdir/aspnet-spa-template/Middleware/CorrelationIdMiddleware.cs(113,19): warning CS1591: Missing XML comment for publicly visible type or member 'CorrelationContext.ClientIp' [/home/redrocket/task-factory/workdir/aspnet-spa-template/AspNetSpaTemplate.csproj]
/home/redrocket/task-factory/workdir/aspnet-spa-template/Middleware/CorrelationIdMiddleware.cs(114,19): warning CS1591: Missing XML comment for publicly visible type or member 'CorrelationContext.UserAgent' [/home/redrocket/task-factory/workdir/aspnet-spa-template/AspNetSpaTemplate.csproj]
/home/redrocket/task-factory/workdir/aspnet-spa-template/Middleware/CorrelationIdMiddleware.cs(115,21): warning CS1591: Missing XML comment for publicly visible type or member 'CorrelationContext.Timestamp' [/home/redrocket/task-factory/workdir/aspnet-spa-template/AspNetSpaTemplate.csproj]
/home/redrocket/task-factory/workdir/aspnet-spa-template/Middleware/CorrelationIdMiddleware.cs(117,38): warning CS1591: Missing XML comment for publicly visible type or member 'CorrelationContext.FromHttpContext(HttpContext)' [/home/redrocket/task-factory/workdir/aspnet-spa-template/AspNetSpaTemplate.csproj]
/home/redrocket/task-factory/workdir/aspnet-spa-template/Middleware/ExceptionHandlingMiddleware.cs(21,12): warning CS1591: Missing XML comment for publicly visible type or member 'ExceptionHandlingMiddleware.ExceptionHandlingMiddleware(RequestDelegate, ILogger<ExceptionHandlingMiddleware>)' [/home/redrocket/task-factory/workdir/aspnet-spa-template/AspNetSpaTemplate.csproj]
/home/redrocket/task-factory/workdir/aspnet-spa-template/Middleware/ExceptionHandlingMiddleware.cs(27,23): warning CS1591: Missing XML comment for publicly visible type or member 'ExceptionHandlingMiddleware.InvokeAsync(HttpContext)' [/home/redrocket/task-factory/workdir/aspnet-spa-template/AspNetSpaTemplate.csproj]
/home/redrocket/task-factory/workdir/aspnet-spa-template/Middleware/LoggingMiddleware.cs(19,12): warning CS1591: Missing XML comment for publicly visible type or member 'LoggingMiddleware.LoggingMiddleware(RequestDelegate, ILogger<LoggingMiddleware>)' [/home/redrocket/task-factory/workdir/aspnet-spa-template/AspNetSpaTemplate.csproj]
/home/redrocket/task-factory/workdir/aspnet-spa-template/Middleware/LoggingMiddleware.cs(25,23): warning CS1591: Missing XML comment for publicly visible type or member 'LoggingMiddleware.InvokeAsync(HttpContext)' [/home/redrocket/task-factory/workdir/aspnet-spa-template/AspNetSpaTemplate.csproj]
/home/redrocket/task-factory/workdir/aspnet-spa-template/Middleware/RateLimitingMiddleware.cs(28,12): warning CS1591: Missing XML comment for publicly visible type or member 'RateLimitingMiddleware.RateLimitingMiddleware(RequestDelegate, ILogger<RateLimitingMiddleware>)' [/home/redrocket/task-factory/workdir/aspnet-spa-template/AspNetSpaTemplate.csproj]
/home/redrocket/task-factory/workdir/aspnet-spa-template/Middleware/RateLimitingMiddleware.cs(34,23): warning CS1591: Missing XML comment for publicly visible type or member 'RateLimitingMiddleware.InvokeAsync(HttpContext)' [/home/redrocket/task-factory/workdir/aspnet-spa-template/AspNetSpaTemplate.csproj]
/home/redrocket/task-factory/workdir/aspnet-spa-template/Middleware/RateLimitingMiddleware.cs(154,16): warning CS1591: Missing XML comment for publicly visible type or member 'RateLimitConfig.RequestsPerMinute' [/home/redrocket/task-factory/workdir/aspnet-spa-template/AspNetSpaTemplate.csproj]
/home/redrocket/task-factory/workdir/aspnet-spa-template/Middleware/RateLimitingMiddleware.cs(155,16): warning CS1591: Missing XML comment for publicly visible type or member 'RateLimitConfig.RequestsPerHour' [/home/redrocket/task-factory/workdir/aspnet-spa-template/AspNetSpaTemplate.csproj]
/home/redrocket/task-factory/workdir/aspnet-spa-template/Middleware/RateLimitingMiddleware.cs(156,25): warning CS1591: Missing XML comment for publicly visible type or member 'RateLimitConfig.ExemptPaths' [/home/redrocket/task-factory/workdir/aspnet-spa-template/AspNetSpaTemplate.csproj]
/home/redrocket/task-factory/workdir/aspnet-spa-template/Middleware/RateLimitingMiddleware.cs(157,17): warning CS1591: Missing XML comment for publicly visible type or member 'RateLimitConfig.EnableByIpAddress' [/home/redrocket/task-factory/workdir/aspnet-spa-template/AspNetSpaTemplate.csproj]
/home/redrocket/task-factory/workdir/aspnet-spa-template/Middleware/RateLimitingMiddleware.cs(158,17): warning CS1591: Missing XML comment for publicly visible type or member 'RateLimitConfig.EnableByApiKey' [/home/redrocket/task-factory/workdir/aspnet-spa-template/AspNetSpaTemplate.csproj]
/home/redrocket/task-factory/workdir/aspnet-spa-template/Middleware/RequestResponseLoggingMiddleware.cs(19,25): warning CS1591: Missing XML comment for publicly visible type or member 'LoggingMiddlewareOptions.SectionName' [/home/redrocket/task-factory/workdir/aspnet-spa-template/AspNetSpaTemplate.csproj]
/home/redrocket/task-factory/workdir/aspnet-spa-template/Middleware/RequestResponseLoggingMiddleware.cs(32,17): warning CS1591: Missing XML comment for publicly visible type or member 'LoggingMiddlewareOptions.LogRequestHeaders' [/home/redrocket/task-factory/workdir/aspnet-spa-template/AspNetSpaTemplate.csproj]
/home/redrocket/task-factory/workdir/aspnet-spa-template/Middleware/RequestResponseLoggingMiddleware.cs(33,17): warning CS1591: Missing XML comment for publicly visible type or member 'LoggingMiddlewareOptions.LogResponseHeaders' [/home/redrocket/task-factory/workdir/aspnet-spa-template/AspNetSpaTemplate.csproj]
/home/redrocket/task-factory/workdir/aspnet-spa-template/Middleware/RequestResponseLoggingMiddleware.cs(34,17): warning CS1591: Missing XML comment for publicly visible type or member 'LoggingMiddlewareOptions.LogRequestBody' [/home/redrocket/task-factory/workdir/aspnet-spa-template/AspNetSpaTemplate.csproj]
/home/redrocket/task-factory/workdir/aspnet-spa-template/Middleware/RequestResponseLoggingMiddleware.cs(35,17): warning CS1591: Missing XML comment for publicly visible type or member 'LoggingMiddlewareOptions.LogResponseBody' [/home/redrocket/task-factory/workdir/aspnet-spa-template/AspNetSpaTemplate.csproj]
/home/redrocket/task-factory/workdir/aspnet-spa-template/Middleware/RequestResponseLoggingMiddleware.cs(36,16): warning CS1591: Missing XML comment for publicly visible type or member 'LoggingMiddlewareOptions.SlowRequestThresholdMs' [/home/redrocket/task-factory/workdir/aspnet-spa-template/AspNetSpaTemplate.csproj]
/home/redrocket/task-factory/workdir/aspnet-spa-template/Middleware/RequestResponseLoggingMiddleware.cs(37,25): warning CS1591: Missing XML comment for publicly visible type or member 'LoggingMiddlewareOptions.ExcludedPaths' [/home/redrocket/task-factory/workdir/aspnet-spa-template/AspNetSpaTemplate.csproj]
/home/redrocket/task-factory/workdir/aspnet-spa-template/Middleware/RequestResponseLoggingMiddleware.cs(64,12): warning CS1591: Missing XML comment for publicly visible type or member 'RequestResponseLoggingMiddleware.RequestResponseLoggingMiddleware(RequestDelegate, ILogger<RequestResponseLoggingMiddleware>, IOptions<LoggingMiddlewareOptions>)' [/home/redrocket/task-factory/workdir/aspnet-spa-template/AspNetSpaTemplate.csproj]
/home/redrocket/task-factory/workdir/aspnet-spa-template/Middleware/RequestResponseLoggingMiddleware.cs(74,23): warning CS1591: Missing XML comment for publicly visible type or member 'RequestResponseLoggingMiddleware.InvokeAsync(HttpContext)' [/home/redrocket/task-factory/workdir/aspnet-spa-template/AspNetSpaTemplate.csproj]
/home/redrocket/task-factory/workdir/aspnet-spa-template/Models/Order.cs(16,16): warning CS1591: Missing XML comment for publicly visible type or member 'Order.Id' [/home/redrocket/task-factory/workdir/aspnet-spa-template/AspNetSpaTemplate.csproj]
/home/redrocket/task-factory/workdir/aspnet-spa-template/Models/Order.cs(17,16): warning CS1591: Missing XML comment for publicly visible type or member 'Order.UserId' [/home/redrocket/task-factory/workdir/aspnet-spa-template/AspNetSpaTemplate.csproj]
/home/redrocket/task-factory/workdir/aspnet-spa-template/Models/Order.cs(18,19): warning CS1591: Missing XML comment for publicly visible type or member 'Order.OrderNumber' [/home/redrocket/task-factory/workdir/aspnet-spa-template/AspNetSpaTemplate.csproj]
/home/redrocket/task-factory/workdir/aspnet-spa-template/Models/Order.cs(19,24): warning CS1591: Missing XML comment for publicly visible type or member 'Order.Status' [/home/redrocket/task-factory/workdir/aspnet-spa-template/AspNetSpaTemplate.csproj]
/home/redrocket/task-factory/workdir/aspnet-spa-template/Models/Order.cs(20,20): warning CS1591: Missing XML comment for publicly visible type or member 'Order.SubTotal' [/home/redrocket/task-factory/workdir/aspnet-spa-template/AspNetSpaTemplate.csproj]
/home/redrocket/task-factory/workdir/aspnet-spa-template/Models/Order.cs(21,20): warning CS1591: Missing XML comment for publicly visible type or member 'Order.TaxAmount' [/home/redrocket/task-factory/workdir/aspnet-spa-template/AspNetSpaTemplate.csproj]
/home/redrocket/task-factory/workdir/aspnet-spa-template/Models/Order.cs(22,20): warning CS1591: Missing XML comment for publicly visible type or member 'Order.ShippingCost' [/home/redrocket/task-factory/workdir/aspnet-spa-template/AspNetSpaTemplate.csproj]
/home/redrocket/task-factory/workdir/aspnet-spa-template/Models/Order.cs(23,20): warning CS1591: Missing XML comment for publicly visible type or member 'Order.Discount' [/home/redrocket/task-factory/workdir/aspnet-spa-template/AspNetSpaTemplate.csproj]
/home/redrocket/task-factory/workdir/aspnet-spa-template/Models/Order.cs(24,20): warning CS1591: Missing XML comment for publicly visible type or member 'Order.Total' [/home/redrocket/task-factory/workdir/aspnet-spa-template/AspNetSpaTemplate.csproj]
/home/redrocket/task-factory/workdir/aspnet-spa-template/Models/Order.cs(25,20): warning CS1591: Missing XML comment for publicly visible type or member 'Order.ShippingAddress' [/home/redrocket/task-factory/workdir/aspnet-spa-template/AspNetSpaTemplate.csproj]
/home/redrocket/task-factory/workdir/aspnet-spa-template/Models/Order.cs(26,20): warning CS1591: Missing XML comment for publicly visible type or member 'Order.BillingAddress' [/home/redrocket/task-factory/workdir/aspnet-spa-template/AspNetSpaTemplate.csproj]
/home/redrocket/task-factory/workdir/aspnet-spa-template/Models/Order.cs(27,20): warning CS1591: Missing XML comment for publicly visible type or member 'Order.Notes' [/home/redrocket/task-factory/workdir/aspnet-spa-template/AspNetSpaTemplate.csproj]
/home/redrocket/task-factory/workdir/aspnet-spa-template/Models/Order.cs(28,21): warning CS1591: Missing XML comment for publicly visible type or member 'Order.OrderedAt' [/home/redrocket/task-factory/workdir/aspnet-spa-template/AspNetSpaTemplate.csproj]
/home/redrocket/task-factory/workdir/aspnet-spa-template/Models/Order.cs(29,22): warning CS1591: Missing XML comment for publicly visible type or member 'Order.ShippedAt' [/home/redrocket/task-factory/workdir/aspnet-spa-template/AspNetSpaTemplate.csproj]
/home/redrocket/task-factory/workdir/aspnet-spa-template/Models/Order.cs(30,22): warning CS1591: Missing XML comment for publicly visible type or member 'Order.DeliveredAt' [/home/redrocket/task-factory/workdir/aspnet-spa-template/AspNetSpaTemplate.csproj]
/home/redrocket/task-factory/workdir/aspnet-spa-template/Models/Order.cs(31,22): warning CS1591: Missing XML comment for publicly visible type or member 'Order.CancelledAt' [/home/redrocket/task-factory/workdir/aspnet-spa-template/AspNetSpaTemplate.csproj]
/home/redrocket/task-factory/workdir/aspnet-spa-template/Models/Order.cs(34,18): warning CS1591: Missing XML comment for publicly visible type or member 'Order.User' [/home/redrocket/task-factory/workdir/aspnet-spa-template/AspNetSpaTemplate.csproj]
/home/redrocket/task-factory/workdir/aspnet-spa-template/Models/Order.cs(35,36): warning CS1591: Missing XML comment for publicly visible type or member 'Order.Items' [/home/redrocket/task-factory/workdir/aspnet-spa-template/AspNetSpaTemplate.csproj]
/home/redrocket/task-factory/workdir/aspnet-spa-template/Models/Order.cs(37,16): warning CS1591: Missing XML comment for publicly visible type or member 'Order.GetTotalItems()' [/home/redrocket/task-factory/workdir/aspnet-spa-template/AspNetSpaTemplate.csproj]
/home/redrocket/task-factory/workdir/aspnet-spa-template/Models/Order.cs(39,17): warning CS1591: Missing XML comment for publicly visible type or member 'Order.CanBeCancelled()' [/home/redrocket/task-factory/workdir/aspnet-spa-template/AspNetSpaTemplate.csproj]
/home/redrocket/task-factory/workdir/aspnet-spa-template/Models/Order.cs(41,17): warning CS1591: Missing XML comment for publicly visible type or member 'Order.CanBeProcessed()' [/home/redrocket/task-factory/workdir/aspnet-spa-template/AspNetSpaTemplate.csproj]
/home/redrocket/task-factory/workdir/aspnet-spa-template/Models/Order.cs(43,17): warning CS1591: Missing XML comment for publicly visible type or member 'Order.Cancel(string?)' [/home/redrocket/task-factory/workdir/aspnet-spa-template/AspNetSpaTemplate.csproj]
/home/redrocket/task-factory/workdir/aspnet-spa-template/Models/Order.cs(52,17): warning CS1591: Missing XML comment for publicly visible type or member 'Order.MarkAsProcessing()' [/home/redrocket/task-factory/workdir/aspnet-spa-template/AspNetSpaTemplate.csproj]
/home/redrocket/task-factory/workdir/aspnet-spa-template/Models/Order.cs(60,17): warning CS1591: Missing XML comment for publicly visible type or member 'Order.MarkAsShipped(string)' [/home/redrocket/task-factory/workdir/aspnet-spa-template/AspNetSpaTemplate.csproj]
/home/redrocket/task-factory/workdir/aspnet-spa-template/Models/Order.cs(69,17): warning CS1591: Missing XML comment for publicly visible type or member 'Order.MarkAsDelivered()' [/home/redrocket/task-factory/workdir/aspnet-spa-template/AspNetSpaTemplate.csproj]
/home/redrocket/task-factory/workdir/aspnet-spa-template/Models/Order.cs(78,17): warning CS1591: Missing XML comment for publicly visible type or member 'Order.ApplyDiscount(decimal)' [/home/redrocket/task-factory/workdir/aspnet-spa-template/AspNetSpaTemplate.csproj]
/home/redrocket/task-factory/workdir/aspnet-spa-template/Models/Order.cs(87,17): warning CS1591: Missing XML comment for publicly visible type or member 'Order.RecalculateTotal()' [/home/redrocket/task-factory/workdir/aspnet-spa-template/AspNetSpaTemplate.csproj]
/home/redrocket/task-factory/workdir/aspnet-spa-template/Models/Order.cs(94,17): warning CS1591: Missing XML comment for publicly visible type or member 'Order.IsRecent(int)' [/home/redrocket/task-factory/workdir/aspnet-spa-template/AspNetSpaTemplate.csproj]
/home/redrocket/task-factory/workdir/aspnet-spa-template/Models/OrderItem.cs(14,16): warning CS1591: Missing XML comment for publicly visible type or member 'OrderItem.Id' [/home/redrocket/task-factory/workdir/aspnet-spa-template/AspNetSpaTemplate.csproj]
/home/redrocket/task-factory/workdir/aspnet-spa-template/Models/OrderItem.cs(15,16): warning CS1591: Missing XML comment for publicly visible type or member 'OrderItem.OrderId' [/home/redrocket/task-factory/workdir/aspnet-spa-template/AspNetSpaTemplate.csproj]
/home/redrocket/task-factory/workdir/aspnet-spa-template/Models/OrderItem.cs(16,16): warning CS1591: Missing XML comment for publicly visible type or member 'OrderItem.ProductId' [/home/redrocket/task-factory/workdir/aspnet-spa-template/AspNetSpaTemplate.csproj]
/home/redrocket/task-factory/workdir/aspnet-spa-template/Models/OrderItem.cs(17,16): warning CS1591: Missing XML comment for publicly visible type or member 'OrderItem.Quantity' [/home/redrocket/task-factory/workdir/aspnet-spa-template/AspNetSpaTemplate.csproj]
/home/redrocket/task-factory/workdir/aspnet-spa-template/Models/OrderItem.cs(18,20): warning CS1591: Missing XML comment for publicly visible type or member 'OrderItem.UnitPrice' [/home/redrocket/task-factory/workdir/aspnet-spa-template/AspNetSpaTemplate.csproj]
/home/redrocket/task-factory/workdir/aspnet-spa-template/Models/OrderItem.cs(19,20): warning CS1591: Missing XML comment for publicly visible type or member 'OrderItem.TaxAmount' [/home/redrocket/task-factory/workdir/aspnet-spa-template/AspNetSpaTemplate.csproj]
/home/redrocket/task-factory/workdir/aspnet-spa-template/Models/OrderItem.cs(20,20): warning CS1591: Missing XML comment for publicly visible type or member 'OrderItem.Discount' [/home/redrocket/task-factory/workdir/aspnet-spa-template/AspNetSpaTemplate.csproj]
/home/redrocket/task-factory/workdir/aspnet-spa-template/Models/OrderItem.cs(21,20): warning CS1591: Missing XML comment for publicly visible type or member 'OrderItem.Total' [/home/redrocket/task-factory/workdir/aspnet-spa-template/AspNetSpaTemplate.csproj]
/home/redrocket/task-factory/workdir/aspnet-spa-template/Models/OrderItem.cs(24,19): warning CS1591: Missing XML comment for publicly visible type or member 'OrderItem.Order' [/home/redrocket/task-factory/workdir/aspnet-spa-template/AspNetSpaTemplate.csproj]
/home/redrocket/task-factory/workdir/aspnet-spa-template/Models/OrderItem.cs(25,21): warning CS1591: Missing XML comment for publicly visible type or member 'OrderItem.Product' [/home/redrocket/task-factory/workdir/aspnet-spa-template/AspNetSpaTemplate.csproj]
/home/redrocket/task-factory/workdir/aspnet-spa-template/Models/OrderItem.cs(27,20): warning CS1591: Missing XML comment for publicly visible type or member 'OrderItem.GetSubtotal()' [/home/redrocket/task-factory/workdir/aspnet-spa-template/AspNetSpaTemplate.csproj]
/home/redrocket/task-factory/workdir/aspnet-spa-template/Models/OrderItem.cs(29,20): warning CS1591: Missing XML comment for publicly visible type or member 'OrderItem.GetTotalWithTax()' [/home/redrocket/task-factory/workdir/aspnet-spa-template/AspNetSpaTemplate.csproj]
/home/redrocket/task-factory/workdir/aspnet-spa-template/Models/OrderItem.cs(31,17): warning CS1591: Missing XML comment for publicly visible type or member 'OrderItem.RecalculateTotal()' [/home/redrocket/task-factory/workdir/aspnet-spa-template/AspNetSpaTemplate.csproj]
/home/redrocket/task-factory/workdir/aspnet-spa-template/Models/OrderItem.cs(38,20): warning CS1591: Missing XML comment for publicly visible type or member 'OrderItem.GetDiscount()' [/home/redrocket/task-factory/workdir/aspnet-spa-template/AspNetSpaTemplate.csproj]
/home/redrocket/task-factory/workdir/aspnet-spa-template/Models/OrderItem.cs(40,17): warning CS1591: Missing XML comment for publicly visible type or member 'OrderItem.ApplyDiscount(decimal)' [/home/redrocket/task-factory/workdir/aspnet-spa-template/AspNetSpaTemplate.csproj]
/home/redrocket/task-factory/workdir/aspnet-spa-template/Models/OrderItem.cs(52,20): warning CS1591: Missing XML comment for publicly visible type or member 'OrderItem.GetAveragePricePerUnit()' [/home/redrocket/task-factory/workdir/aspnet-spa-template/AspNetSpaTemplate.csproj]
/home/redrocket/task-factory/workdir/aspnet-spa-template/Models/OrderItem.cs(54,17): warning CS1591: Missing XML comment for publicly visible type or member 'OrderItem.IsValid()' [/home/redrocket/task-factory/workdir/aspnet-spa-template/AspNetSpaTemplate.csproj]
/home/redrocket/task-factory/workdir/aspnet-spa-template/Models/Product.cs(16,16): warning CS1591: Missing XML comment for publicly visible type or member 'Product.Id' [/home/redrocket/task-factory/workdir/aspnet-spa-template/AspNetSpaTemplate.csproj]
/home/redrocket/task-factory/workdir/aspnet-spa-template/Models/Product.cs(17,19): warning CS1591: Missing XML comment for publicly visible type or member 'Product.Name' [/home/redrocket/task-factory/workdir/aspnet-spa-template/AspNetSpaTemplate.csproj]
/home/redrocket/task-factory/workdir/aspnet-spa-template/Models/Product.cs(18,19): warning CS1591: Missing XML comment for publicly visible type or member 'Product.Description' [/home/redrocket/task-factory/workdir/aspnet-spa-template/AspNetSpaTemplate.csproj]
/home/redrocket/task-factory/workdir/aspnet-spa-template/Models/Product.cs(19,20): warning CS1591: Missing XML comment for publicly visible type or member 'Product.Price' [/home/redrocket/task-factory/workdir/aspnet-spa-template/AspNetSpaTemplate.csproj]
/home/redrocket/task-factory/workdir/aspnet-spa-template/Models/Product.cs(20,16): warning CS1591: Missing XML comment for publicly visible type or member 'Product.StockQuantity' [/home/redrocket/task-factory/workdir/aspnet-spa-template/AspNetSpaTemplate.csproj]
/home/redrocket/task-factory/workdir/aspnet-spa-template/Models/Product.cs(21,28): warning CS1591: Missing XML comment for publicly visible type or member 'Product.Category' [/home/redrocket/task-factory/workdir/aspnet-spa-template/AspNetSpaTemplate.csproj]
/home/redrocket/task-factory/workdir/aspnet-spa-template/Models/Product.cs(22,20): warning CS1591: Missing XML comment for publicly visible type or member 'Product.ImageUrl' [/home/redrocket/task-factory/workdir/aspnet-spa-template/AspNetSpaTemplate.csproj]
/home/redrocket/task-factory/workdir/aspnet-spa-template/Models/Product.cs(23,20): warning CS1591: Missing XML comment for publicly visible type or member 'Product.Sku' [/home/redrocket/task-factory/workdir/aspnet-spa-template/AspNetSpaTemplate.csproj]
/home/redrocket/task-factory/workdir/aspnet-spa-template/Models/Product.cs(24,20): warning CS1591: Missing XML comment for publicly visible type or member 'Product.Rating' [/home/redrocket/task-factory/workdir/aspnet-spa-template/AspNetSpaTemplate.csproj]
/home/redrocket/task-factory/workdir/aspnet-spa-template/Models/Product.cs(25,16): warning CS1591: Missing XML comment for publicly visible type or member 'Product.ReviewCount' [/home/redrocket/task-factory/workdir/aspnet-spa-template/AspNetSpaTemplate.csproj]
/home/redrocket/task-factory/workdir/aspnet-spa-template/Models/Product.cs(26,17): warning CS1591: Missing XML comment for publicly visible type or member 'Product.IsAvailable' [/home/redrocket/task-factory/workdir/aspnet-spa-template/AspNetSpaTemplate.csproj]
/home/redrocket/task-factory/workdir/aspnet-spa-template/Models/Product.cs(27,17): warning CS1591: Missing XML comment for publicly visible type or member 'Product.IsFeatured' [/home/redrocket/task-factory/workdir/aspnet-spa-template/AspNetSpaTemplate.csproj]
/home/redrocket/task-factory/workdir/aspnet-spa-template/Models/Product.cs(28,21): warning CS1591: Missing XML comment for publicly visible type or member 'Product.CreatedAt' [/home/redrocket/task-factory/workdir/aspnet-spa-template/AspNetSpaTemplate.csproj]
/home/redrocket/task-factory/workdir/aspnet-spa-template/Models/Product.cs(29,22): warning CS1591: Missing XML comment for publicly visible type or member 'Product.UpdatedAt' [/home/redrocket/task-factory/workdir/aspnet-spa-template/AspNetSpaTemplate.csproj]
/home/redrocket/task-factory/workdir/aspnet-spa-template/Models/Product.cs(32,36): warning CS1591: Missing XML comment for publicly visible type or member 'Product.OrderItems' [/home/redrocket/task-factory/workdir/aspnet-spa-template/AspNetSpaTemplate.csproj]
/home/redrocket/task-factory/workdir/aspnet-spa-template/Models/Product.cs(33,33): warning CS1591: Missing XML comment for publicly visible type or member 'Product.Reviews' [/home/redrocket/task-factory/workdir/aspnet-spa-template/AspNetSpaTemplate.csproj]
/home/redrocket/task-factory/workdir/aspnet-spa-template/Models/Product.cs(35,17): warning CS1591: Missing XML comment for publicly visible type or member 'Product.IsInStock()' [/home/redrocket/task-factory/workdir/aspnet-spa-template/AspNetSpaTemplate.csproj]
/home/redrocket/task-factory/workdir/aspnet-spa-template/Models/Product.cs(37,17): warning CS1591: Missing XML comment for publicly visible type or member 'Product.CanPurchase(int)' [/home/redrocket/task-factory/workdir/aspnet-spa-template/AspNetSpaTemplate.csproj]
/home/redrocket/task-factory/workdir/aspnet-spa-template/Models/Product.cs(39,17): warning CS1591: Missing XML comment for publicly visible type or member 'Product.ReduceStock(int)' [/home/redrocket/task-factory/workdir/aspnet-spa-template/AspNetSpaTemplate.csproj]
/home/redrocket/task-factory/workdir/aspnet-spa-template/Models/Product.cs(48,17): warning CS1591: Missing XML comment for publicly visible type or member 'Product.IncreaseStock(int)' [/home/redrocket/task-factory/workdir/aspnet-spa-template/AspNetSpaTemplate.csproj]
/home/redrocket/task-factory/workdir/aspnet-spa-template/Models/Product.cs(57,20): warning CS1591: Missing XML comment for publicly visible type or member 'Product.GetTaxAmount()' [/home/redrocket/task-factory/workdir/aspnet-spa-template/AspNetSpaTemplate.csproj]
/home/redrocket/task-factory/workdir/aspnet-spa-template/Models/Product.cs(59,20): warning CS1591: Missing XML comment for publicly visible type or member 'Product.GetPriceWithTax()' [/home/redrocket/task-factory/workdir/aspnet-spa-template/AspNetSpaTemplate.csproj]
/home/redrocket/task-factory/workdir/aspnet-spa-template/Models/Product.cs(61,17): warning CS1591: Missing XML comment for publicly visible type or member 'Product.UpdateRating(decimal, int)' [/home/redrocket/task-factory/workdir/aspnet-spa-template/AspNetSpaTemplate.csproj]
/home/redrocket/task-factory/workdir/aspnet-spa-template/Models/Product.cs(71,17): warning CS1591: Missing XML comment for publicly visible type or member 'Product.UpdateDetails(string, string, decimal, ProductCategory, string?)' [/home/redrocket/task-factory/workdir/aspnet-spa-template/AspNetSpaTemplate.csproj]
/home/redrocket/task-factory/workdir/aspnet-spa-template/Models/Product.cs(81,17): warning CS1591: Missing XML comment for publicly visible type or member 'Product.SetAvailability(bool)' [/home/redrocket/task-factory/workdir/aspnet-spa-template/AspNetSpaTemplate.csproj]
/home/redrocket/task-factory/workdir/aspnet-spa-template/Models/Product.cs(87,17): warning CS1591: Missing XML comment for publicly visible type or member 'Product.SetFeatured(bool)' [/home/redrocket/task-factory/workdir/aspnet-spa-template/AspNetSpaTemplate.csproj]
/home/redrocket/task-factory/workdir/aspnet-spa-template/Models/Review.cs(14,16): warning CS1591: Missing XML comment for publicly visible type or member 'Review.Id' [/home/redrocket/task-factory/workdir/aspnet-spa-template/AspNetSpaTemplate.csproj]
/home/redrocket/task-factory/workdir/aspnet-spa-template/Models/Review.cs(15,16): warning CS1591: Missing XML comment for publicly visible type or member 'Review.ProductId' [/home/redrocket/task-factory/workdir/aspnet-spa-template/AspNetSpaTemplate.csproj]
/home/redrocket/task-factory/workdir/aspnet-spa-template/Models/Review.cs(16,16): warning CS1591: Missing XML comment for publicly visible type or member 'Review.UserId' [/home/redrocket/task-factory/workdir/aspnet-spa-template/AspNetSpaTemplate.csproj]
/home/redrocket/task-factory/workdir/aspnet-spa-template/Models/Review.cs(17,16): warning CS1591: Missing XML comment for publicly visible type or member 'Review.Rating' [/home/redrocket/task-factory/workdir/aspnet-spa-template/AspNetSpaTemplate.csproj]
/home/redrocket/task-factory/workdir/aspnet-spa-template/Models/Review.cs(18,19): warning CS1591: Missing XML comment for publicly visible type or member 'Review.Title' [/home/redrocket/task-factory/workdir/aspnet-spa-template/AspNetSpaTemplate.csproj]
/home/redrocket/task-factory/workdir/aspnet-spa-template/Models/Review.cs(19,19): warning CS1591: Missing XML comment for publicly visible type or member 'Review.Content' [/home/redrocket/task-factory/workdir/aspnet-spa-template/AspNetSpaTemplate.csproj]
/home/redrocket/task-factory/workdir/aspnet-spa-template/Models/Review.cs(20,16): warning CS1591: Missing XML comment for publicly visible type or member 'Review.HelpfulCount' [/home/redrocket/task-factory/workdir/aspnet-spa-template/AspNetSpaTemplate.csproj]
/home/redrocket/task-factory/workdir/aspnet-spa-template/Models/Review.cs(21,17): warning CS1591: Missing XML comment for publicly visible type or member 'Review.IsVerifiedPurchase' [/home/redrocket/task-factory/workdir/aspnet-spa-template/AspNetSpaTemplate.csproj]
/home/redrocket/task-factory/workdir/aspnet-spa-template/Models/Review.cs(22,17): warning CS1591: Missing XML comment for publicly visible type or member 'Review.IsApproved' [/home/redrocket/task-factory/workdir/aspnet-spa-template/AspNetSpaTemplate.csproj]
/home/redrocket/task-factory/workdir/aspnet-spa-template/Models/Review.cs(23,21): warning CS1591: Missing XML comment for publicly visible type or member 'Review.CreatedAt' [/home/redrocket/task-factory/workdir/aspnet-spa-template/AspNetSpaTemplate.csproj]
/home/redrocket/task-factory/workdir/aspnet-spa-template/Models/Review.cs(24,22): warning CS1591: Missing XML comment for publicly visible type or member 'Review.UpdatedAt' [/home/redrocket/task-factory/workdir/aspnet-spa-template/AspNetSpaTemplate.csproj]
/home/redrocket/task-factory/workdir/aspnet-spa-template/Models/Review.cs(27,21): warning CS1591: Missing XML comment for publicly visible type or member 'Review.Product' [/home/redrocket/task-factory/workdir/aspnet-spa-template/AspNetSpaTemplate.csproj]
/home/redrocket/task-factory/workdir/aspnet-spa-template/Models/Review.cs(28,18): warning CS1591: Missing XML comment for publicly visible type or member 'Review.User' [/home/redrocket/task-factory/workdir/aspnet-spa-template/AspNetSpaTemplate.csproj]
/home/redrocket/task-factory/workdir/aspnet-spa-template/Models/Review.cs(30,17): warning CS1591: Missing XML comment for publicly visible type or member 'Review.IsValidRating()' [/home/redrocket/task-factory/workdir/aspnet-spa-template/AspNetSpaTemplate.csproj]
/home/redrocket/task-factory/workdir/aspnet-spa-template/Models/Review.cs(32,17): warning CS1591: Missing XML comment for publicly visible type or member 'Review.IsRecent(int)' [/home/redrocket/task-factory/workdir/aspnet-spa-template/AspNetSpaTemplate.csproj]
/home/redrocket/task-factory/workdir/aspnet-spa-template/Models/Review.cs(34,17): warning CS1591: Missing XML comment for publicly visible type or member 'Review.MarkAsHelpful()' [/home/redrocket/task-factory/workdir/aspnet-spa-template/AspNetSpaTemplate.csproj]
/home/redrocket/task-factory/workdir/aspnet-spa-template/Models/Review.cs(39,17): warning CS1591: Missing XML comment for publicly visible type or member 'Review.UpdateReview(int, string, string)' [/home/redrocket/task-factory/workdir/aspnet-spa-template/AspNetSpaTemplate.csproj]
/home/redrocket/task-factory/workdir/aspnet-spa-template/Models/Review.cs(50,17): warning CS1591: Missing XML comment for publicly visible type or member 'Review.Approve()' [/home/redrocket/task-factory/workdir/aspnet-spa-template/AspNetSpaTemplate.csproj]
/home/redrocket/task-factory/workdir/aspnet-spa-template/Models/Review.cs(56,17): warning CS1591: Missing XML comment for publicly visible type or member 'Review.Reject()' [/home/redrocket/task-factory/workdir/aspnet-spa-template/AspNetSpaTemplate.csproj]
/home/redrocket/task-factory/workdir/aspnet-spa-template/Models/Review.cs(62,19): warning CS1591: Missing XML comment for publicly visible type or member 'Review.GetRatingDisplay()' [/home/redrocket/task-factory/workdir/aspnet-spa-template/AspNetSpaTemplate.csproj]
/home/redrocket/task-factory/workdir/aspnet-spa-template/Models/Review.cs(72,17): warning CS1591: Missing XML comment for publicly visible type or member 'Review.CanBeEdited()' [/home/redrocket/task-factory/workdir/aspnet-spa-template/AspNetSpaTemplate.csproj]
/home/redrocket/task-factory/workdir/aspnet-spa-template/Models/User.cs(14,16): warning CS1591: Missing XML comment for publicly visible type or member 'User.Id' [/home/redrocket/task-factory/workdir/aspnet-spa-template/AspNetSpaTemplate.csproj]
/home/redrocket/task-factory/workdir/aspnet-spa-template/Models/User.cs(15,19): warning CS1591: Missing XML comment for publicly visible type or member 'User.FirstName' [/home/redrocket/task-factory/workdir/aspnet-spa-template/AspNetSpaTemplate.csproj]
/home/redrocket/task-factory/workdir/aspnet-spa-template/Models/User.cs(16,19): warning CS1591: Missing XML comment for publicly visible type or member 'User.LastName' [/home/redrocket/task-factory/workdir/aspnet-spa-template/AspNetSpaTemplate.csproj]
/home/redrocket/task-factory/workdir/aspnet-spa-template/Models/User.cs(17,19): warning CS1591: Missing XML comment for publicly visible type or member 'User.Email' [/home/redrocket/task-factory/workdir/aspnet-spa-template/AspNetSpaTemplate.csproj]
/home/redrocket/task-factory/workdir/aspnet-spa-template/Models/User.cs(18,19): warning CS1591: Missing XML comment for publicly visible type or member 'User.PasswordHash' [/home/redrocket/task-factory/workdir/aspnet-spa-template/AspNetSpaTemplate.csproj]
/home/redrocket/task-factory/workdir/aspnet-spa-template/Models/User.cs(19,20): warning CS1591: Missing XML comment for publicly visible type or member 'User.PhoneNumber' [/home/redrocket/task-factory/workdir/aspnet-spa-template/AspNetSpaTemplate.csproj]
/home/redrocket/task-factory/workdir/aspnet-spa-template/Models/User.cs(20,20): warning CS1591: Missing XML comment for publicly visible type or member 'User.Address' [/home/redrocket/task-factory/workdir/aspnet-spa-template/AspNetSpaTemplate.csproj]
/home/redrocket/task-factory/workdir/aspnet-spa-template/Models/User.cs(21,20): warning CS1591: Missing XML comment for publicly visible type or member 'User.City' [/home/redrocket/task-factory/workdir/aspnet-spa-template/AspNetSpaTemplate.csproj]
/home/redrocket/task-factory/workdir/aspnet-spa-template/Models/User.cs(22,20): warning CS1591: Missing XML comment for publicly visible type or member 'User.PostalCode' [/home/redrocket/task-factory/workdir/aspnet-spa-template/AspNetSpaTemplate.csproj]
/home/redrocket/task-factory/workdir/aspnet-spa-template/Models/User.cs(23,20): warning CS1591: Missing XML comment for publicly visible type or member 'User.Country' [/home/redrocket/task-factory/workdir/aspnet-spa-template/AspNetSpaTemplate.csproj]
/home/redrocket/task-factory/workdir/aspnet-spa-template/Models/User.cs(24,17): warning CS1591: Missing XML comment for publicly visible type or member 'User.IsActive' [/home/redrocket/task-factory/workdir/aspnet-spa-template/AspNetSpaTemplate.csproj]
/home/redrocket/task-factory/workdir/aspnet-spa-template/Models/User.cs(25,17): warning CS1591: Missing XML comment for publicly visible type or member 'User.IsEmailVerified' [/home/redrocket/task-factory/workdir/aspnet-spa-template/AspNetSpaTemplate.csproj]
/home/redrocket/task-factory/workdir/aspnet-spa-template/Models/User.cs(26,21): warning CS1591: Missing XML comment for publicly visible type or member 'User.CreatedAt' [/home/redrocket/task-factory/workdir/aspnet-spa-template/AspNetSpaTemplate.csproj]
/home/redrocket/task-factory/workdir/aspnet-spa-template/Models/User.cs(27,22): warning CS1591: Missing XML comment for publicly visible type or member 'User.UpdatedAt' [/home/redrocket/task-factory/workdir/aspnet-spa-template/AspNetSpaTemplate.csproj]
/home/redrocket/task-factory/workdir/aspnet-spa-template/Models/User.cs(28,22): warning CS1591: Missing XML comment for publicly visible type or member 'User.LastLoginAt' [/home/redrocket/task-factory/workdir/aspnet-spa-template/AspNetSpaTemplate.csproj]
/home/redrocket/task-factory/workdir/aspnet-spa-template/Models/User.cs(31,32): warning CS1591: Missing XML comment for publicly visible type or member 'User.Orders' [/home/redrocket/task-factory/workdir/aspnet-spa-template/AspNetSpaTemplate.csproj]
/home/redrocket/task-factory/workdir/aspnet-spa-template/Models/User.cs(32,33): warning CS1591: Missing XML comment for publicly visible type or member 'User.Reviews' [/home/redrocket/task-factory/workdir/aspnet-spa-template/AspNetSpaTemplate.csproj]
/home/redrocket/task-factory/workdir/aspnet-spa-template/Models/User.cs(34,19): warning CS1591: Missing XML comment for publicly visible type or member 'User.GetFullName()' [/home/redrocket/task-factory/workdir/aspnet-spa-template/AspNetSpaTemplate.csproj]
/home/redrocket/task-factory/workdir/aspnet-spa-template/Models/User.cs(36,17): warning CS1591: Missing XML comment for publicly visible type or member 'User.IsValidEmail()' [/home/redrocket/task-factory/workdir/aspnet-spa-template/AspNetSpaTemplate.csproj]
/home/redrocket/task-factory/workdir/aspnet-spa-template/Models/User.cs(38,17): warning CS1591: Missing XML comment for publicly visible type or member 'User.UpdateLastLogin()' [/home/redrocket/task-factory/workdir/aspnet-spa-template/AspNetSpaTemplate.csproj]
/home/redrocket/task-factory/workdir/aspnet-spa-template/Models/User.cs(44,17): warning CS1591: Missing XML comment for publicly visible type or member 'User.UpdateProfile(string, string, string?, string?, string?, string?, string?)' [/home/redrocket/task-factory/workdir/aspnet-spa-template/AspNetSpaTemplate.csproj]
/home/redrocket/task-factory/workdir/aspnet-spa-template/Models/User.cs(56,17): warning CS1591: Missing XML comment for publicly visible type or member 'User.VerifyEmail()' [/home/redrocket/task-factory/workdir/aspnet-spa-template/AspNetSpaTemplate.csproj]
/home/redrocket/task-factory/workdir/aspnet-spa-template/Models/User.cs(62,17): warning CS1591: Missing XML comment for publicly visible type or member 'User.Deactivate()' [/home/redrocket/task-factory/workdir/aspnet-spa-template/AspNetSpaTemplate.csproj]
/home/redrocket/task-factory/workdir/aspnet-spa-template/Models/User.cs(68,17): warning CS1591: Missing XML comment for publicly visible type or member 'User.Activate()' [/home/redrocket/task-factory/workdir/aspnet-spa-template/AspNetSpaTemplate.csproj]
/home/redrocket/task-factory/workdir/aspnet-spa-template/Services/PwaService.cs(9,21): warning CS1591: Missing XML comment for publicly visible type or member 'PwaService' [/home/redrocket/task-factory/workdir/aspnet-spa-template/AspNetSpaTemplate.csproj]
/home/redrocket/task-factory/workdir/aspnet-spa-template/Services/PwaService.cs(11,36): warning CS1591: Missing XML comment for publicly visible type or member 'PwaService.GetStatusAsync(int, CancellationToken)' [/home/redrocket/task-factory/workdir/aspnet-spa-template/AspNetSpaTemplate.csproj]
/home/redrocket/task-factory/workdir/aspnet-spa-template/Services/PwaService.cs(16,35): warning CS1591: Missing XML comment for publicly visible type or member 'PwaService.RegisterSubscriptionAsync(int, RegisterSubscriptionRequest, string?, CancellationToken)' [/home/redrocket/task-factory/workdir/aspnet-spa-template/AspNetSpaTemplate.csproj]
/home/redrocket/task-factory/workdir/aspnet-spa-template/Services/PwaService.cs(21,17): warning CS1591: Missing XML comment for publicly visible type or member 'PwaService.UnsubscribeAsync(int, string, CancellationToken)' [/home/redrocket/task-factory/workdir/aspnet-spa-template/AspNetSpaTemplate.csproj]
/home/redrocket/task-factory/workdir/aspnet-spa-template/Services/PwaService.cs(26,37): warning CS1591: Missing XML comment for publicly visible type or member 'PwaService.SendPushToUserAsync(int, PushNotificationPayload, CancellationToken)' [/home/redrocket/task-factory/workdir/aspnet-spa-template/AspNetSpaTemplate.csproj]
/home/redrocket/task-factory/workdir/aspnet-spa-template/Services/PwaService.cs(31,42): warning CS1591: Missing XML comment for publicly visible type or member 'PwaService.BroadcastPushAsync(IReadOnlyList<int>, PushNotificationPayload, CancellationToken)' [/home/redrocket/task-factory/workdir/aspnet-spa-template/AspNetSpaTemplate.csproj]
/home/redrocket/task-factory/workdir/aspnet-spa-template/Services/PwaService.cs(36,41): warning CS1591: Missing XML comment for publicly visible type or member 'PwaService.QueueSyncEntryAsync(int, SyncQueueEntryRequest, CancellationToken)' [/home/redrocket/task-factory/workdir/aspnet-spa-template/AspNetSpaTemplate.csproj]
/home/redrocket/task-factory/workdir/aspnet-spa-template/Services/PwaService.cs(41,56): warning CS1591: Missing XML comment for publicly visible type or member 'PwaService.GetPendingSyncEntriesAsync(int, CancellationToken)' [/home/redrocket/task-factory/workdir/aspnet-spa-template/AspNetSpaTemplate.csproj]
/home/redrocket/task-factory/workdir/aspnet-spa-template/Services/PwaService.cs(46,35): warning CS1591: Missing XML comment for publicly visible type or member 'PwaService.ReplaySyncQueueAsync(int, CancellationToken)' [/home/redrocket/task-factory/workdir/aspnet-spa-template/AspNetSpaTemplate.csproj]
/home/redrocket/task-factory/workdir/aspnet-spa-template/Services/ReviewService.cs(23,12): warning CS1591: Missing XML comment for publicly visible type or member 'ReviewService.ReviewService(IRepository<Review>, ProductRepository, ILogger<ReviewService>)' [/home/redrocket/task-factory/workdir/aspnet-spa-template/AspNetSpaTemplate.csproj]
/home/redrocket/task-factory/workdir/aspnet-spa-template/Services/ReviewService.cs(30,32): warning CS1591: Missing XML comment for publicly visible type or member 'ReviewService.GetReviewByIdAsync(int)' [/home/redrocket/task-factory/workdir/aspnet-spa-template/AspNetSpaTemplate.csproj]
/home/redrocket/task-factory/workdir/aspnet-spa-template/Services/ReviewService.cs(45,44): warning CS1591: Missing XML comment for publicly visible type or member 'ReviewService.GetProductReviewsAsync(int)' [/home/redrocket/task-factory/workdir/aspnet-spa-template/AspNetSpaTemplate.csproj]
/home/redrocket/task-factory/workdir/aspnet-spa-template/Services/ReviewService.cs(54,44): warning CS1591: Missing XML comment for publicly visible type or member 'ReviewService.GetUserReviewsAsync(int)' [/home/redrocket/task-factory/workdir/aspnet-spa-template/AspNetSpaTemplate.csproj]
/home/redrocket/task-factory/workdir/aspnet-spa-template/Services/ReviewService.cs(63,31): warning CS1591: Missing XML comment for publicly visible type or member 'ReviewService.CreateReviewAsync(int, int, int, string, string, bool)' [/home/redrocket/task-factory/workdir/aspnet-spa-template/AspNetSpaTemplate.csproj]
/home/redrocket/task-factory/workdir/aspnet-spa-template/Services/ReviewService.cs(114,31): warning CS1591: Missing XML comment for publicly visible type or member 'ReviewService.UpdateReviewAsync(int, int, string, string)' [/home/redrocket/task-factory/workdir/aspnet-spa-template/AspNetSpaTemplate.csproj]
/home/redrocket/task-factory/workdir/aspnet-spa-template/Services/ReviewService.cs(144,23): warning CS1591: Missing XML comment for publicly visible type or member 'ReviewService.DeleteReviewAsync(int)' [/home/redrocket/task-factory/workdir/aspnet-spa-template/AspNetSpaTemplate.csproj]
/home/redrocket/task-factory/workdir/aspnet-spa-template/Services/ReviewService.cs(167,23): warning CS1591: Missing XML comment for publicly visible type or member 'ReviewService.ApproveReviewAsync(int)' [/home/redrocket/task-factory/workdir/aspnet-spa-template/AspNetSpaTemplate.csproj]
/home/redrocket/task-factory/workdir/aspnet-spa-template/Services/ReviewService.cs(187,23): warning CS1591: Missing XML comment for publicly visible type or member 'ReviewService.RejectReviewAsync(int)' [/home/redrocket/task-factory/workdir/aspnet-spa-template/AspNetSpaTemplate.csproj]
/home/redrocket/task-factory/workdir/aspnet-spa-template/Services/ReviewService.cs(207,23): warning CS1591: Missing XML comment for publicly visible type or member 'ReviewService.MarkAsHelpfulAsync(int)' [/home/redrocket/task-factory/workdir/aspnet-spa-template/AspNetSpaTemplate.csproj]
/home/redrocket/task-factory/workdir/aspnet-spa-template/Services/UserService.cs(25,12): warning CS1591: Missing XML comment for publicly visible type or member 'UserService.UserService(UserRepository, ILogger<UserService>)' [/home/redrocket/task-factory/workdir/aspnet-spa-template/AspNetSpaTemplate.csproj]
/home/redrocket/task-factory/workdir/aspnet-spa-template/Services/UserService.cs(143,23): warning CS1591: Missing XML comment for publicly visible type or member 'UserService.DeactivateUserAsync(int)' [/home/redrocket/task-factory/workdir/aspnet-spa-template/AspNetSpaTemplate.csproj]
/home/redrocket/task-factory/workdir/aspnet-spa-template/Services/UserService.cs(161,23): warning CS1591: Missing XML comment for publicly visible type or member 'UserService.ActivateUserAsync(int)' [/home/redrocket/task-factory/workdir/aspnet-spa-template/AspNetSpaTemplate.csproj]
/home/redrocket/task-factory/workdir/aspnet-spa-template/Services/UserService.cs(179,38): warning CS1591: Missing XML comment for publicly visible type or member 'UserService.AuthenticateAsync(LoginRequest)' [/home/redrocket/task-factory/workdir/aspnet-spa-template/AspNetSpaTemplate.csproj]
/home/redrocket/task-factory/workdir/aspnet-spa-template/Services/UserService.cs(219,50): warning CS1591: Missing XML comment for publicly visible type or member 'UserService.GetAllUsersAsync()' [/home/redrocket/task-factory/workdir/aspnet-spa-template/AspNetSpaTemplate.csproj]
/home/redrocket/task-factory/workdir/aspnet-spa-template/Services/UserService.cs(228,50): warning CS1591: Missing XML comment for publicly visible type or member 'UserService.GetRecentlyActiveUsersAsync(int)' [/home/redrocket/task-factory/workdir/aspnet-spa-template/AspNetSpaTemplate.csproj]
/home/redrocket/task-factory/workdir/aspnet-spa-template/Utilities/DataExportHelper.cs(130,13): warning CS1591: Missing XML comment for publicly visible type or member 'ExportFormat' [/home/redrocket/task-factory/workdir/aspnet-spa-template/AspNetSpaTemplate.csproj]
/home/redrocket/task-factory/workdir/aspnet-spa-template/Utilities/DataExportHelper.cs(132,5): warning CS1591: Missing XML comment for publicly visible type or member 'ExportFormat.Json' [/home/redrocket/task-factory/workdir/aspnet-spa-template/AspNetSpaTemplate.csproj]
/home/redrocket/task-factory/workdir/aspnet-spa-template/Utilities/DataExportHelper.cs(133,5): warning CS1591: Missing XML comment for publicly visible type or member 'ExportFormat.Csv' [/home/redrocket/task-factory/workdir/aspnet-spa-template/AspNetSpaTemplate.csproj]
/home/redrocket/task-factory/workdir/aspnet-spa-template/Utilities/DataExportHelper.cs(134,5): warning CS1591: Missing XML comment for publicly visible type or member 'ExportFormat.Xml' [/home/redrocket/task-factory/workdir/aspnet-spa-template/AspNetSpaTemplate.csproj]
/home/redrocket/task-factory/workdir/aspnet-spa-template/Utilities/DataExportHelper.cs(142,25): warning CS1591: Missing XML comment for publicly visible type or member 'DataExportOptions.Format' [/home/redrocket/task-factory/workdir/aspnet-spa-template/AspNetSpaTemplate.csproj]
/home/redrocket/task-factory/workdir/aspnet-spa-template/Utilities/DataExportHelper.cs(143,17): warning CS1591: Missing XML comment for publicly visible type or member 'DataExportOptions.IncludeHeaders' [/home/redrocket/task-factory/workdir/aspnet-spa-template/AspNetSpaTemplate.csproj]
/home/redrocket/task-factory/workdir/aspnet-spa-template/Utilities/DataExportHelper.cs(144,26): warning CS1591: Missing XML comment for publicly visible type or member 'DataExportOptions.ColumnsToInclude' [/home/redrocket/task-factory/workdir/aspnet-spa-template/AspNetSpaTemplate.csproj]
/home/redrocket/task-factory/workdir/aspnet-spa-template/Utilities/DataExportHelper.cs(145,26): warning CS1591: Missing XML comment for publicly visible type or member 'DataExportOptions.ColumnsToExclude' [/home/redrocket/task-factory/workdir/aspnet-spa-template/AspNetSpaTemplate.csproj]
/home/redrocket/task-factory/workdir/aspnet-spa-template/Utilities/DataExportHelper.cs(146,17): warning CS1591: Missing XML comment for publicly visible type or member 'DataExportOptions.Compress' [/home/redrocket/task-factory/workdir/aspnet-spa-template/AspNetSpaTemplate.csproj]
/home/redrocket/task-factory/workdir/aspnet-spa-template/Utilities/DataExportHelper.cs(147,20): warning CS1591: Missing XML comment for publicly visible type or member 'DataExportOptions.FileNamePrefix' [/home/redrocket/task-factory/workdir/aspnet-spa-template/AspNetSpaTemplate.csproj]
/home/redrocket/task-factory/workdir/aspnet-spa-template/Utilities/DataExportHelper.cs(148,17): warning CS1591: Missing XML comment for publicly visible type or member 'DataExportOptions.IncludeTimestamp' [/home/redrocket/task-factory/workdir/aspnet-spa-template/AspNetSpaTemplate.csproj]
/home/redrocket/task-factory/workdir/aspnet-spa-template/Utilities/ErrorMappingHelper.cs(173,19): warning CS1591: Missing XML comment for publicly visible type or member 'ErrorDetails.ExceptionType' [/home/redrocket/task-factory/workdir/aspnet-spa-template/AspNetSpaTemplate.csproj]
/home/redrocket/task-factory/workdir/aspnet-spa-template/Utilities/ErrorMappingHelper.cs(174,19): warning CS1591: Missing XML comment for publicly visible type or member 'ErrorDetails.Message' [/home/redrocket/task-factory/workdir/aspnet-spa-template/AspNetSpaTemplate.csproj]
/home/redrocket/task-factory/workdir/aspnet-spa-template/Utilities/ErrorMappingHelper.cs(175,19): warning CS1591: Missing XML comment for publicly visible type or member 'ErrorDetails.StackTrace' [/home/redrocket/task-factory/workdir/aspnet-spa-template/AspNetSpaTemplate.csproj]
/home/redrocket/task-factory/workdir/aspnet-spa-template/Utilities/ErrorMappingHelper.cs(176,20): warning CS1591: Missing XML comment for publicly visible type or member 'ErrorDetails.InnerException' [/home/redrocket/task-factory/workdir/aspnet-spa-template/AspNetSpaTemplate.csproj]
/home/redrocket/task-factory/workdir/aspnet-spa-template/Utilities/ErrorMappingHelper.cs(177,20): warning CS1591: Missing XML comment for publicly visible type or member 'ErrorDetails.InnerMessage' [/home/redrocket/task-factory/workdir/aspnet-spa-template/AspNetSpaTemplate.csproj]
/home/redrocket/task-factory/workdir/aspnet-spa-template/Utilities/ErrorMappingHelper.cs(178,21): warning CS1591: Missing XML comment for publicly visible type or member 'ErrorDetails.Timestamp' [/home/redrocket/task-factory/workdir/aspnet-spa-template/AspNetSpaTemplate.csproj]
/home/redrocket/task-factory/workdir/aspnet-spa-template/Utilities/ErrorMappingHelper.cs(180,28): warning CS1591: Missing XML comment for publicly visible type or member 'ErrorDetails.ToString()' [/home/redrocket/task-factory/workdir/aspnet-spa-template/AspNetSpaTemplate.csproj]
/home/redrocket/task-factory/workdir/aspnet-spa-template/Utilities/PerformanceHelper.cs(158,16): warning CS1591: Missing XML comment for publicly visible type or member 'PerformanceStatistics.Iterations' [/home/redrocket/task-factory/workdir/aspnet-spa-template/AspNetSpaTemplate.csproj]
/home/redrocket/task-factory/workdir/aspnet-spa-template/Utilities/PerformanceHelper.cs(159,17): warning CS1591: Missing XML comment for publicly visible type or member 'PerformanceStatistics.TotalMs' [/home/redrocket/task-factory/workdir/aspnet-spa-template/AspNetSpaTemplate.csproj]
/home/redrocket/task-factory/workdir/aspnet-spa-template/Utilities/PerformanceHelper.cs(160,19): warning CS1591: Missing XML comment for publicly visible type or member 'PerformanceStatistics.AverageMs' [/home/redrocket/task-factory/workdir/aspnet-spa-template/AspNetSpaTemplate.csproj]
/home/redrocket/task-factory/workdir/aspnet-spa-template/Utilities/PerformanceHelper.cs(161,17): warning CS1591: Missing XML comment for publicly visible type or member 'PerformanceStatistics.MinMs' [/home/redrocket/task-factory/workdir/aspnet-spa-template/AspNetSpaTemplate.csproj]
/home/redrocket/task-factory/workdir/aspnet-spa-template/Utilities/PerformanceHelper.cs(162,17): warning CS1591: Missing XML comment for publicly visible type or member 'PerformanceStatistics.MaxMs' [/home/redrocket/task-factory/workdir/aspnet-spa-template/AspNetSpaTemplate.csproj]
/home/redrocket/task-factory/workdir/aspnet-spa-template/Utilities/PerformanceHelper.cs(163,17): warning CS1591: Missing XML comment for publicly visible type or member 'PerformanceStatistics.MedianMs' [/home/redrocket/task-factory/workdir/aspnet-spa-template/AspNetSpaTemplate.csproj]
/home/redrocket/task-factory/workdir/aspnet-spa-template/Utilities/PerformanceHelper.cs(164,19): warning CS1591: Missing XML comment for publicly visible type or member 'PerformanceStatistics.StdDevMs' [/home/redrocket/task-factory/workdir/aspnet-spa-template/AspNetSpaTemplate.csproj]
/home/redrocket/task-factory/workdir/aspnet-spa-template/Utilities/PerformanceHelper.cs(166,28): warning CS1591: Missing XML comment for publicly visible type or member 'PerformanceStatistics.ToString()' [/home/redrocket/task-factory/workdir/aspnet-spa-template/AspNetSpaTemplate.csproj]
/home/redrocket/task-factory/workdir/aspnet-spa-template/Utilities/PerformanceHelper.cs(185,12): warning CS1591: Missing XML comment for publicly visible type or member 'Profiler.Profiler(string, ILogger, long)' [/home/redrocket/task-factory/workdir/aspnet-spa-template/AspNetSpaTemplate.csproj]
/home/redrocket/task-factory/workdir/aspnet-spa-template/Utilities/PerformanceHelper.cs(193,17): warning CS1591: Missing XML comment for publicly visible type or member 'Profiler.Dispose()' [/home/redrocket/task-factory/workdir/aspnet-spa-template/AspNetSpaTemplate.csproj]
/home/redrocket/task-factory/workdir/aspnet-spa-template/Utilities/PerformanceHelper.cs(212,31): warning CS1591: Missing XML comment for publicly visible type or member 'PerformanceExtensions.Profile(ILogger, string, long)' [/home/redrocket/task-factory/workdir/aspnet-spa-template/AspNetSpaTemplate.csproj]
/home/redrocket/task-factory/workdir/aspnet-spa-template/Utilities/RequestContextHelper.cs(189,19): warning CS1591: Missing XML comment for publicly visible type or member 'RequestContext.CorrelationId' [/home/redrocket/task-factory/workdir/aspnet-spa-template/AspNetSpaTemplate.csproj]
/home/redrocket/task-factory/workdir/aspnet-spa-template/Utilities/RequestContextHelper.cs(190,16): warning CS1591: Missing XML comment for publicly visible type or member 'RequestContext.UserId' [/home/redrocket/task-factory/workdir/aspnet-spa-template/AspNetSpaTemplate.csproj]
/home/redrocket/task-factory/workdir/aspnet-spa-template/Utilities/RequestContextHelper.cs(191,19): warning CS1591: Missing XML comment for publicly visible type or member 'RequestContext.ClientIp' [/home/redrocket/task-factory/workdir/aspnet-spa-template/AspNetSpaTemplate.csproj]
/home/redrocket/task-factory/workdir/aspnet-spa-template/Utilities/RequestContextHelper.cs(192,19): warning CS1591: Missing XML comment for publicly visible type or member 'RequestContext.UserAgent' [/home/redrocket/task-factory/workdir/aspnet-spa-template/AspNetSpaTemplate.csproj]
/home/redrocket/task-factory/workdir/aspnet-spa-template/Utilities/RequestContextHelper.cs(193,19): warning CS1591: Missing XML comment for publicly visible type or member 'RequestContext.Method' [/home/redrocket/task-factory/workdir/aspnet-spa-template/AspNetSpaTemplate.csproj]
/home/redrocket/task-factory/workdir/aspnet-spa-template/Utilities/RequestContextHelper.cs(194,19): warning CS1591: Missing XML comment for publicly visible type or member 'RequestContext.Path' [/home/redrocket/task-factory/workdir/aspnet-spa-template/AspNetSpaTemplate.csproj]
/home/redrocket/task-factory/workdir/aspnet-spa-template/Utilities/RequestContextHelper.cs(195,21): warning CS1591: Missing XML comment for publicly visible type or member 'RequestContext.Timestamp' [/home/redrocket/task-factory/workdir/aspnet-spa-template/AspNetSpaTemplate.csproj]
/home/redrocket/task-factory/workdir/aspnet-spa-template/Utilities/RequestContextHelper.cs(197,28): warning CS1591: Missing XML comment for publicly visible type or member 'RequestContext.ToString()' [/home/redrocket/task-factory/workdir/aspnet-spa-template/AspNetSpaTemplate.csproj]
/home/redrocket/task-factory/workdir/aspnet-spa-template/examples/AdvancedUsage.cs(7,14): warning CS1591: Missing XML comment for publicly visible type or member 'AdvancedUsage' [/home/redrocket/task-factory/workdir/aspnet-spa-template/AspNetSpaTemplate.csproj]
/home/redrocket/task-factory/workdir/aspnet-spa-template/examples/AdvancedUsage.cs(11,12): warning CS1591: Missing XML comment for publicly visible type or member 'AdvancedUsage.AdvancedUsage(ProductService)' [/home/redrocket/task-factory/workdir/aspnet-spa-template/AspNetSpaTemplate.csproj]
/home/redrocket/task-factory/workdir/aspnet-spa-template/examples/AdvancedUsage.cs(16,23): warning CS1591: Missing XML comment for publicly visible type or member 'AdvancedUsage.RunExampleAsync()' [/home/redrocket/task-factory/workdir/aspnet-spa-template/AspNetSpaTemplate.csproj]
/home/redrocket/task-factory/workdir/aspnet-spa-template/examples/BasicUsage.cs(12,14): warning CS1591: Missing XML comment for publicly visible type or member 'BasicUsage' [/home/redrocket/task-factory/workdir/aspnet-spa-template/AspNetSpaTemplate.csproj]
/home/redrocket/task-factory/workdir/aspnet-spa-template/examples/BasicUsage.cs(16,12): warning CS1591: Missing XML comment for publicly visible type or member 'BasicUsage.BasicUsage(ProductRepository, ILogger<ProductService>)' [/home/redrocket/task-factory/workdir/aspnet-spa-template/AspNetSpaTemplate.csproj]
/home/redrocket/task-factory/workdir/aspnet-spa-template/examples/BasicUsage.cs(21,23): warning CS1591: Missing XML comment for publicly visible type or member 'BasicUsage.RunExampleAsync()' [/home/redrocket/task-factory/workdir/aspnet-spa-template/AspNetSpaTemplate.csproj]
/home/redrocket/task-factory/workdir/aspnet-spa-template/examples/IntegrationExample.cs(6,14): warning CS1591: Missing XML comment for publicly visible type or member 'IntegrationExample' [/home/redrocket/task-factory/workdir/aspnet-spa-template/AspNetSpaTemplate.csproj]
/home/redrocket/task-factory/workdir/aspnet-spa-template/examples/IntegrationExample.cs(8,24): warning CS1591: Missing XML comment for publicly visible type or member 'IntegrationExample.ConfigureServices(IServiceCollection)' [/home/redrocket/task-factory/workdir/aspnet-spa-template/AspNetSpaTemplate.csproj]
  AspNetSpaTemplate -> /home/redrocket/task-factory/workdir/aspnet-spa-template/bin/Debug/net10.0/AspNetSpaTemplate.dll
  aspnet-spa-template.Tests -> /home/redrocket/task-factory/workdir/aspnet-spa-template/tests/aspnet-spa-template.Tests/bin/Debug/net10.0/aspnet-spa-template.Tests.dll

Build succeeded.

/home/redrocket/task-factory/workdir/aspnet-spa-template/BackgroundWorkers/CacheMaintenanceWorker.cs(18,19): warning CS1591: Missing XML comment for publicly visible type or member 'CacheMaintenanceWorker.TaskName' [/home/redrocket/task-factory/workdir/aspnet-spa-template/AspNetSpaTemplate.csproj]
/home/redrocket/task-factory/workdir/aspnet-spa-template/BackgroundWorkers/CacheMaintenanceWorker.cs(19,22): warning CS1591: Missing XML comment for publicly visible type or member 'CacheMaintenanceWorker.ExecutionInterval' [/home/redrocket/task-factory/workdir/aspnet-spa-template/AspNetSpaTemplate.csproj]
/home/redrocket/task-factory/workdir/aspnet-spa-template/BackgroundWorkers/CacheMaintenanceWorker.cs(26,12): warning CS1591: Missing XML comment for publicly visible type or member 'CacheMaintenanceWorker.CacheMaintenanceWorker(ICacheService, ILogger<CacheMaintenanceWorker>)' [/home/redrocket/task-factory/workdir/aspnet-spa-template/AspNetSpaTemplate.csproj]
/home/redrocket/task-factory/workdir/aspnet-spa-template/BackgroundWorkers/CacheMaintenanceWorker.cs(34,23): warning CS1591: Missing XML comment for publicly visible type or member 'CacheMaintenanceWorker.ExecuteAsync(CancellationToken)' [/home/redrocket/task-factory/workdir/aspnet-spa-template/AspNetSpaTemplate.csproj]
/home/redrocket/task-factory/workdir/aspnet-spa-template/BackgroundWorkers/CacheMaintenanceWorker.cs(71,33): warning CS1591: Missing XML comment for publicly visible type or member 'CacheMaintenanceWorker.GetStatus()' [/home/redrocket/task-factory/workdir/aspnet-spa-template/AspNetSpaTemplate.csproj]
/home/redrocket/task-factory/workdir/aspnet-spa-template/BackgroundWorkers/CacheMaintenanceWorker.cs(116,29): warning CS1591: Missing XML comment for publicly visible type or member 'ICacheHealthMonitor.GetHealthReportAsync()' [/home/redrocket/task-factory/workdir/aspnet-spa-template/AspNetSpaTemplate.csproj]
/home/redrocket/task-factory/workdir/aspnet-spa-template/BackgroundWorkers/CacheMaintenanceWorker.cs(117,16): warning CS1591: Missing XML comment for publicly visible type or member 'ICacheHealthMonitor.IsCacheHealthyAsync()' [/home/redrocket/task-factory/workdir/aspnet-spa-template/AspNetSpaTemplate.csproj]
/home/redrocket/task-factory/workdir/aspnet-spa-template/BackgroundWorkers/CacheMaintenanceWorker.cs(125,17): warning CS1591: Missing XML comment for publicly visible type or member 'CacheHealthReport.IsHealthy' [/home/redrocket/task-factory/workdir/aspnet-spa-template/AspNetSpaTemplate.csproj]
/home/redrocket/task-factory/workdir/aspnet-spa-template/BackgroundWorkers/CacheMaintenanceWorker.cs(126,19): warning CS1591: Missing XML comment for publicly visible type or member 'CacheHealthReport.HitRate' [/home/redrocket/task-factory/workdir/aspnet-spa-template/AspNetSpaTemplate.csproj]
/home/redrocket/task-factory/workdir/aspnet-spa-template/BackgroundWorkers/CacheMaintenanceWorker.cs(127,17): warning CS1591: Missing XML comment for publicly visible type or member 'CacheHealthReport.ItemCount' [/home/redrocket/task-factory/workdir/aspnet-spa-template/AspNetSpaTemplate.csproj]
/home/redrocket/task-factory/workdir/aspnet-spa-template/BackgroundWorkers/CacheMaintenanceWorker.cs(128,17): warning CS1591: Missing XML comment for publicly visible type or member 'CacheHealthReport.MemoryUsageBytes' [/home/redrocket/task-factory/workdir/aspnet-spa-template/AspNetSpaTemplate.csproj]
/home/redrocket/task-factory/workdir/aspnet-spa-template/BackgroundWorkers/CacheMaintenanceWorker.cs(129,17): warning CS1591: Missing XML comment for publicly visible type or member 'CacheHealthReport.WarningCount' [/home/redrocket/task-factory/workdir/aspnet-spa-template/AspNetSpaTemplate.csproj]
/home/redrocket/task-factory/workdir/aspnet-spa-template/BackgroundWorkers/CacheMaintenanceWorker.cs(130,25): warning CS1591: Missing XML comment for publicly visible type or member 'CacheHealthReport.Warnings' [/home/redrocket/task-factory/workdir/aspnet-spa-template/AspNetSpaTemplate.csproj]
/home/redrocket/task-factory/workdir/aspnet-spa-template/BackgroundWorkers/CacheMaintenanceWorker.cs(131,21): warning CS1591: Missing XML comment for publicly visible type or member 'CacheHealthReport.GeneratedAt' [/home/redrocket/task-factory/workdir/aspnet-spa-template/AspNetSpaTemplate.csproj]
/home/redrocket/task-factory/workdir/aspnet-spa-template/BackgroundWorkers/CacheMaintenanceWorker.cs(145,12): warning CS1591: Missing XML comment for publicly visible type or member 'DefaultCacheHealthMonitor.DefaultCacheHealthMonitor(ICacheService, ILogger<DefaultCacheHealthMonitor>)' [/home/redrocket/task-factory/workdir/aspnet-spa-template/AspNetSpaTemplate.csproj]
/home/redrocket/task-factory/workdir/aspnet-spa-template/BackgroundWorkers/CacheMaintenanceWorker.cs(153,42): warning CS1591: Missing XML comment for publicly visible type or member 'DefaultCacheHealthMonitor.GetHealthReportAsync()' [/home/redrocket/task-factory/workdir/aspnet-spa-template/AspNetSpaTemplate.csproj]
/home/redrocket/task-factory/workdir/aspnet-spa-template/BackgroundWorkers/CacheMaintenanceWorker.cs(188,29): warning CS1591: Missing XML comment for publicly visible type or member 'DefaultCacheHealthMonitor.IsCacheHealthyAsync()' [/home/redrocket/task-factory/workdir/aspnet-spa-template/AspNetSpaTemplate.csproj]
/home/redrocket/task-factory/workdir/aspnet-spa-template/BackgroundWorkers/IBackgroundTask.cs(46,19): warning CS1591: Missing XML comment for publicly visible type or member 'BackgroundTaskStatus.TaskName' [/home/redrocket/task-factory/workdir/aspnet-spa-template/AspNetSpaTemplate.csproj]
/home/redrocket/task-factory/workdir/aspnet-spa-template/BackgroundWorkers/IBackgroundTask.cs(47,17): warning CS1591: Missing XML comment for publicly visible type or member 'BackgroundTaskStatus.IsRunning' [/home/redrocket/task-factory/workdir/aspnet-spa-template/AspNetSpaTemplate.csproj]
/home/redrocket/task-factory/workdir/aspnet-spa-template/BackgroundWorkers/IBackgroundTask.cs(48,22): warning CS1591: Missing XML comment for publicly visible type or member 'BackgroundTaskStatus.LastExecutedAt' [/home/redrocket/task-factory/workdir/aspnet-spa-template/AspNetSpaTemplate.csproj]
/home/redrocket/task-factory/workdir/aspnet-spa-template/BackgroundWorkers/IBackgroundTask.cs(49,22): warning CS1591: Missing XML comment for publicly visible type or member 'BackgroundTaskStatus.NextExecutionAt' [/home/redrocket/task-factory/workdir/aspnet-spa-template/AspNetSpaTemplate.csproj]
/home/redrocket/task-factory/workdir/aspnet-spa-template/BackgroundWorkers/IBackgroundTask.cs(50,22): warning CS1591: Missing XML comment for publicly visible type or member 'BackgroundTaskStatus.LastExecutionDuration' [/home/redrocket/task-factory/workdir/aspnet-spa-template/AspNetSpaTemplate.csproj]
/home/redrocket/task-factory/workdir/aspnet-spa-template/BackgroundWorkers/IBackgroundTask.cs(51,16): warning CS1591: Missing XML comment for publicly visible type or member 'BackgroundTaskStatus.ExecutionCount' [/home/redrocket/task-factory/workdir/aspnet-spa-template/AspNetSpaTemplate.csproj]
/home/redrocket/task-factory/workdir/aspnet-spa-template/BackgroundWorkers/IBackgroundTask.cs(52,16): warning CS1591: Missing XML comment for publicly visible type or member 'BackgroundTaskStatus.FailureCount' [/home/redrocket/task-factory/workdir/aspnet-spa-template/AspNetSpaTemplate.csproj]
/home/redrocket/task-factory/workdir/aspnet-spa-template/BackgroundWorkers/IBackgroundTask.cs(53,20): warning CS1591: Missing XML comment for publicly visible type or member 'BackgroundTaskStatus.LastError' [/home/redrocket/task-factory/workdir/aspnet-spa-template/AspNetSpaTemplate.csproj]
/home/redrocket/task-factory/workdir/aspnet-spa-template/BackgroundWorkers/IBackgroundTask.cs(54,19): warning CS1591: Missing XML comment for publicly visible type or member 'BackgroundTaskStatus.Status' [/home/redrocket/task-factory/workdir/aspnet-spa-template/AspNetSpaTemplate.csproj]
/home/redrocket/task-factory/workdir/aspnet-spa-template/BackgroundWorkers/NotificationWorker.cs(18,19): warning CS1591: Missing XML comment for publicly visible type or member 'NotificationWorker.TaskName' [/home/redrocket/task-factory/workdir/aspnet-spa-template/AspNetSpaTemplate.csproj]
/home/redrocket/task-factory/workdir/aspnet-spa-template/BackgroundWorkers/NotificationWorker.cs(19,22): warning CS1591: Missing XML comment for publicly visible type or member 'NotificationWorker.ExecutionInterval' [/home/redrocket/task-factory/workdir/aspnet-spa-template/AspNetSpaTemplate.csproj]
/home/redrocket/task-factory/workdir/aspnet-spa-template/BackgroundWorkers/NotificationWorker.cs(27,12): warning CS1591: Missing XML comment for publicly visible type or member 'NotificationWorker.NotificationWorker(NotificationService, ILogger<NotificationWorker>)' [/home/redrocket/task-factory/workdir/aspnet-spa-template/AspNetSpaTemplate.csproj]
/home/redrocket/task-factory/workdir/aspnet-spa-template/BackgroundWorkers/NotificationWorker.cs(35,23): warning CS1591: Missing XML comment for publicly visible type or member 'NotificationWorker.ExecuteAsync(CancellationToken)' [/home/redrocket/task-factory/workdir/aspnet-spa-template/AspNetSpaTemplate.csproj]
/home/redrocket/task-factory/workdir/aspnet-spa-template/BackgroundWorkers/NotificationWorker.cs(84,33): warning CS1591: Missing XML comment for publicly visible type or member 'NotificationWorker.GetStatus()' [/home/redrocket/task-factory/workdir/aspnet-spa-template/AspNetSpaTemplate.csproj]
/home/redrocket/task-factory/workdir/aspnet-spa-template/BackgroundWorkers/NotificationWorker.cs(155,26): warning CS1591: Missing XML comment for publicly visible type or member 'NotificationWorkerExtensions.MaskSensitiveData(string)' [/home/redrocket/task-factory/workdir/aspnet-spa-template/AspNetSpaTemplate.csproj]
/home/redrocket/task-factory/workdir/aspnet-spa-template/Caching/CacheKeyBuilder.cs(19,26): warning CS1591: Missing XML comment for publicly visible type or member 'CacheKeyBuilder.UserById(int)' [/home/redrocket/task-factory/workdir/aspnet-spa-template/AspNetSpaTemplate.csproj]
/home/redrocket/task-factory/workdir/aspnet-spa-template/Caching/CacheKeyBuilder.cs(20,26): warning CS1591: Missing XML comment for publicly visible type or member 'CacheKeyBuilder.UserByEmail(string)' [/home/redrocket/task-factory/workdir/aspnet-spa-template/AspNetSpaTemplate.csproj]
/home/redrocket/task-factory/workdir/aspnet-spa-template/Caching/CacheKeyBuilder.cs(21,26): warning CS1591: Missing XML comment for publicly visible type or member 'CacheKeyBuilder.UserSession(string)' [/home/redrocket/task-factory/workdir/aspnet-spa-template/AspNetSpaTemplate.csproj]
/home/redrocket/task-factory/workdir/aspnet-spa-template/Caching/CacheKeyBuilder.cs(23,26): warning CS1591: Missing XML comment for publicly visible type or member 'CacheKeyBuilder.ProductById(int)' [/home/redrocket/task-factory/workdir/aspnet-spa-template/AspNetSpaTemplate.csproj]
/home/redrocket/task-factory/workdir/aspnet-spa-template/Caching/CacheKeyBuilder.cs(24,26): warning CS1591: Missing XML comment for publicly visible type or member 'CacheKeyBuilder.ProductCategory(string)' [/home/redrocket/task-factory/workdir/aspnet-spa-template/AspNetSpaTemplate.csproj]
/home/redrocket/task-factory/workdir/aspnet-spa-template/Caching/CacheKeyBuilder.cs(25,26): warning CS1591: Missing XML comment for publicly visible type or member 'CacheKeyBuilder.ProductFeatured' [/home/redrocket/task-factory/workdir/aspnet-spa-template/AspNetSpaTemplate.csproj]
/home/redrocket/task-factory/workdir/aspnet-spa-template/Caching/CacheKeyBuilder.cs(26,26): warning CS1591: Missing XML comment for publicly visible type or member 'CacheKeyBuilder.ProductSearch(string)' [/home/redrocket/task-factory/workdir/aspnet-spa-template/AspNetSpaTemplate.csproj]
/home/redrocket/task-factory/workdir/aspnet-spa-template/Caching/CacheKeyBuilder.cs(28,26): warning CS1591: Missing XML comment for publicly visible type or member 'CacheKeyBuilder.OrderById(int)' [/home/redrocket/task-factory/workdir/aspnet-spa-template/AspNetSpaTemplate.csproj]
/home/redrocket/task-factory/workdir/aspnet-spa-template/Caching/CacheKeyBuilder.cs(29,26): warning CS1591: Missing XML comment for publicly visible type or member 'CacheKeyBuilder.OrdersByUserId(int)' [/home/redrocket/task-factory/workdir/aspnet-spa-template/AspNetSpaTemplate.csproj]
/home/redrocket/task-factory/workdir/aspnet-spa-template/Caching/CacheKeyBuilder.cs(30,26): warning CS1591: Missing XML comment for publicly visible type or member 'CacheKeyBuilder.OrdersByStatus(string)' [/home/redrocket/task-factory/workdir/aspnet-spa-template/AspNetSpaTemplate.csproj]
/home/redrocket/task-factory/workdir/aspnet-spa-template/Caching/CacheKeyBuilder.cs(32,26): warning CS1591: Missing XML comment for publicly visible type or member 'CacheKeyBuilder.ReviewsByProductId(int)' [/home/redrocket/task-factory/workdir/aspnet-spa-template/AspNetSpaTemplate.csproj]
/home/redrocket/task-factory/workdir/aspnet-spa-template/Caching/CacheKeyBuilder.cs(33,26): warning CS1591: Missing XML comment for publicly visible type or member 'CacheKeyBuilder.ReviewsByUserId(int)' [/home/redrocket/task-factory/workdir/aspnet-spa-template/AspNetSpaTemplate.csproj]
/home/redrocket/task-factory/workdir/aspnet-spa-template/Caching/CacheKeyBuilder.cs(35,26): warning CS1591: Missing XML comment for publicly visible type or member 'CacheKeyBuilder.Config(string)' [/home/redrocket/task-factory/workdir/aspnet-spa-template/AspNetSpaTemplate.csproj]
/home/redrocket/task-factory/workdir/aspnet-spa-template/Caching/CacheKeyBuilder.cs(36,26): warning CS1591: Missing XML comment for publicly visible type or member 'CacheKeyBuilder.Settings' [/home/redrocket/task-factory/workdir/aspnet-spa-template/AspNetSpaTemplate.csproj]
/home/redrocket/task-factory/workdir/aspnet-spa-template/Caching/CacheKeyBuilder.cs(39,26): warning CS1591: Missing XML comment for publicly visible type or member 'CacheKeyBuilder.RateLimitKey(string)' [/home/redrocket/task-factory/workdir/aspnet-spa-template/AspNetSpaTemplate.csproj]
/home/redrocket/task-factory/workdir/aspnet-spa-template/Caching/CacheKeyBuilder.cs(40,26): warning CS1591: Missing XML comment for publicly visible type or member 'CacheKeyBuilder.RequestCount(string)' [/home/redrocket/task-factory/workdir/aspnet-spa-template/AspNetSpaTemplate.csproj]
/home/redrocket/task-factory/workdir/aspnet-spa-template/Caching/CacheKeyBuilder.cs(43,26): warning CS1591: Missing XML comment for publicly visible type or member 'CacheKeyBuilder.SessionData(string, string)' [/home/redrocket/task-factory/workdir/aspnet-spa-template/AspNetSpaTemplate.csproj]
/home/redrocket/task-factory/workdir/aspnet-spa-template/Caching/CacheKeyBuilder.cs(46,26): warning CS1591: Missing XML comment for publicly visible type or member 'CacheKeyBuilder.LockKey(string)' [/home/redrocket/task-factory/workdir/aspnet-spa-template/AspNetSpaTemplate.csproj]
/home/redrocket/task-factory/workdir/aspnet-spa-template/Caching/CacheKeyBuilder.cs(47,26): warning CS1591: Missing XML comment for publicly visible type or member 'CacheKeyBuilder.ProcessingKey(string)' [/home/redrocket/task-factory/workdir/aspnet-spa-template/AspNetSpaTemplate.csproj]
/home/redrocket/task-factory/workdir/aspnet-spa-template/Caching/CacheKeyBuilder.cs(59,29): warning CS1591: Missing XML comment for publicly visible type or member 'CacheKeyBuilder.InvalidationPatterns.AllProducts' [/home/redrocket/task-factory/workdir/aspnet-spa-template/AspNetSpaTemplate.csproj]
/home/redrocket/task-factory/workdir/aspnet-spa-template/Caching/CacheKeyBuilder.cs(60,29): warning CS1591: Missing XML comment for publicly visible type or member 'CacheKeyBuilder.InvalidationPatterns.AllOrders' [/home/redrocket/task-factory/workdir/aspnet-spa-template/AspNetSpaTemplate.csproj]
/home/redrocket/task-factory/workdir/aspnet-spa-template/Caching/CacheKeyBuilder.cs(61,29): warning CS1591: Missing XML comment for publicly visible type or member 'CacheKeyBuilder.InvalidationPatterns.AllReviews' [/home/redrocket/task-factory/workdir/aspnet-spa-template/AspNetSpaTemplate.csproj]
/home/redrocket/task-factory/workdir/aspnet-spa-template/Caching/CacheKeyBuilder.cs(62,29): warning CS1591: Missing XML comment for publicly visible type or member 'CacheKeyBuilder.InvalidationPatterns.AllUsers' [/home/redrocket/task-factory/workdir/aspnet-spa-template/AspNetSpaTemplate.csproj]
/home/redrocket/task-factory/workdir/aspnet-spa-template/Caching/CacheKeyBuilder.cs(63,29): warning CS1591: Missing XML comment for publicly visible type or member 'CacheKeyBuilder.InvalidationPatterns.AllSessions' [/home/redrocket/task-factory/workdir/aspnet-spa-template/AspNetSpaTemplate.csproj]
/home/redrocket/task-factory/workdir/aspnet-spa-template/Caching/CacheKeyBuilder.cs(64,29): warning CS1591: Missing XML comment for publicly visible type or member 'CacheKeyBuilder.InvalidationPatterns.AllRateLimits' [/home/redrocket/task-factory/workdir/aspnet-spa-template/AspNetSpaTemplate.csproj]
/home/redrocket/task-factory/workdir/aspnet-spa-template/Caching/ICacheService.cs(87,17): warning CS1591: Missing XML comment for publicly visible type or member 'CacheStatistics.TotalRequests' [/home/redrocket/task-factory/workdir/aspnet-spa-template/AspNetSpaTemplate.csproj]
/home/redrocket/task-factory/workdir/aspnet-spa-template/Caching/ICacheService.cs(88,17): warning CS1591: Missing XML comment for publicly visible type or member 'CacheStatistics.CacheHits' [/home/redrocket/task-factory/workdir/aspnet-spa-template/AspNetSpaTemplate.csproj]
/home/redrocket/task-factory/workdir/aspnet-spa-template/Caching/ICacheService.cs(89,17): warning CS1591: Missing XML comment for publicly visible type or member 'CacheStatistics.CacheMisses' [/home/redrocket/task-factory/workdir/aspnet-spa-template/AspNetSpaTemplate.csproj]
/home/redrocket/task-factory/workdir/aspnet-spa-template/Caching/ICacheService.cs(90,19): warning CS1591: Missing XML comment for publicly visible type or member 'CacheStatistics.HitRate' [/home/redrocket/task-factory/workdir/aspnet-spa-template/AspNetSpaTemplate.csproj]
/home/redrocket/task-factory/workdir/aspnet-spa-template/Caching/ICacheService.cs(91,17): warning CS1591: Missing XML comment for publicly visible type or member 'CacheStatistics.ItemCount' [/home/redrocket/task-factory/workdir/aspnet-spa-template/AspNetSpaTemplate.csproj]
/home/redrocket/task-factory/workdir/aspnet-spa-template/Caching/ICacheService.cs(92,17): warning CS1591: Missing XML comment for publicly visible type or member 'CacheStatistics.ApproximateMemoryUsage' [/home/redrocket/task-factory/workdir/aspnet-spa-template/AspNetSpaTemplate.csproj]
/home/redrocket/task-factory/workdir/aspnet-spa-template/Caching/ICacheService.cs(94,28): warning CS1591: Missing XML comment for publicly visible type or member 'CacheStatistics.ToString()' [/home/redrocket/task-factory/workdir/aspnet-spa-template/AspNetSpaTemplate.csproj]
/home/redrocket/task-factory/workdir/aspnet-spa-template/Caching/MemoryCacheService.cs(29,12): warning CS1591: Missing XML comment for publicly visible type or member 'MemoryCacheService.MemoryCacheService(ILogger<MemoryCacheService>)' [/home/redrocket/task-factory/workdir/aspnet-spa-template/AspNetSpaTemplate.csproj]
/home/redrocket/task-factory/workdir/aspnet-spa-template/Caching/MemoryCacheService.cs(36,27): warning CS1591: Missing XML comment for publicly visible type or member 'MemoryCacheService.GetAsync<T>(string)' [/home/redrocket/task-factory/workdir/aspnet-spa-template/AspNetSpaTemplate.csproj]
/home/redrocket/task-factory/workdir/aspnet-spa-template/Caching/MemoryCacheService.cs(58,23): warning CS1591: Missing XML comment for publicly visible type or member 'MemoryCacheService.SetAsync<T>(string, T, TimeSpan?)' [/home/redrocket/task-factory/workdir/aspnet-spa-template/AspNetSpaTemplate.csproj]
/home/redrocket/task-factory/workdir/aspnet-spa-template/Caching/MemoryCacheService.cs(67,23): warning CS1591: Missing XML comment for publicly visible type or member 'MemoryCacheService.RemoveAsync(string)' [/home/redrocket/task-factory/workdir/aspnet-spa-template/AspNetSpaTemplate.csproj]
/home/redrocket/task-factory/workdir/aspnet-spa-template/Caching/MemoryCacheService.cs(75,23): warning CS1591: Missing XML comment for publicly visible type or member 'MemoryCacheService.RemoveByPatternAsync(string)' [/home/redrocket/task-factory/workdir/aspnet-spa-template/AspNetSpaTemplate.csproj]
/home/redrocket/task-factory/workdir/aspnet-spa-template/Caching/MemoryCacheService.cs(88,29): warning CS1591: Missing XML comment for publicly visible type or member 'MemoryCacheService.ExistsAsync(string)' [/home/redrocket/task-factory/workdir/aspnet-spa-template/AspNetSpaTemplate.csproj]
/home/redrocket/task-factory/workdir/aspnet-spa-template/Caching/MemoryCacheService.cs(103,26): warning CS1591: Missing XML comment for publicly visible type or member 'MemoryCacheService.GetOrSetAsync<T>(string, Func<Task<T>>, TimeSpan?)' [/home/redrocket/task-factory/workdir/aspnet-spa-template/AspNetSpaTemplate.csproj]
/home/redrocket/task-factory/workdir/aspnet-spa-template/Caching/MemoryCacheService.cs(135,29): warning CS1591: Missing XML comment for publicly visible type or member 'MemoryCacheService.IncrementAsync(string, long)' [/home/redrocket/task-factory/workdir/aspnet-spa-template/AspNetSpaTemplate.csproj]
/home/redrocket/task-factory/workdir/aspnet-spa-template/Caching/MemoryCacheService.cs(149,29): warning CS1591: Missing XML comment for publicly visible type or member 'MemoryCacheService.ExpireAsync(string, TimeSpan)' [/home/redrocket/task-factory/workdir/aspnet-spa-template/AspNetSpaTemplate.csproj]
/home/redrocket/task-factory/workdir/aspnet-spa-template/Caching/MemoryCacheService.cs(158,44): warning CS1591: Missing XML comment for publicly visible type or member 'MemoryCacheService.GetKeysAsync(string)' [/home/redrocket/task-factory/workdir/aspnet-spa-template/AspNetSpaTemplate.csproj]
/home/redrocket/task-factory/workdir/aspnet-spa-template/Caching/MemoryCacheService.cs(164,23): warning CS1591: Missing XML comment for publicly visible type or member 'MemoryCacheService.FlushAllAsync()' [/home/redrocket/task-factory/workdir/aspnet-spa-template/AspNetSpaTemplate.csproj]
/home/redrocket/task-factory/workdir/aspnet-spa-template/Caching/MemoryCacheService.cs(171,40): warning CS1591: Missing XML comment for publicly visible type or member 'MemoryCacheService.GetStatisticsAsync()' [/home/redrocket/task-factory/workdir/aspnet-spa-template/AspNetSpaTemplate.csproj]
/home/redrocket/task-factory/workdir/aspnet-spa-template/Configuration/AspnetSpaTemplateOptions.cs(10,25): warning CS1591: Missing XML comment for publicly visible type or member 'AspnetSpaTemplateOptions.SectionName' [/home/redrocket/task-factory/workdir/aspnet-spa-template/AspNetSpaTemplate.csproj]
/home/redrocket/task-factory/workdir/aspnet-spa-template/Configuration/AspnetSpaTemplateOptions.cs(13,19): warning CS1591: Missing XML comment for publicly visible type or member 'AspnetSpaTemplateOptions.JwtSecret' [/home/redrocket/task-factory/workdir/aspnet-spa-template/AspNetSpaTemplate.csproj]
/home/redrocket/task-factory/workdir/aspnet-spa-template/Configuration/AspnetSpaTemplateOptions.cs(16,16): warning CS1591: Missing XML comment for publicly visible type or member 'AspnetSpaTemplateOptions.JwtExpiration' [/home/redrocket/task-factory/workdir/aspnet-spa-template/AspNetSpaTemplate.csproj]
/home/redrocket/task-factory/workdir/aspnet-spa-template/Configuration/AspnetSpaTemplateOptions.cs(19,19): warning CS1591: Missing XML comment for publicly visible type or member 'AspnetSpaTemplateOptions.Environment' [/home/redrocket/task-factory/workdir/aspnet-spa-template/AspNetSpaTemplate.csproj]
/home/redrocket/task-factory/workdir/aspnet-spa-template/Configuration/AspnetSpaTemplateOptions.cs(21,34): warning CS1591: Missing XML comment for publicly visible type or member 'AspnetSpaTemplateOptions.RequestLogging' [/home/redrocket/task-factory/workdir/aspnet-spa-template/AspNetSpaTemplate.csproj]
/home/redrocket/task-factory/workdir/aspnet-spa-template/Configuration/AspnetSpaTemplateOptions.cs(24,14): warning CS1591: Missing XML comment for publicly visible type or member 'RequestLoggingOptions' [/home/redrocket/task-factory/workdir/aspnet-spa-template/AspNetSpaTemplate.csproj]
/home/redrocket/task-factory/workdir/aspnet-spa-template/Configuration/AspnetSpaTemplateOptions.cs(26,17): warning CS1591: Missing XML comment for publicly visible type or member 'RequestLoggingOptions.Enabled' [/home/redrocket/task-factory/workdir/aspnet-spa-template/AspNetSpaTemplate.csproj]
/home/redrocket/task-factory/workdir/aspnet-spa-template/Configuration/AspnetSpaTemplateOptions.cs(29,19): warning CS1591: Missing XML comment for publicly visible type or member 'RequestLoggingOptions.VerbosityLevel' [/home/redrocket/task-factory/workdir/aspnet-spa-template/AspNetSpaTemplate.csproj]
/home/redrocket/task-factory/workdir/aspnet-spa-template/Configuration/AspnetSpaTemplateOptions.cs(31,17): warning CS1591: Missing XML comment for publicly visible type or member 'RequestLoggingOptions.LogRequestHeaders' [/home/redrocket/task-factory/workdir/aspnet-spa-template/AspNetSpaTemplate.csproj]
/home/redrocket/task-factory/workdir/aspnet-spa-template/Configuration/AspnetSpaTemplateOptions.cs(32,17): warning CS1591: Missing XML comment for publicly visible type or member 'RequestLoggingOptions.LogResponseHeaders' [/home/redrocket/task-factory/workdir/aspnet-spa-template/AspNetSpaTemplate.csproj]
/home/redrocket/task-factory/workdir/aspnet-spa-template/Configuration/AspnetSpaTemplateOptions.cs(33,17): warning CS1591: Missing XML comment for publicly visible type or member 'RequestLoggingOptions.LogRequestBody' [/home/redrocket/task-factory/workdir/aspnet-spa-template/AspNetSpaTemplate.csproj]
/home/redrocket/task-factory/workdir/aspnet-spa-template/Configuration/AspnetSpaTemplateOptions.cs(34,17): warning CS1591: Missing XML comment for publicly visible type or member 'RequestLoggingOptions.LogResponseBody' [/home/redrocket/task-factory/workdir/aspnet-spa-template/AspNetSpaTemplate.csproj]
/home/redrocket/task-factory/workdir/aspnet-spa-template/Configuration/AspnetSpaTemplateOptions.cs(37,16): warning CS1591: Missing XML comment for publicly visible type or member 'RequestLoggingOptions.SlowRequestThresholdMs' [/home/redrocket/task-factory/workdir/aspnet-spa-template/AspNetSpaTemplate.csproj]
/home/redrocket/task-factory/workdir/aspnet-spa-template/Configuration/AspnetSpaTemplateOptions.cs(39,25): warning CS1591: Missing XML comment for publicly visible type or member 'RequestLoggingOptions.ExcludedPaths' [/home/redrocket/task-factory/workdir/aspnet-spa-template/AspNetSpaTemplate.csproj]
/home/redrocket/task-factory/workdir/aspnet-spa-template/Configuration/ServiceConfiguration.cs(130,21): warning CS1591: Missing XML comment for publicly visible type or member 'CachePolicyConfiguration.ProductCacheTtl' [/home/redrocket/task-factory/workdir/aspnet-spa-template/AspNetSpaTemplate.csproj]
/home/redrocket/task-factory/workdir/aspnet-spa-template/Configuration/ServiceConfiguration.cs(131,21): warning CS1591: Missing XML comment for publicly visible type or member 'CachePolicyConfiguration.UserCacheTtl' [/home/redrocket/task-factory/workdir/aspnet-spa-template/AspNetSpaTemplate.csproj]
/home/redrocket/task-factory/workdir/aspnet-spa-template/Configuration/ServiceConfiguration.cs(132,21): warning CS1591: Missing XML comment for publicly visible type or member 'CachePolicyConfiguration.OrderCacheTtl' [/home/redrocket/task-factory/workdir/aspnet-spa-template/AspNetSpaTemplate.csproj]
/home/redrocket/task-factory/workdir/aspnet-spa-template/Configuration/ServiceConfiguration.cs(133,21): warning CS1591: Missing XML comment for publicly visible type or member 'CachePolicyConfiguration.SearchResultsCacheTtl' [/home/redrocket/task-factory/workdir/aspnet-spa-template/AspNetSpaTemplate.csproj]
/home/redrocket/task-factory/workdir/aspnet-spa-template/Configuration/ServiceConfiguration.cs(134,21): warning CS1591: Missing XML comment for publicly visible type or member 'CachePolicyConfiguration.SessionCacheTtl' [/home/redrocket/task-factory/workdir/aspnet-spa-template/AspNetSpaTemplate.csproj]
/home/redrocket/task-factory/workdir/aspnet-spa-template/Configuration/ServiceConfiguration.cs(135,21): warning CS1591: Missing XML comment for publicly visible type or member 'CachePolicyConfiguration.ConfigurationCacheTtl' [/home/redrocket/task-factory/workdir/aspnet-spa-template/AspNetSpaTemplate.csproj]
/home/redrocket/task-factory/workdir/aspnet-spa-template/Configuration/ServiceConfiguration.cs(144,29): warning CS1591: Missing XML comment for publicly visible type or member 'ApplicationSettings.Database' [/home/redrocket/task-factory/workdir/aspnet-spa-template/AspNetSpaTemplate.csproj]
/home/redrocket/task-factory/workdir/aspnet-spa-template/Configuration/ServiceConfiguration.cs(145,28): warning CS1591: Missing XML comment for publicly visible type or member 'ApplicationSettings.Caching' [/home/redrocket/task-factory/workdir/aspnet-spa-template/AspNetSpaTemplate.csproj]
/home/redrocket/task-factory/workdir/aspnet-spa-template/Configuration/ServiceConfiguration.cs(146,35): warning CS1591: Missing XML comment for publicly visible type or member 'ApplicationSettings.Authentication' [/home/redrocket/task-factory/workdir/aspnet-spa-template/AspNetSpaTemplate.csproj]
/home/redrocket/task-factory/workdir/aspnet-spa-template/Configuration/ServiceConfiguration.cs(147,33): warning CS1591: Missing XML comment for publicly visible type or member 'ApplicationSettings.Notifications' [/home/redrocket/task-factory/workdir/aspnet-spa-template/AspNetSpaTemplate.csproj]
/home/redrocket/task-factory/workdir/aspnet-spa-template/Configuration/ServiceConfiguration.cs(150,14): warning CS1591: Missing XML comment for publicly visible type or member 'DatabaseSettings' [/home/redrocket/task-factory/workdir/aspnet-spa-template/AspNetSpaTemplate.csproj]
/home/redrocket/task-factory/workdir/aspnet-spa-template/Configuration/ServiceConfiguration.cs(152,19): warning CS1591: Missing XML comment for publicly visible type or member 'DatabaseSettings.ConnectionString' [/home/redrocket/task-factory/workdir/aspnet-spa-template/AspNetSpaTemplate.csproj]
/home/redrocket/task-factory/workdir/aspnet-spa-template/Configuration/ServiceConfiguration.cs(153,16): warning CS1591: Missing XML comment for publicly visible type or member 'DatabaseSettings.CommandTimeout' [/home/redrocket/task-factory/workdir/aspnet-spa-template/AspNetSpaTemplate.csproj]
/home/redrocket/task-factory/workdir/aspnet-spa-template/Configuration/ServiceConfiguration.cs(154,17): warning CS1591: Missing XML comment for publicly visible type or member 'DatabaseSettings.EnableLogging' [/home/redrocket/task-factory/workdir/aspnet-spa-template/AspNetSpaTemplate.csproj]
/home/redrocket/task-factory/workdir/aspnet-spa-template/Configuration/ServiceConfiguration.cs(157,14): warning CS1591: Missing XML comment for publicly visible type or member 'CachingSettings' [/home/redrocket/task-factory/workdir/aspnet-spa-template/AspNetSpaTemplate.csproj]
/home/redrocket/task-factory/workdir/aspnet-spa-template/Configuration/ServiceConfiguration.cs(159,17): warning CS1591: Missing XML comment for publicly visible type or member 'CachingSettings.Enabled' [/home/redrocket/task-factory/workdir/aspnet-spa-template/AspNetSpaTemplate.csproj]
/home/redrocket/task-factory/workdir/aspnet-spa-template/Configuration/ServiceConfiguration.cs(160,19): warning CS1591: Missing XML comment for publicly visible type or member 'CachingSettings.Provider' [/home/redrocket/task-factory/workdir/aspnet-spa-template/AspNetSpaTemplate.csproj]
/home/redrocket/task-factory/workdir/aspnet-spa-template/Configuration/ServiceConfiguration.cs(161,16): warning CS1591: Missing XML comment for publicly visible type or member 'CachingSettings.MaxItemCount' [/home/redrocket/task-factory/workdir/aspnet-spa-template/AspNetSpaTemplate.csproj]
/home/redrocket/task-factory/workdir/aspnet-spa-template/Configuration/ServiceConfiguration.cs(164,14): warning CS1591: Missing XML comment for publicly visible type or member 'AuthenticationSettings' [/home/redrocket/task-factory/workdir/aspnet-spa-template/AspNetSpaTemplate.csproj]
/home/redrocket/task-factory/workdir/aspnet-spa-template/Configuration/ServiceConfiguration.cs(166,17): warning CS1591: Missing XML comment for publicly visible type or member 'AuthenticationSettings.Enabled' [/home/redrocket/task-factory/workdir/aspnet-spa-template/AspNetSpaTemplate.csproj]
/home/redrocket/task-factory/workdir/aspnet-spa-template/Configuration/ServiceConfiguration.cs(167,16): warning CS1591: Missing XML comment for publicly visible type or member 'AuthenticationSettings.SessionTimeoutMinutes' [/home/redrocket/task-factory/workdir/aspnet-spa-template/AspNetSpaTemplate.csproj]
/home/redrocket/task-factory/workdir/aspnet-spa-template/Configuration/ServiceConfiguration.cs(168,17): warning CS1591: Missing XML comment for publicly visible type or member 'AuthenticationSettings.RequireHttpsOnly' [/home/redrocket/task-factory/workdir/aspnet-spa-template/AspNetSpaTemplate.csproj]
/home/redrocket/task-factory/workdir/aspnet-spa-template/Configuration/ServiceConfiguration.cs(171,14): warning CS1591: Missing XML comment for publicly visible type or member 'NotificationSettings' [/home/redrocket/task-factory/workdir/aspnet-spa-template/AspNetSpaTemplate.csproj]
/home/redrocket/task-factory/workdir/aspnet-spa-template/Configuration/ServiceConfiguration.cs(173,17): warning CS1591: Missing XML comment for publicly visible type or member 'NotificationSettings.Enabled' [/home/redrocket/task-factory/workdir/aspnet-spa-template/AspNetSpaTemplate.csproj]
/home/redrocket/task-factory/workdir/aspnet-spa-template/Configuration/ServiceConfiguration.cs(174,16): warning CS1591: Missing XML comment for publicly visible type or member 'NotificationSettings.BatchSize' [/home/redrocket/task-factory/workdir/aspnet-spa-template/AspNetSpaTemplate.csproj]
/home/redrocket/task-factory/workdir/aspnet-spa-template/Configuration/ServiceConfiguration.cs(175,16): warning CS1591: Missing XML comment for publicly visible type or member 'NotificationSettings.RetryCount' [/home/redrocket/task-factory/workdir/aspnet-spa-template/AspNetSpaTemplate.csproj]
/home/redrocket/task-factory/workdir/aspnet-spa-template/Configuration/ServiceConfiguration.cs(176,19): warning CS1591: Missing XML comment for publicly visible type or member 'NotificationSettings.EmailProvider' [/home/redrocket/task-factory/workdir/aspnet-spa-template/AspNetSpaTemplate.csproj]
/home/redrocket/task-factory/workdir/aspnet-spa-template/Configuration/ServiceConfiguration.cs(177,19): warning CS1591: Missing XML comment for publicly visible type or member 'NotificationSettings.SmsProvider' [/home/redrocket/task-factory/workdir/aspnet-spa-template/AspNetSpaTemplate.csproj]
/home/redrocket/task-factory/workdir/aspnet-spa-template/Constants/AppConstants.cs(14,25): warning CS1591: Missing XML comment for publicly visible type or member 'AppConstants.ApiVersion' [/home/redrocket/task-factory/workdir/aspnet-spa-template/AspNetSpaTemplate.csproj]
/home/redrocket/task-factory/workdir/aspnet-spa-template/Constants/AppConstants.cs(15,25): warning CS1591: Missing XML comment for publicly visible type or member 'AppConstants.ApiBaseRoute' [/home/redrocket/task-factory/workdir/aspnet-spa-template/AspNetSpaTemplate.csproj]
/home/redrocket/task-factory/workdir/aspnet-spa-template/Constants/AppConstants.cs(17,25): warning CS1591: Missing XML comment for publicly visible type or member 'AppConstants.Validation' [/home/redrocket/task-factory/workdir/aspnet-spa-template/AspNetSpaTemplate.csproj]
/home/redrocket/task-factory/workdir/aspnet-spa-template/Constants/AppConstants.cs(19,26): warning CS1591: Missing XML comment for publicly visible type or member 'AppConstants.Validation.MinNameLength' [/home/redrocket/task-factory/workdir/aspnet-spa-template/AspNetSpaTemplate.csproj]
/home/redrocket/task-factory/workdir/aspnet-spa-template/Constants/AppConstants.cs(20,26): warning CS1591: Missing XML comment for publicly visible type or member 'AppConstants.Validation.MaxNameLength' [/home/redrocket/task-factory/workdir/aspnet-spa-template/AspNetSpaTemplate.csproj]
/home/redrocket/task-factory/workdir/aspnet-spa-template/Constants/AppConstants.cs(21,26): warning CS1591: Missing XML comment for publicly visible type or member 'AppConstants.Validation.MaxEmailLength' [/home/redrocket/task-factory/workdir/aspnet-spa-template/AspNetSpaTemplate.csproj]
/home/redrocket/task-factory/workdir/aspnet-spa-template/Constants/AppConstants.cs(22,26): warning CS1591: Missing XML comment for publicly visible type or member 'AppConstants.Validation.MinPasswordLength' [/home/redrocket/task-factory/workdir/aspnet-spa-template/AspNetSpaTemplate.csproj]
/home/redrocket/task-factory/workdir/aspnet-spa-template/Constants/AppConstants.cs(23,26): warning CS1591: Missing XML comment for publicly visible type or member 'AppConstants.Validation.MaxPasswordLength' [/home/redrocket/task-factory/workdir/aspnet-spa-template/AspNetSpaTemplate.csproj]
/home/redrocket/task-factory/workdir/aspnet-spa-template/Constants/AppConstants.cs(24,26): warning CS1591: Missing XML comment for publicly visible type or member 'AppConstants.Validation.MaxDescriptionLength' [/home/redrocket/task-factory/workdir/aspnet-spa-template/AspNetSpaTemplate.csproj]
/home/redrocket/task-factory/workdir/aspnet-spa-template/Constants/AppConstants.cs(27,25): warning CS1591: Missing XML comment for publicly visible type or member 'AppConstants.Pagination' [/home/redrocket/task-factory/workdir/aspnet-spa-template/AspNetSpaTemplate.csproj]
/home/redrocket/task-factory/workdir/aspnet-spa-template/Constants/AppConstants.cs(29,26): warning CS1591: Missing XML comment for publicly visible type or member 'AppConstants.Pagination.DefaultPageSize' [/home/redrocket/task-factory/workdir/aspnet-spa-template/AspNetSpaTemplate.csproj]
/home/redrocket/task-factory/workdir/aspnet-spa-template/Constants/AppConstants.cs(30,26): warning CS1591: Missing XML comment for publicly visible type or member 'AppConstants.Pagination.MaxPageSize' [/home/redrocket/task-factory/workdir/aspnet-spa-template/AspNetSpaTemplate.csproj]
/home/redrocket/task-factory/workdir/aspnet-spa-template/Constants/AppConstants.cs(31,26): warning CS1591: Missing XML comment for publicly visible type or member 'AppConstants.Pagination.MinPageSize' [/home/redrocket/task-factory/workdir/aspnet-spa-template/AspNetSpaTemplate.csproj]
/home/redrocket/task-factory/workdir/aspnet-spa-template/Constants/AppConstants.cs(34,25): warning CS1591: Missing XML comment for publicly visible type or member 'AppConstants.Product' [/home/redrocket/task-factory/workdir/aspnet-spa-template/AspNetSpaTemplate.csproj]
/home/redrocket/task-factory/workdir/aspnet-spa-template/Constants/AppConstants.cs(36,30): warning CS1591: Missing XML comment for publicly visible type or member 'AppConstants.Product.MinPrice' [/home/redrocket/task-factory/workdir/aspnet-spa-template/AspNetSpaTemplate.csproj]
/home/redrocket/task-factory/workdir/aspnet-spa-template/Constants/AppConstants.cs(37,30): warning CS1591: Missing XML comment for publicly visible type or member 'AppConstants.Product.MaxPrice' [/home/redrocket/task-factory/workdir/aspnet-spa-template/AspNetSpaTemplate.csproj]
/home/redrocket/task-factory/workdir/aspnet-spa-template/Constants/AppConstants.cs(38,26): warning CS1591: Missing XML comment for publicly visible type or member 'AppConstants.Product.MinStock' [/home/redrocket/task-factory/workdir/aspnet-spa-template/AspNetSpaTemplate.csproj]
/home/redrocket/task-factory/workdir/aspnet-spa-template/Constants/AppConstants.cs(39,26): warning CS1591: Missing XML comment for publicly visible type or member 'AppConstants.Product.MaxStock' [/home/redrocket/task-factory/workdir/aspnet-spa-template/AspNetSpaTemplate.csproj]
/home/redrocket/task-factory/workdir/aspnet-spa-template/Constants/AppConstants.cs(42,25): warning CS1591: Missing XML comment for publicly visible type or member 'AppConstants.Order' [/home/redrocket/task-factory/workdir/aspnet-spa-template/AspNetSpaTemplate.csproj]
/home/redrocket/task-factory/workdir/aspnet-spa-template/Constants/AppConstants.cs(44,26): warning CS1591: Missing XML comment for publicly visible type or member 'AppConstants.Order.MinItemQuantity' [/home/redrocket/task-factory/workdir/aspnet-spa-template/AspNetSpaTemplate.csproj]
/home/redrocket/task-factory/workdir/aspnet-spa-template/Constants/AppConstants.cs(45,26): warning CS1591: Missing XML comment for publicly visible type or member 'AppConstants.Order.MaxItemQuantity' [/home/redrocket/task-factory/workdir/aspnet-spa-template/AspNetSpaTemplate.csproj]
/home/redrocket/task-factory/workdir/aspnet-spa-template/Constants/AppConstants.cs(46,30): warning CS1591: Missing XML comment for publicly visible type or member 'AppConstants.Order.MinOrderValue' [/home/redrocket/task-factory/workdir/aspnet-spa-template/AspNetSpaTemplate.csproj]
/home/redrocket/task-factory/workdir/aspnet-spa-template/Constants/AppConstants.cs(49,25): warning CS1591: Missing XML comment for publicly visible type or member 'AppConstants.Cache' [/home/redrocket/task-factory/workdir/aspnet-spa-template/AspNetSpaTemplate.csproj]
/home/redrocket/task-factory/workdir/aspnet-spa-template/Constants/AppConstants.cs(51,26): warning CS1591: Missing XML comment for publicly visible type or member 'AppConstants.Cache.DefaultDurationMinutes' [/home/redrocket/task-factory/workdir/aspnet-spa-template/AspNetSpaTemplate.csproj]
/home/redrocket/task-factory/workdir/aspnet-spa-template/Constants/AppConstants.cs(52,26): warning CS1591: Missing XML comment for publicly visible type or member 'AppConstants.Cache.ShortDurationMinutes' [/home/redrocket/task-factory/workdir/aspnet-spa-template/AspNetSpaTemplate.csproj]
/home/redrocket/task-factory/workdir/aspnet-spa-template/Constants/AppConstants.cs(53,26): warning CS1591: Missing XML comment for publicly visible type or member 'AppConstants.Cache.LongDurationMinutes' [/home/redrocket/task-factory/workdir/aspnet-spa-template/AspNetSpaTemplate.csproj]
/home/redrocket/task-factory/workdir/aspnet-spa-template/Constants/OrderStatus.cs(14,5): warning CS1591: Missing XML comment for publicly visible type or member 'OrderStatus.Pending' [/home/redrocket/task-factory/workdir/aspnet-spa-template/AspNetSpaTemplate.csproj]
/home/redrocket/task-factory/workdir/aspnet-spa-template/Constants/OrderStatus.cs(15,5): warning CS1591: Missing XML comment for publicly visible type or member 'OrderStatus.Confirmed' [/home/redrocket/task-factory/workdir/aspnet-spa-template/AspNetSpaTemplate.csproj]
/home/redrocket/task-factory/workdir/aspnet-spa-template/Constants/OrderStatus.cs(16,5): warning CS1591: Missing XML comment for publicly visible type or member 'OrderStatus.Processing' [/home/redrocket/task-factory/workdir/aspnet-spa-template/AspNetSpaTemplate.csproj]
/home/redrocket/task-factory/workdir/aspnet-spa-template/Constants/OrderStatus.cs(17,5): warning CS1591: Missing XML comment for publicly visible type or member 'OrderStatus.Shipped' [/home/redrocket/task-factory/workdir/aspnet-spa-template/AspNetSpaTemplate.csproj]
/home/redrocket/task-factory/workdir/aspnet-spa-template/Constants/OrderStatus.cs(18,5): warning CS1591: Missing XML comment for publicly visible type or member 'OrderStatus.Delivered' [/home/redrocket/task-factory/workdir/aspnet-spa-template/AspNetSpaTemplate.csproj]
/home/redrocket/task-factory/workdir/aspnet-spa-template/Constants/OrderStatus.cs(19,5): warning CS1591: Missing XML comment for publicly visible type or member 'OrderStatus.Cancelled' [/home/redrocket/task-factory/workdir/aspnet-spa-template/AspNetSpaTemplate.csproj]
/home/redrocket/task-factory/workdir/aspnet-spa-template/Constants/OrderStatus.cs(20,5): warning CS1591: Missing XML comment for publicly visible type or member 'OrderStatus.Refunded' [/home/redrocket/task-factory/workdir/aspnet-spa-template/AspNetSpaTemplate.csproj]
/home/redrocket/task-factory/workdir/aspnet-spa-template/Constants/OrderStatus.cs(23,21): warning CS1591: Missing XML comment for publicly visible type or member 'OrderStatusExtensions' [/home/redrocket/task-factory/workdir/aspnet-spa-template/AspNetSpaTemplate.csproj]
/home/redrocket/task-factory/workdir/aspnet-spa-template/Constants/OrderStatus.cs(25,26): warning CS1591: Missing XML comment for publicly visible type or member 'OrderStatusExtensions.ToDisplayName(OrderStatus)' [/home/redrocket/task-factory/workdir/aspnet-spa-template/AspNetSpaTemplate.csproj]
/home/redrocket/task-factory/workdir/aspnet-spa-template/Constants/OrderStatus.cs(37,24): warning CS1591: Missing XML comment for publicly visible type or member 'OrderStatusExtensions.CanBeProcessed(OrderStatus)' [/home/redrocket/task-factory/workdir/aspnet-spa-template/AspNetSpaTemplate.csproj]
/home/redrocket/task-factory/workdir/aspnet-spa-template/Constants/OrderStatus.cs(40,24): warning CS1591: Missing XML comment for publicly visible type or member 'OrderStatusExtensions.CanBeCancelled(OrderStatus)' [/home/redrocket/task-factory/workdir/aspnet-spa-template/AspNetSpaTemplate.csproj]
/home/redrocket/task-factory/workdir/aspnet-spa-template/Constants/OrderStatus.cs(43,24): warning CS1591: Missing XML comment for publicly visible type or member 'OrderStatusExtensions.IsFinal(OrderStatus)' [/home/redrocket/task-factory/workdir/aspnet-spa-template/AspNetSpaTemplate.csproj]
/home/redrocket/task-factory/workdir/aspnet-spa-template/Constants/ProductCategory.cs(14,5): warning CS1591: Missing XML comment for publicly visible type or member 'ProductCategory.Electronics' [/home/redrocket/task-factory/workdir/aspnet-spa-template/AspNetSpaTemplate.csproj]
/home/redrocket/task-factory/workdir/aspnet-spa-template/Constants/ProductCategory.cs(15,5): warning CS1591: Missing XML comment for publicly visible type or member 'ProductCategory.Clothing' [/home/redrocket/task-factory/workdir/aspnet-spa-template/AspNetSpaTemplate.csproj]
/home/redrocket/task-factory/workdir/aspnet-spa-template/Constants/ProductCategory.cs(16,5): warning CS1591: Missing XML comment for publicly visible type or member 'ProductCategory.Home' [/home/redrocket/task-factory/workdir/aspnet-spa-template/AspNetSpaTemplate.csproj]
/home/redrocket/task-factory/workdir/aspnet-spa-template/Constants/ProductCategory.cs(17,5): warning CS1591: Missing XML comment for publicly visible type or member 'ProductCategory.Sports' [/home/redrocket/task-factory/workdir/aspnet-spa-template/AspNetSpaTemplate.csproj]
/home/redrocket/task-factory/workdir/aspnet-spa-template/Constants/ProductCategory.cs(18,5): warning CS1591: Missing XML comment for publicly visible type or member 'ProductCategory.Books' [/home/redrocket/task-factory/workdir/aspnet-spa-template/AspNetSpaTemplate.csproj]
/home/redrocket/task-factory/workdir/aspnet-spa-template/Constants/ProductCategory.cs(19,5): warning CS1591: Missing XML comment for publicly visible type or member 'ProductCategory.Food' [/home/redrocket/task-factory/workdir/aspnet-spa-template/AspNetSpaTemplate.csproj]
/home/redrocket/task-factory/workdir/aspnet-spa-template/Constants/ProductCategory.cs(20,5): warning CS1591: Missing XML comment for publicly visible type or member 'ProductCategory.Beauty' [/home/redrocket/task-factory/workdir/aspnet-spa-template/AspNetSpaTemplate.csproj]
/home/redrocket/task-factory/workdir/aspnet-spa-template/Constants/ProductCategory.cs(21,5): warning CS1591: Missing XML comment for publicly visible type or member 'ProductCategory.Toys' [/home/redrocket/task-factory/workdir/aspnet-spa-template/AspNetSpaTemplate.csproj]
/home/redrocket/task-factory/workdir/aspnet-spa-template/Constants/ProductCategory.cs(24,21): warning CS1591: Missing XML comment for publicly visible type or member 'ProductCategoryExtensions' [/home/redrocket/task-factory/workdir/aspnet-spa-template/AspNetSpaTemplate.csproj]
/home/redrocket/task-factory/workdir/aspnet-spa-template/Constants/ProductCategory.cs(26,26): warning CS1591: Missing XML comment for publicly visible type or member 'ProductCategoryExtensions.ToDisplayName(ProductCategory)' [/home/redrocket/task-factory/workdir/aspnet-spa-template/AspNetSpaTemplate.csproj]
/home/redrocket/task-factory/workdir/aspnet-spa-template/Constants/ProductCategory.cs(39,27): warning CS1591: Missing XML comment for publicly visible type or member 'ProductCategoryExtensions.GetTaxRate(ProductCategory)' [/home/redrocket/task-factory/workdir/aspnet-spa-template/AspNetSpaTemplate.csproj]
/home/redrocket/task-factory/workdir/aspnet-spa-template/Controllers/ApiControllerBase.cs(20,29): warning CS1591: Missing XML comment for publicly visible type or member 'ApiControllerBase.ApiSuccess<T>(T, string, int)' [/home/redrocket/task-factory/workdir/aspnet-spa-template/AspNetSpaTemplate.csproj]
/home/redrocket/task-factory/workdir/aspnet-spa-template/Controllers/ApiControllerBase.cs(25,29): warning CS1591: Missing XML comment for publicly visible type or member 'ApiControllerBase.ApiError(string, string, int)' [/home/redrocket/task-factory/workdir/aspnet-spa-template/AspNetSpaTemplate.csproj]
/home/redrocket/task-factory/workdir/aspnet-spa-template/Controllers/ApiControllerBase.cs(30,29): warning CS1591: Missing XML comment for publicly visible type or member 'ApiControllerBase.ApiError(string, Dictionary<string, List<string>>, int)' [/home/redrocket/task-factory/workdir/aspnet-spa-template/AspNetSpaTemplate.csproj]
/home/redrocket/task-factory/workdir/aspnet-spa-template/Controllers/ApiControllerBase.cs(35,19): warning CS1591: Missing XML comment for publicly visible type or member 'ApiControllerBase.GetUserId()' [/home/redrocket/task-factory/workdir/aspnet-spa-template/AspNetSpaTemplate.csproj]
/home/redrocket/task-factory/workdir/aspnet-spa-template/Controllers/ApiControllerBase.cs(44,23): warning CS1591: Missing XML comment for publicly visible type or member 'ApiControllerBase.GetUserEmail()' [/home/redrocket/task-factory/workdir/aspnet-spa-template/AspNetSpaTemplate.csproj]
/home/redrocket/task-factory/workdir/aspnet-spa-template/Controllers/ApiControllerBase.cs(49,20): warning CS1591: Missing XML comment for publicly visible type or member 'ApiControllerBase.IsAuthenticated' [/home/redrocket/task-factory/workdir/aspnet-spa-template/AspNetSpaTemplate.csproj]
/home/redrocket/task-factory/workdir/aspnet-spa-template/Controllers/HealthController.cs(26,12): warning CS1591: Missing XML comment for publicly visible type or member 'HealthController.HealthController(ICacheHealthMonitor, IBackgroundTaskScheduler, ILogger<HealthController>)' [/home/redrocket/task-factory/workdir/aspnet-spa-template/AspNetSpaTemplate.csproj]
/home/redrocket/task-factory/workdir/aspnet-spa-template/Controllers/HealthController.cs(172,21): warning CS1591: Missing XML comment for publicly visible type or member 'HealthCheckReport.Timestamp' [/home/redrocket/task-factory/workdir/aspnet-spa-template/AspNetSpaTemplate.csproj]
/home/redrocket/task-factory/workdir/aspnet-spa-template/Controllers/HealthController.cs(173,19): warning CS1591: Missing XML comment for publicly visible type or member 'HealthCheckReport.Status' [/home/redrocket/task-factory/workdir/aspnet-spa-template/AspNetSpaTemplate.csproj]
/home/redrocket/task-factory/workdir/aspnet-spa-template/Controllers/HealthController.cs(174,39): warning CS1591: Missing XML comment for publicly visible type or member 'HealthCheckReport.Components' [/home/redrocket/task-factory/workdir/aspnet-spa-template/AspNetSpaTemplate.csproj]
/home/redrocket/task-factory/workdir/aspnet-spa-template/Controllers/OrdersController.cs(20,12): warning CS1591: Missing XML comment for publicly visible type or member 'OrdersController.OrdersController(OrderService)' [/home/redrocket/task-factory/workdir/aspnet-spa-template/AspNetSpaTemplate.csproj]
/home/redrocket/task-factory/workdir/aspnet-spa-template/Controllers/OrdersController.cs(27,38): warning CS1591: Missing XML comment for publicly visible type or member 'OrdersController.GetOrder(int)' [/home/redrocket/task-factory/workdir/aspnet-spa-template/AspNetSpaTemplate.csproj]
/home/redrocket/task-factory/workdir/aspnet-spa-template/Controllers/OrdersController.cs(35,38): warning CS1591: Missing XML comment for publicly visible type or member 'OrdersController.CreateOrder(CreateOrderRequest)' [/home/redrocket/task-factory/workdir/aspnet-spa-template/AspNetSpaTemplate.csproj]
/home/redrocket/task-factory/workdir/aspnet-spa-template/Controllers/OrdersController.cs(47,38): warning CS1591: Missing XML comment for publicly visible type or member 'OrdersController.UpdateOrderStatus(int, UpdateOrderStatusRequest)' [/home/redrocket/task-factory/workdir/aspnet-spa-template/AspNetSpaTemplate.csproj]
/home/redrocket/task-factory/workdir/aspnet-spa-template/Controllers/OrdersController.cs(55,38): warning CS1591: Missing XML comment for publicly visible type or member 'OrdersController.ApplyDiscount(int, ApplyDiscountRequest)' [/home/redrocket/task-factory/workdir/aspnet-spa-template/AspNetSpaTemplate.csproj]
/home/redrocket/task-factory/workdir/aspnet-spa-template/Controllers/OrdersController.cs(63,38): warning CS1591: Missing XML comment for publicly visible type or member 'OrdersController.GetUserOrders(int, int, int)' [/home/redrocket/task-factory/workdir/aspnet-spa-template/AspNetSpaTemplate.csproj]
/home/redrocket/task-factory/workdir/aspnet-spa-template/Controllers/OrdersController.cs(71,38): warning CS1591: Missing XML comment for publicly visible type or member 'OrdersController.GetMyOrders(int, int)' [/home/redrocket/task-factory/workdir/aspnet-spa-template/AspNetSpaTemplate.csproj]
/home/redrocket/task-factory/workdir/aspnet-spa-template/Controllers/OrdersController.cs(83,38): warning CS1591: Missing XML comment for publicly visible type or member 'OrdersController.GetPendingOrders()' [/home/redrocket/task-factory/workdir/aspnet-spa-template/AspNetSpaTemplate.csproj]
/home/redrocket/task-factory/workdir/aspnet-spa-template/Controllers/OrdersController.cs(91,38): warning CS1591: Missing XML comment for publicly visible type or member 'OrdersController.GetTotalRevenue(int?)' [/home/redrocket/task-factory/workdir/aspnet-spa-template/AspNetSpaTemplate.csproj]
/home/redrocket/task-factory/workdir/aspnet-spa-template/Controllers/ProductsController.cs(21,12): warning CS1591: Missing XML comment for publicly visible type or member 'ProductsController.ProductsController(ProductService)' [/home/redrocket/task-factory/workdir/aspnet-spa-template/AspNetSpaTemplate.csproj]
/home/redrocket/task-factory/workdir/aspnet-spa-template/Controllers/ProductsController.cs(28,38): warning CS1591: Missing XML comment for publicly visible type or member 'ProductsController.GetProduct(int)' [/home/redrocket/task-factory/workdir/aspnet-spa-template/AspNetSpaTemplate.csproj]
/home/redrocket/task-factory/workdir/aspnet-spa-template/Controllers/ProductsController.cs(36,38): warning CS1591: Missing XML comment for publicly visible type or member 'ProductsController.GetProducts(int, int)' [/home/redrocket/task-factory/workdir/aspnet-spa-template/AspNetSpaTemplate.csproj]
/home/redrocket/task-factory/workdir/aspnet-spa-template/Controllers/ProductsController.cs(44,38): warning CS1591: Missing XML comment for publicly visible type or member 'ProductsController.GetProductsByCategory(ProductCategory, int, int)' [/home/redrocket/task-factory/workdir/aspnet-spa-template/AspNetSpaTemplate.csproj]
/home/redrocket/task-factory/workdir/aspnet-spa-template/Controllers/ProductsController.cs(52,38): warning CS1591: Missing XML comment for publicly visible type or member 'ProductsController.GetFeaturedProducts(int)' [/home/redrocket/task-factory/workdir/aspnet-spa-template/AspNetSpaTemplate.csproj]
/home/redrocket/task-factory/workdir/aspnet-spa-template/Controllers/ProductsController.cs(60,38): warning CS1591: Missing XML comment for publicly visible type or member 'ProductsController.GetTopRatedProducts(int)' [/home/redrocket/task-factory/workdir/aspnet-spa-template/AspNetSpaTemplate.csproj]
/home/redrocket/task-factory/workdir/aspnet-spa-template/Controllers/ProductsController.cs(68,38): warning CS1591: Missing XML comment for publicly visible type or member 'ProductsController.SearchProducts(string)' [/home/redrocket/task-factory/workdir/aspnet-spa-template/AspNetSpaTemplate.csproj]
/home/redrocket/task-factory/workdir/aspnet-spa-template/Controllers/ProductsController.cs(76,38): warning CS1591: Missing XML comment for publicly visible type or member 'ProductsController.CreateProduct(CreateProductRequest)' [/home/redrocket/task-factory/workdir/aspnet-spa-template/AspNetSpaTemplate.csproj]
/home/redrocket/task-factory/workdir/aspnet-spa-template/Controllers/ProductsController.cs(84,38): warning CS1591: Missing XML comment for publicly visible type or member 'ProductsController.UpdateProduct(int, UpdateProductRequest)' [/home/redrocket/task-factory/workdir/aspnet-spa-template/AspNetSpaTemplate.csproj]
/home/redrocket/task-factory/workdir/aspnet-spa-template/Controllers/ProductsController.cs(92,38): warning CS1591: Missing XML comment for publicly visible type or member 'ProductsController.SetAvailability(int, Dictionary<string, bool>)' [/home/redrocket/task-factory/workdir/aspnet-spa-template/AspNetSpaTemplate.csproj]
/home/redrocket/task-factory/workdir/aspnet-spa-template/Controllers/ProductsController.cs(103,38): warning CS1591: Missing XML comment for publicly visible type or member 'ProductsController.SetFeatured(int, Dictionary<string, bool>)' [/home/redrocket/task-factory/workdir/aspnet-spa-template/AspNetSpaTemplate.csproj]
/home/redrocket/task-factory/workdir/aspnet-spa-template/Controllers/ProductsController.cs(114,38): warning CS1591: Missing XML comment for publicly visible type or member 'ProductsController.DeleteProduct(int)' [/home/redrocket/task-factory/workdir/aspnet-spa-template/AspNetSpaTemplate.csproj]
/home/redrocket/task-factory/workdir/aspnet-spa-template/Controllers/UsersController.cs(20,12): warning CS1591: Missing XML comment for publicly visible type or member 'UsersController.UsersController(UserService)' [/home/redrocket/task-factory/workdir/aspnet-spa-template/AspNetSpaTemplate.csproj]
/home/redrocket/task-factory/workdir/aspnet-spa-template/Controllers/UsersController.cs(27,38): warning CS1591: Missing XML comment for publicly visible type or member 'UsersController.Register(CreateUserRequest)' [/home/redrocket/task-factory/workdir/aspnet-spa-template/AspNetSpaTemplate.csproj]
/home/redrocket/task-factory/workdir/aspnet-spa-template/Controllers/UsersController.cs(35,38): warning CS1591: Missing XML comment for publicly visible type or member 'UsersController.Login(LoginRequest)' [/home/redrocket/task-factory/workdir/aspnet-spa-template/AspNetSpaTemplate.csproj]
/home/redrocket/task-factory/workdir/aspnet-spa-template/Controllers/UsersController.cs(43,38): warning CS1591: Missing XML comment for publicly visible type or member 'UsersController.GetUser(int)' [/home/redrocket/task-factory/workdir/aspnet-spa-template/AspNetSpaTemplate.csproj]
/home/redrocket/task-factory/workdir/aspnet-spa-template/Controllers/UsersController.cs(51,38): warning CS1591: Missing XML comment for publicly visible type or member 'UsersController.GetProfile()' [/home/redrocket/task-factory/workdir/aspnet-spa-template/AspNetSpaTemplate.csproj]
/home/redrocket/task-factory/workdir/aspnet-spa-template/Controllers/UsersController.cs(63,38): warning CS1591: Missing XML comment for publicly visible type or member 'UsersController.UpdateUser(int, UpdateUserRequest)' [/home/redrocket/task-factory/workdir/aspnet-spa-template/AspNetSpaTemplate.csproj]
/home/redrocket/task-factory/workdir/aspnet-spa-template/Controllers/UsersController.cs(78,38): warning CS1591: Missing XML comment for publicly visible type or member 'UsersController.DeactivateUser(int)' [/home/redrocket/task-factory/workdir/aspnet-spa-template/AspNetSpaTemplate.csproj]
/home/redrocket/task-factory/workdir/aspnet-spa-template/Controllers/UsersController.cs(89,38): warning CS1591: Missing XML comment for publicly visible type or member 'UsersController.ActivateUser(int)' [/home/redrocket/task-factory/workdir/aspnet-spa-template/AspNetSpaTemplate.csproj]
/home/redrocket/task-factory/workdir/aspnet-spa-template/Controllers/UsersController.cs(100,38): warning CS1591: Missing XML comment for publicly visible type or member 'UsersController.GetAllUsers()' [/home/redrocket/task-factory/workdir/aspnet-spa-template/AspNetSpaTemplate.csproj]
/home/redrocket/task-factory/workdir/aspnet-spa-template/Controllers/UsersController.cs(108,38): warning CS1591: Missing XML comment for publicly visible type or member 'UsersController.GetRecentlyActiveUsers(int)' [/home/redrocket/task-factory/workdir/aspnet-spa-template/AspNetSpaTemplate.csproj]
/home/redrocket/task-factory/workdir/aspnet-spa-template/Controllers/WebhooksController.cs(24,12): warning CS1591: Missing XML comment for publicly visible type or member 'WebhooksController.WebhooksController(WebhookHandler, ILogger<WebhooksController>)' [/home/redrocket/task-factory/workdir/aspnet-spa-template/AspNetSpaTemplate.csproj]
/home/redrocket/task-factory/workdir/aspnet-spa-template/Data/AppDbContext.cs(17,12): warning CS1591: Missing XML comment for publicly visible type or member 'AppDbContext.AppDbContext(DbContextOptions<AppDbContext>)' [/home/redrocket/task-factory/workdir/aspnet-spa-template/AspNetSpaTemplate.csproj]
/home/redrocket/task-factory/workdir/aspnet-spa-template/Data/AppDbContext.cs(21,24): warning CS1591: Missing XML comment for publicly visible type or member 'AppDbContext.Users' [/home/redrocket/task-factory/workdir/aspnet-spa-template/AspNetSpaTemplate.csproj]
/home/redrocket/task-factory/workdir/aspnet-spa-template/Data/AppDbContext.cs(22,27): warning CS1591: Missing XML comment for publicly visible type or member 'AppDbContext.Products' [/home/redrocket/task-factory/workdir/aspnet-spa-template/AspNetSpaTemplate.csproj]
/home/redrocket/task-factory/workdir/aspnet-spa-template/Data/AppDbContext.cs(23,25): warning CS1591: Missing XML comment for publicly visible type or member 'AppDbContext.Orders' [/home/redrocket/task-factory/workdir/aspnet-spa-template/AspNetSpaTemplate.csproj]
/home/redrocket/task-factory/workdir/aspnet-spa-template/Data/AppDbContext.cs(24,29): warning CS1591: Missing XML comment for publicly visible type or member 'AppDbContext.OrderItems' [/home/redrocket/task-factory/workdir/aspnet-spa-template/AspNetSpaTemplate.csproj]
/home/redrocket/task-factory/workdir/aspnet-spa-template/Data/AppDbContext.cs(25,26): warning CS1591: Missing XML comment for publicly visible type or member 'AppDbContext.Reviews' [/home/redrocket/task-factory/workdir/aspnet-spa-template/AspNetSpaTemplate.csproj]
/home/redrocket/task-factory/workdir/aspnet-spa-template/Data/AppDbContext.cs(27,29): warning CS1591: Missing XML comment for publicly visible type or member 'AppDbContext.OnModelCreating(ModelBuilder)' [/home/redrocket/task-factory/workdir/aspnet-spa-template/AspNetSpaTemplate.csproj]
/home/redrocket/task-factory/workdir/aspnet-spa-template/Data/Repositories/OrderRepository.cs(18,12): warning CS1591: Missing XML comment for publicly visible type or member 'OrderRepository.OrderRepository(AppDbContext)' [/home/redrocket/task-factory/workdir/aspnet-spa-template/AspNetSpaTemplate.csproj]
/home/redrocket/task-factory/workdir/aspnet-spa-template/Data/Repositories/OrderRepository.cs(23,39): warning CS1591: Missing XML comment for publicly visible type or member 'OrderRepository.GetByOrderNumberAsync(string)' [/home/redrocket/task-factory/workdir/aspnet-spa-template/AspNetSpaTemplate.csproj]
/home/redrocket/task-factory/workdir/aspnet-spa-template/Data/Repositories/OrderRepository.cs(30,51): warning CS1591: Missing XML comment for publicly visible type or member 'OrderRepository.GetByUserIdAsync(int)' [/home/redrocket/task-factory/workdir/aspnet-spa-template/AspNetSpaTemplate.csproj]
/home/redrocket/task-factory/workdir/aspnet-spa-template/Data/Repositories/OrderRepository.cs(39,51): warning CS1591: Missing XML comment for publicly visible type or member 'OrderRepository.GetByStatusAsync(OrderStatus)' [/home/redrocket/task-factory/workdir/aspnet-spa-template/AspNetSpaTemplate.csproj]
/home/redrocket/task-factory/workdir/aspnet-spa-template/Data/Repositories/OrderRepository.cs(48,51): warning CS1591: Missing XML comment for publicly visible type or member 'OrderRepository.GetUserOrdersAsync(int, int, int)' [/home/redrocket/task-factory/workdir/aspnet-spa-template/AspNetSpaTemplate.csproj]
/home/redrocket/task-factory/workdir/aspnet-spa-template/Data/Repositories/OrderRepository.cs(59,51): warning CS1591: Missing XML comment for publicly visible type or member 'OrderRepository.GetRecentOrdersAsync(int)' [/home/redrocket/task-factory/workdir/aspnet-spa-template/AspNetSpaTemplate.csproj]
/home/redrocket/task-factory/workdir/aspnet-spa-template/Data/Repositories/OrderRepository.cs(69,51): warning CS1591: Missing XML comment for publicly visible type or member 'OrderRepository.GetPendingOrdersAsync()' [/home/redrocket/task-factory/workdir/aspnet-spa-template/AspNetSpaTemplate.csproj]
/home/redrocket/task-factory/workdir/aspnet-spa-template/Data/Repositories/OrderRepository.cs(78,40): warning CS1591: Missing XML comment for publicly visible type or member 'OrderRepository.GetTotalRevenueAsync()' [/home/redrocket/task-factory/workdir/aspnet-spa-template/AspNetSpaTemplate.csproj]
/home/redrocket/task-factory/workdir/aspnet-spa-template/Data/Repositories/OrderRepository.cs(85,40): warning CS1591: Missing XML comment for publicly visible type or member 'OrderRepository.GetTotalRevenueAsync(int)' [/home/redrocket/task-factory/workdir/aspnet-spa-template/AspNetSpaTemplate.csproj]
/home/redrocket/task-factory/workdir/aspnet-spa-template/Data/Repositories/OrderRepository.cs(95,36): warning CS1591: Missing XML comment for publicly visible type or member 'OrderRepository.GetOrderCountAsync(int)' [/home/redrocket/task-factory/workdir/aspnet-spa-template/AspNetSpaTemplate.csproj]
/home/redrocket/task-factory/workdir/aspnet-spa-template/Data/Repositories/OrderRepository.cs(100,40): warning CS1591: Missing XML comment for publicly visible type or member 'OrderRepository.GetAverageOrderValueAsync()' [/home/redrocket/task-factory/workdir/aspnet-spa-template/AspNetSpaTemplate.csproj]
/home/redrocket/task-factory/workdir/aspnet-spa-template/Data/Repositories/OrderRepository.cs(107,40): warning CS1591: Missing XML comment for publicly visible type or member 'OrderRepository.GetByIdAsync(int)' [/home/redrocket/task-factory/workdir/aspnet-spa-template/AspNetSpaTemplate.csproj]
/home/redrocket/task-factory/workdir/aspnet-spa-template/Data/Repositories/ProductRepository.cs(18,12): warning CS1591: Missing XML comment for publicly visible type or member 'ProductRepository.ProductRepository(AppDbContext)' [/home/redrocket/task-factory/workdir/aspnet-spa-template/AspNetSpaTemplate.csproj]
/home/redrocket/task-factory/workdir/aspnet-spa-template/Data/Repositories/ProductRepository.cs(23,53): warning CS1591: Missing XML comment for publicly visible type or member 'ProductRepository.GetByCategoryAsync(ProductCategory)' [/home/redrocket/task-factory/workdir/aspnet-spa-template/AspNetSpaTemplate.csproj]
/home/redrocket/task-factory/workdir/aspnet-spa-template/Data/Repositories/ProductRepository.cs(31,53): warning CS1591: Missing XML comment for publicly visible type or member 'ProductRepository.GetFeaturedProductsAsync(int)' [/home/redrocket/task-factory/workdir/aspnet-spa-template/AspNetSpaTemplate.csproj]
/home/redrocket/task-factory/workdir/aspnet-spa-template/Data/Repositories/ProductRepository.cs(40,53): warning CS1591: Missing XML comment for publicly visible type or member 'ProductRepository.GetTopRatedAsync(int)' [/home/redrocket/task-factory/workdir/aspnet-spa-template/AspNetSpaTemplate.csproj]
/home/redrocket/task-factory/workdir/aspnet-spa-template/Data/Repositories/ProductRepository.cs(50,53): warning CS1591: Missing XML comment for publicly visible type or member 'ProductRepository.GetInStockAsync()' [/home/redrocket/task-factory/workdir/aspnet-spa-template/AspNetSpaTemplate.csproj]
/home/redrocket/task-factory/workdir/aspnet-spa-template/Data/Repositories/ProductRepository.cs(57,53): warning CS1591: Missing XML comment for publicly visible type or member 'ProductRepository.GetLowStockAsync(int)' [/home/redrocket/task-factory/workdir/aspnet-spa-template/AspNetSpaTemplate.csproj]
/home/redrocket/task-factory/workdir/aspnet-spa-template/Data/Repositories/ProductRepository.cs(65,53): warning CS1591: Missing XML comment for publicly visible type or member 'ProductRepository.SearchAsync(string)' [/home/redrocket/task-factory/workdir/aspnet-spa-template/AspNetSpaTemplate.csproj]
/home/redrocket/task-factory/workdir/aspnet-spa-template/Data/Repositories/ProductRepository.cs(76,41): warning CS1591: Missing XML comment for publicly visible type or member 'ProductRepository.GetBySkuAsync(string)' [/home/redrocket/task-factory/workdir/aspnet-spa-template/AspNetSpaTemplate.csproj]
/home/redrocket/task-factory/workdir/aspnet-spa-template/Data/Repositories/ProductRepository.cs(81,53): warning CS1591: Missing XML comment for publicly visible type or member 'ProductRepository.GetPagedByCategoryAsync(ProductCategory, int, int)' [/home/redrocket/task-factory/workdir/aspnet-spa-template/AspNetSpaTemplate.csproj]
/home/redrocket/task-factory/workdir/aspnet-spa-template/Data/Repositories/ProductRepository.cs(91,40): warning CS1591: Missing XML comment for publicly visible type or member 'ProductRepository.GetAveragePriceAsync(ProductCategory)' [/home/redrocket/task-factory/workdir/aspnet-spa-template/AspNetSpaTemplate.csproj]
/home/redrocket/task-factory/workdir/aspnet-spa-template/Data/Repositories/ProductRepository.cs(98,36): warning CS1591: Missing XML comment for publicly visible type or member 'ProductRepository.GetAvailableProductCountAsync()' [/home/redrocket/task-factory/workdir/aspnet-spa-template/AspNetSpaTemplate.csproj]
/home/redrocket/task-factory/workdir/aspnet-spa-template/Data/Repositories/RepositoryBase.cs(18,37): warning CS1591: Missing XML comment for publicly visible type or member 'RepositoryBase<T>.Context' [/home/redrocket/task-factory/workdir/aspnet-spa-template/AspNetSpaTemplate.csproj]
/home/redrocket/task-factory/workdir/aspnet-spa-template/Data/Repositories/RepositoryBase.cs(19,33): warning CS1591: Missing XML comment for publicly visible type or member 'RepositoryBase<T>.DbSet' [/home/redrocket/task-factory/workdir/aspnet-spa-template/AspNetSpaTemplate.csproj]
/home/redrocket/task-factory/workdir/aspnet-spa-template/Data/Repositories/RepositoryBase.cs(21,15): warning CS1591: Missing XML comment for publicly visible type or member 'RepositoryBase<T>.RepositoryBase(AppDbContext)' [/home/redrocket/task-factory/workdir/aspnet-spa-template/AspNetSpaTemplate.csproj]
/home/redrocket/task-factory/workdir/aspnet-spa-template/Data/Repositories/RepositoryBase.cs(39,35): warning CS1591: Missing XML comment for publicly visible type or member 'RepositoryBase<T>.GetByIdAsync(int)' [/home/redrocket/task-factory/workdir/aspnet-spa-template/AspNetSpaTemplate.csproj]
/home/redrocket/task-factory/workdir/aspnet-spa-template/Data/Repositories/RepositoryBase.cs(44,47): warning CS1591: Missing XML comment for publicly visible type or member 'RepositoryBase<T>.GetAllAsync()' [/home/redrocket/task-factory/workdir/aspnet-spa-template/AspNetSpaTemplate.csproj]
/home/redrocket/task-factory/workdir/aspnet-spa-template/Data/Repositories/RepositoryBase.cs(49,47): warning CS1591: Missing XML comment for publicly visible type or member 'RepositoryBase<T>.FindAsync(Expression<Func<T, bool>>)' [/home/redrocket/task-factory/workdir/aspnet-spa-template/AspNetSpaTemplate.csproj]
/home/redrocket/task-factory/workdir/aspnet-spa-template/Data/Repositories/RepositoryBase.cs(54,35): warning CS1591: Missing XML comment for publicly visible type or member 'RepositoryBase<T>.FirstOrDefaultAsync(Expression<Func<T, bool>>)' [/home/redrocket/task-factory/workdir/aspnet-spa-template/AspNetSpaTemplate.csproj]
/home/redrocket/task-factory/workdir/aspnet-spa-template/Data/Repositories/RepositoryBase.cs(59,36): warning CS1591: Missing XML comment for publicly visible type or member 'RepositoryBase<T>.CountAsync(Expression<Func<T, bool>>?)' [/home/redrocket/task-factory/workdir/aspnet-spa-template/AspNetSpaTemplate.csproj]
/home/redrocket/task-factory/workdir/aspnet-spa-template/Data/Repositories/RepositoryBase.cs(66,37): warning CS1591: Missing XML comment for publicly visible type or member 'RepositoryBase<T>.ExistsAsync(Expression<Func<T, bool>>)' [/home/redrocket/task-factory/workdir/aspnet-spa-template/AspNetSpaTemplate.csproj]
/home/redrocket/task-factory/workdir/aspnet-spa-template/Data/Repositories/RepositoryBase.cs(71,47): warning CS1591: Missing XML comment for publicly visible type or member 'RepositoryBase<T>.GetPagedAsync(int, int, Expression<Func<T, bool>>?)' [/home/redrocket/task-factory/workdir/aspnet-spa-template/AspNetSpaTemplate.csproj]
/home/redrocket/task-factory/workdir/aspnet-spa-template/Data/Repositories/RepositoryBase.cs(80,25): warning CS1591: Missing XML comment for publicly visible type or member 'RepositoryBase<T>.Add(T)' [/home/redrocket/task-factory/workdir/aspnet-spa-template/AspNetSpaTemplate.csproj]
/home/redrocket/task-factory/workdir/aspnet-spa-template/Data/Repositories/RepositoryBase.cs(85,25): warning CS1591: Missing XML comment for publicly visible type or member 'RepositoryBase<T>.AddRange(IEnumerable<T>)' [/home/redrocket/task-factory/workdir/aspnet-spa-template/AspNetSpaTemplate.csproj]
/home/redrocket/task-factory/workdir/aspnet-spa-template/Data/Repositories/RepositoryBase.cs(90,25): warning CS1591: Missing XML comment for publicly visible type or member 'RepositoryBase<T>.Update(T)' [/home/redrocket/task-factory/workdir/aspnet-spa-template/AspNetSpaTemplate.csproj]
/home/redrocket/task-factory/workdir/aspnet-spa-template/Data/Repositories/RepositoryBase.cs(95,25): warning CS1591: Missing XML comment for publicly visible type or member 'RepositoryBase<T>.UpdateRange(IEnumerable<T>)' [/home/redrocket/task-factory/workdir/aspnet-spa-template/AspNetSpaTemplate.csproj]
/home/redrocket/task-factory/workdir/aspnet-spa-template/Data/Repositories/RepositoryBase.cs(100,25): warning CS1591: Missing XML comment for publicly visible type or member 'RepositoryBase<T>.Remove(T)' [/home/redrocket/task-factory/workdir/aspnet-spa-template/AspNetSpaTemplate.csproj]
/home/redrocket/task-factory/workdir/aspnet-spa-template/Data/Repositories/RepositoryBase.cs(105,25): warning CS1591: Missing XML comment for publicly visible type or member 'RepositoryBase<T>.RemoveRange(IEnumerable<T>)' [/home/redrocket/task-factory/workdir/aspnet-spa-template/AspNetSpaTemplate.csproj]
/home/redrocket/task-factory/workdir/aspnet-spa-template/Data/Repositories/RepositoryBase.cs(110,36): warning CS1591: Missing XML comment for publicly visible type or member 'RepositoryBase<T>.SaveChangesAsync()' [/home/redrocket/task-factory/workdir/aspnet-spa-template/AspNetSpaTemplate.csproj]
/home/redrocket/task-factory/workdir/aspnet-spa-template/Data/Repositories/UserRepository.cs(17,12): warning CS1591: Missing XML comment for publicly visible type or member 'UserRepository.UserRepository(AppDbContext)' [/home/redrocket/task-factory/workdir/aspnet-spa-template/AspNetSpaTemplate.csproj]
/home/redrocket/task-factory/workdir/aspnet-spa-template/Data/Repositories/UserRepository.cs(22,38): warning CS1591: Missing XML comment for publicly visible type or member 'UserRepository.GetByEmailAsync(string)' [/home/redrocket/task-factory/workdir/aspnet-spa-template/AspNetSpaTemplate.csproj]
/home/redrocket/task-factory/workdir/aspnet-spa-template/Data/Repositories/UserRepository.cs(27,50): warning CS1591: Missing XML comment for publicly visible type or member 'UserRepository.GetActiveUsersAsync()' [/home/redrocket/task-factory/workdir/aspnet-spa-template/AspNetSpaTemplate.csproj]
/home/redrocket/task-factory/workdir/aspnet-spa-template/Data/Repositories/UserRepository.cs(32,50): warning CS1591: Missing XML comment for publicly visible type or member 'UserRepository.GetVerifiedUsersAsync()' [/home/redrocket/task-factory/workdir/aspnet-spa-template/AspNetSpaTemplate.csproj]
/home/redrocket/task-factory/workdir/aspnet-spa-template/Data/Repositories/UserRepository.cs(37,50): warning CS1591: Missing XML comment for publicly visible type or member 'UserRepository.GetRecentlyActiveAsync(int)' [/home/redrocket/task-factory/workdir/aspnet-spa-template/AspNetSpaTemplate.csproj]
/home/redrocket/task-factory/workdir/aspnet-spa-template/Data/Repositories/UserRepository.cs(46,50): warning CS1591: Missing XML comment for publicly visible type or member 'UserRepository.GetUsersByCountryAsync(string)' [/home/redrocket/task-factory/workdir/aspnet-spa-template/AspNetSpaTemplate.csproj]
/home/redrocket/task-factory/workdir/aspnet-spa-template/Data/Repositories/UserRepository.cs(53,36): warning CS1591: Missing XML comment for publicly visible type or member 'UserRepository.GetUserCountAsync()' [/home/redrocket/task-factory/workdir/aspnet-spa-template/AspNetSpaTemplate.csproj]
/home/redrocket/task-factory/workdir/aspnet-spa-template/Data/Repositories/UserRepository.cs(58,36): warning CS1591: Missing XML comment for publicly visible type or member 'UserRepository.GetActiveUserCountAsync()' [/home/redrocket/task-factory/workdir/aspnet-spa-template/AspNetSpaTemplate.csproj]
/home/redrocket/task-factory/workdir/aspnet-spa-template/Data/Repositories/UserRepository.cs(63,37): warning CS1591: Missing XML comment for publicly visible type or member 'UserRepository.EmailExistsAsync(string)' [/home/redrocket/task-factory/workdir/aspnet-spa-template/AspNetSpaTemplate.csproj]
/home/redrocket/task-factory/workdir/aspnet-spa-template/DTOs/ApiResponse.cs(16,17): warning CS1591: Missing XML comment for publicly visible type or member 'ApiResponse<T>.Success' [/home/redrocket/task-factory/workdir/aspnet-spa-template/AspNetSpaTemplate.csproj]
/home/redrocket/task-factory/workdir/aspnet-spa-template/DTOs/ApiResponse.cs(17,15): warning CS1591: Missing XML comment for publicly visible type or member 'ApiResponse<T>.Data' [/home/redrocket/task-factory/workdir/aspnet-spa-template/AspNetSpaTemplate.csproj]
/home/redrocket/task-factory/workdir/aspnet-spa-template/DTOs/ApiResponse.cs(18,20): warning CS1591: Missing XML comment for publicly visible type or member 'ApiResponse<T>.Message' [/home/redrocket/task-factory/workdir/aspnet-spa-template/AspNetSpaTemplate.csproj]
/home/redrocket/task-factory/workdir/aspnet-spa-template/DTOs/ApiResponse.cs(19,20): warning CS1591: Missing XML comment for publicly visible type or member 'ApiResponse<T>.ErrorCode' [/home/redrocket/task-factory/workdir/aspnet-spa-template/AspNetSpaTemplate.csproj]
/home/redrocket/task-factory/workdir/aspnet-spa-template/DTOs/ApiResponse.cs(20,20): warning CS1591: Missing XML comment for publicly visible type or member 'ApiResponse<T>.TraceId' [/home/redrocket/task-factory/workdir/aspnet-spa-template/AspNetSpaTemplate.csproj]
/home/redrocket/task-factory/workdir/aspnet-spa-template/DTOs/ApiResponse.cs(21,21): warning CS1591: Missing XML comment for publicly visible type or member 'ApiResponse<T>.Timestamp' [/home/redrocket/task-factory/workdir/aspnet-spa-template/AspNetSpaTemplate.csproj]
/home/redrocket/task-factory/workdir/aspnet-spa-template/DTOs/ApiResponse.cs(22,40): warning CS1591: Missing XML comment for publicly visible type or member 'ApiResponse<T>.Metadata' [/home/redrocket/task-factory/workdir/aspnet-spa-template/AspNetSpaTemplate.csproj]
/home/redrocket/task-factory/workdir/aspnet-spa-template/DTOs/ApiResponse.cs(84,17): warning CS1591: Missing XML comment for publicly visible type or member 'ApiResponse.Success' [/home/redrocket/task-factory/workdir/aspnet-spa-template/AspNetSpaTemplate.csproj]
/home/redrocket/task-factory/workdir/aspnet-spa-template/DTOs/ApiResponse.cs(85,20): warning CS1591: Missing XML comment for publicly visible type or member 'ApiResponse.Message' [/home/redrocket/task-factory/workdir/aspnet-spa-template/AspNetSpaTemplate.csproj]
/home/redrocket/task-factory/workdir/aspnet-spa-template/DTOs/ApiResponse.cs(86,20): warning CS1591: Missing XML comment for publicly visible type or member 'ApiResponse.ErrorCode' [/home/redrocket/task-factory/workdir/aspnet-spa-template/AspNetSpaTemplate.csproj]
/home/redrocket/task-factory/workdir/aspnet-spa-template/DTOs/ApiResponse.cs(87,20): warning CS1591: Missing XML comment for publicly visible type or member 'ApiResponse.TraceId' [/home/redrocket/task-factory/workdir/aspnet-spa-template/AspNetSpaTemplate.csproj]
/home/redrocket/task-factory/workdir/aspnet-spa-template/DTOs/ApiResponse.cs(88,21): warning CS1591: Missing XML comment for publicly visible type or member 'ApiResponse.Timestamp' [/home/redrocket/task-factory/workdir/aspnet-spa-template/AspNetSpaTemplate.csproj]
/home/redrocket/task-factory/workdir/aspnet-spa-template/DTOs/ApiResponse.cs(90,31): warning CS1591: Missing XML comment for publicly visible type or member 'ApiResponse.Ok(string?)' [/home/redrocket/task-factory/workdir/aspnet-spa-template/AspNetSpaTemplate.csproj]
/home/redrocket/task-factory/workdir/aspnet-spa-template/DTOs/ApiResponse.cs(99,31): warning CS1591: Missing XML comment for publicly visible type or member 'ApiResponse.Error(string, string, string?)' [/home/redrocket/task-factory/workdir/aspnet-spa-template/AspNetSpaTemplate.csproj]
/home/redrocket/task-factory/workdir/aspnet-spa-template/DTOs/ApiResponse.cs(116,17): warning CS1591: Missing XML comment for publicly visible type or member 'ApiListResponse<T>.Success' [/home/redrocket/task-factory/workdir/aspnet-spa-template/AspNetSpaTemplate.csproj]
/home/redrocket/task-factory/workdir/aspnet-spa-template/DTOs/ApiResponse.cs(117,20): warning CS1591: Missing XML comment for publicly visible type or member 'ApiListResponse<T>.Items' [/home/redrocket/task-factory/workdir/aspnet-spa-template/AspNetSpaTemplate.csproj]
/home/redrocket/task-factory/workdir/aspnet-spa-template/DTOs/ApiResponse.cs(118,16): warning CS1591: Missing XML comment for publicly visible type or member 'ApiListResponse<T>.PageNumber' [/home/redrocket/task-factory/workdir/aspnet-spa-template/AspNetSpaTemplate.csproj]
/home/redrocket/task-factory/workdir/aspnet-spa-template/DTOs/ApiResponse.cs(119,16): warning CS1591: Missing XML comment for publicly visible type or member 'ApiListResponse<T>.PageSize' [/home/redrocket/task-factory/workdir/aspnet-spa-template/AspNetSpaTemplate.csproj]
/home/redrocket/task-factory/workdir/aspnet-spa-template/DTOs/ApiResponse.cs(120,16): warning CS1591: Missing XML comment for publicly visible type or member 'ApiListResponse<T>.TotalCount' [/home/redrocket/task-factory/workdir/aspnet-spa-template/AspNetSpaTemplate.csproj]
/home/redrocket/task-factory/workdir/aspnet-spa-template/DTOs/ApiResponse.cs(121,16): warning CS1591: Missing XML comment for publicly visible type or member 'ApiListResponse<T>.TotalPages' [/home/redrocket/task-factory/workdir/aspnet-spa-template/AspNetSpaTemplate.csproj]
/home/redrocket/task-factory/workdir/aspnet-spa-template/DTOs/ApiResponse.cs(122,20): warning CS1591: Missing XML comment for publicly visible type or member 'ApiListResponse<T>.Message' [/home/redrocket/task-factory/workdir/aspnet-spa-template/AspNetSpaTemplate.csproj]
/home/redrocket/task-factory/workdir/aspnet-spa-template/DTOs/ApiResponse.cs(123,21): warning CS1591: Missing XML comment for publicly visible type or member 'ApiListResponse<T>.Timestamp' [/home/redrocket/task-factory/workdir/aspnet-spa-template/AspNetSpaTemplate.csproj]
/home/redrocket/task-factory/workdir/aspnet-spa-template/DTOs/ApiResponse.cs(125,38): warning CS1591: Missing XML comment for publicly visible type or member 'ApiListResponse<T>.Ok(List<T>, int, int, int, string?)' [/home/redrocket/task-factory/workdir/aspnet-spa-template/AspNetSpaTemplate.csproj]
/home/redrocket/task-factory/workdir/aspnet-spa-template/DTOs/ApiResponse.cs(138,38): warning CS1591: Missing XML comment for publicly visible type or member 'ApiListResponse<T>.Empty(string?)' [/home/redrocket/task-factory/workdir/aspnet-spa-template/AspNetSpaTemplate.csproj]
/home/redrocket/task-factory/workdir/aspnet-spa-template/DTOs/ApiResponse.cs(157,17): warning CS1591: Missing XML comment for publicly visible type or member 'ApiBatchResponse.Success' [/home/redrocket/task-factory/workdir/aspnet-spa-template/AspNetSpaTemplate.csproj]
/home/redrocket/task-factory/workdir/aspnet-spa-template/DTOs/ApiResponse.cs(158,16): warning CS1591: Missing XML comment for publicly visible type or member 'ApiBatchResponse.TotalProcessed' [/home/redrocket/task-factory/workdir/aspnet-spa-template/AspNetSpaTemplate.csproj]
/home/redrocket/task-factory/workdir/aspnet-spa-template/DTOs/ApiResponse.cs(159,16): warning CS1591: Missing XML comment for publicly visible type or member 'ApiBatchResponse.SuccessCount' [/home/redrocket/task-factory/workdir/aspnet-spa-template/AspNetSpaTemplate.csproj]
/home/redrocket/task-factory/workdir/aspnet-spa-template/DTOs/ApiResponse.cs(160,16): warning CS1591: Missing XML comment for publicly visible type or member 'ApiBatchResponse.FailureCount' [/home/redrocket/task-factory/workdir/aspnet-spa-template/AspNetSpaTemplate.csproj]
/home/redrocket/task-factory/workdir/aspnet-spa-template/DTOs/ApiResponse.cs(161,38): warning CS1591: Missing XML comment for publicly visible type or member 'ApiBatchResponse.Errors' [/home/redrocket/task-factory/workdir/aspnet-spa-template/AspNetSpaTemplate.csproj]
/home/redrocket/task-factory/workdir/aspnet-spa-template/DTOs/ApiResponse.cs(162,20): warning CS1591: Missing XML comment for publicly visible type or member 'ApiBatchResponse.Message' [/home/redrocket/task-factory/workdir/aspnet-spa-template/AspNetSpaTemplate.csproj]
/home/redrocket/task-factory/workdir/aspnet-spa-template/DTOs/ApiResponse.cs(163,21): warning CS1591: Missing XML comment for publicly visible type or member 'ApiBatchResponse.Timestamp' [/home/redrocket/task-factory/workdir/aspnet-spa-template/AspNetSpaTemplate.csproj]
/home/redrocket/task-factory/workdir/aspnet-spa-template/DTOs/ApiResponse.cs(165,25): warning CS1591: Missing XML comment for publicly visible type or member 'ApiBatchResponse.BatchOperationError' [/home/redrocket/task-factory/workdir/aspnet-spa-template/AspNetSpaTemplate.csproj]
/home/redrocket/task-factory/workdir/aspnet-spa-template/DTOs/ApiResponse.cs(167,20): warning CS1591: Missing XML comment for publicly visible type or member 'ApiBatchResponse.BatchOperationError.ItemIndex' [/home/redrocket/task-factory/workdir/aspnet-spa-template/AspNetSpaTemplate.csproj]
/home/redrocket/task-factory/workdir/aspnet-spa-template/DTOs/ApiResponse.cs(168,23): warning CS1591: Missing XML comment for publicly visible type or member 'ApiBatchResponse.BatchOperationError.Message' [/home/redrocket/task-factory/workdir/aspnet-spa-template/AspNetSpaTemplate.csproj]
/home/redrocket/task-factory/workdir/aspnet-spa-template/DTOs/ApiResponse.cs(169,24): warning CS1591: Missing XML comment for publicly visible type or member 'ApiBatchResponse.BatchOperationError.ErrorCode' [/home/redrocket/task-factory/workdir/aspnet-spa-template/AspNetSpaTemplate.csproj]
/home/redrocket/task-factory/workdir/aspnet-spa-template/DTOs/ApiResponse.cs(178,19): warning CS1591: Missing XML comment for publicly visible type or member 'AsyncOperationResponse.OperationId' [/home/redrocket/task-factory/workdir/aspnet-spa-template/AspNetSpaTemplate.csproj]
/home/redrocket/task-factory/workdir/aspnet-spa-template/DTOs/ApiResponse.cs(179,19): warning CS1591: Missing XML comment for publicly visible type or member 'AsyncOperationResponse.Status' [/home/redrocket/task-factory/workdir/aspnet-spa-template/AspNetSpaTemplate.csproj]
/home/redrocket/task-factory/workdir/aspnet-spa-template/DTOs/ApiResponse.cs(180,17): warning CS1591: Missing XML comment for publicly visible type or member 'AsyncOperationResponse.PercentComplete' [/home/redrocket/task-factory/workdir/aspnet-spa-template/AspNetSpaTemplate.csproj]
/home/redrocket/task-factory/workdir/aspnet-spa-template/DTOs/ApiResponse.cs(181,20): warning CS1591: Missing XML comment for publicly visible type or member 'AsyncOperationResponse.ResultUrl' [/home/redrocket/task-factory/workdir/aspnet-spa-template/AspNetSpaTemplate.csproj]
/home/redrocket/task-factory/workdir/aspnet-spa-template/DTOs/ApiResponse.cs(182,20): warning CS1591: Missing XML comment for publicly visible type or member 'AsyncOperationResponse.ErrorMessage' [/home/redrocket/task-factory/workdir/aspnet-spa-template/AspNetSpaTemplate.csproj]
/home/redrocket/task-factory/workdir/aspnet-spa-template/DTOs/ApiResponse.cs(183,21): warning CS1591: Missing XML comment for publicly visible type or member 'AsyncOperationResponse.CreatedAt' [/home/redrocket/task-factory/workdir/aspnet-spa-template/AspNetSpaTemplate.csproj]
/home/redrocket/task-factory/workdir/aspnet-spa-template/DTOs/ApiResponse.cs(184,22): warning CS1591: Missing XML comment for publicly visible type or member 'AsyncOperationResponse.CompletedAt' [/home/redrocket/task-factory/workdir/aspnet-spa-template/AspNetSpaTemplate.csproj]
/home/redrocket/task-factory/workdir/aspnet-spa-template/DTOs/ApiResponse.cs(186,22): warning CS1591: Missing XML comment for publicly visible type or member 'AsyncOperationResponse.ElapsedTime' [/home/redrocket/task-factory/workdir/aspnet-spa-template/AspNetSpaTemplate.csproj]
/home/redrocket/task-factory/workdir/aspnet-spa-template/DTOs/CreateOrderRequest.cs(14,16): warning CS1591: Missing XML comment for publicly visible type or member 'OrderItemRequest.ProductId' [/home/redrocket/task-factory/workdir/aspnet-spa-template/AspNetSpaTemplate.csproj]
/home/redrocket/task-factory/workdir/aspnet-spa-template/DTOs/CreateOrderRequest.cs(15,16): warning CS1591: Missing XML comment for publicly visible type or member 'OrderItemRequest.Quantity' [/home/redrocket/task-factory/workdir/aspnet-spa-template/AspNetSpaTemplate.csproj]
/home/redrocket/task-factory/workdir/aspnet-spa-template/DTOs/CreateOrderRequest.cs(23,35): warning CS1591: Missing XML comment for publicly visible type or member 'CreateOrderRequest.Items' [/home/redrocket/task-factory/workdir/aspnet-spa-template/AspNetSpaTemplate.csproj]
/home/redrocket/task-factory/workdir/aspnet-spa-template/DTOs/CreateOrderRequest.cs(24,20): warning CS1591: Missing XML comment for publicly visible type or member 'CreateOrderRequest.ShippingAddress' [/home/redrocket/task-factory/workdir/aspnet-spa-template/AspNetSpaTemplate.csproj]
/home/redrocket/task-factory/workdir/aspnet-spa-template/DTOs/CreateOrderRequest.cs(25,20): warning CS1591: Missing XML comment for publicly visible type or member 'CreateOrderRequest.BillingAddress' [/home/redrocket/task-factory/workdir/aspnet-spa-template/AspNetSpaTemplate.csproj]
/home/redrocket/task-factory/workdir/aspnet-spa-template/DTOs/CreateOrderRequest.cs(26,20): warning CS1591: Missing XML comment for publicly visible type or member 'CreateOrderRequest.Notes' [/home/redrocket/task-factory/workdir/aspnet-spa-template/AspNetSpaTemplate.csproj]
/home/redrocket/task-factory/workdir/aspnet-spa-template/DTOs/CreateOrderRequest.cs(34,16): warning CS1591: Missing XML comment for publicly visible type or member 'OrderItemResponse.Id' [/home/redrocket/task-factory/workdir/aspnet-spa-template/AspNetSpaTemplate.csproj]
/home/redrocket/task-factory/workdir/aspnet-spa-template/DTOs/CreateOrderRequest.cs(35,16): warning CS1591: Missing XML comment for publicly visible type or member 'OrderItemResponse.ProductId' [/home/redrocket/task-factory/workdir/aspnet-spa-template/AspNetSpaTemplate.csproj]
/home/redrocket/task-factory/workdir/aspnet-spa-template/DTOs/CreateOrderRequest.cs(36,19): warning CS1591: Missing XML comment for publicly visible type or member 'OrderItemResponse.ProductName' [/home/redrocket/task-factory/workdir/aspnet-spa-template/AspNetSpaTemplate.csproj]
/home/redrocket/task-factory/workdir/aspnet-spa-template/DTOs/CreateOrderRequest.cs(37,16): warning CS1591: Missing XML comment for publicly visible type or member 'OrderItemResponse.Quantity' [/home/redrocket/task-factory/workdir/aspnet-spa-template/AspNetSpaTemplate.csproj]
/home/redrocket/task-factory/workdir/aspnet-spa-template/DTOs/CreateOrderRequest.cs(38,20): warning CS1591: Missing XML comment for publicly visible type or member 'OrderItemResponse.UnitPrice' [/home/redrocket/task-factory/workdir/aspnet-spa-template/AspNetSpaTemplate.csproj]
/home/redrocket/task-factory/workdir/aspnet-spa-template/DTOs/CreateOrderRequest.cs(39,20): warning CS1591: Missing XML comment for publicly visible type or member 'OrderItemResponse.TaxAmount' [/home/redrocket/task-factory/workdir/aspnet-spa-template/AspNetSpaTemplate.csproj]
/home/redrocket/task-factory/workdir/aspnet-spa-template/DTOs/CreateOrderRequest.cs(40,20): warning CS1591: Missing XML comment for publicly visible type or member 'OrderItemResponse.Discount' [/home/redrocket/task-factory/workdir/aspnet-spa-template/AspNetSpaTemplate.csproj]
/home/redrocket/task-factory/workdir/aspnet-spa-template/DTOs/CreateOrderRequest.cs(41,20): warning CS1591: Missing XML comment for publicly visible type or member 'OrderItemResponse.Total' [/home/redrocket/task-factory/workdir/aspnet-spa-template/AspNetSpaTemplate.csproj]
/home/redrocket/task-factory/workdir/aspnet-spa-template/DTOs/CreateOrderRequest.cs(49,16): warning CS1591: Missing XML comment for publicly visible type or member 'OrderResponse.Id' [/home/redrocket/task-factory/workdir/aspnet-spa-template/AspNetSpaTemplate.csproj]
/home/redrocket/task-factory/workdir/aspnet-spa-template/DTOs/CreateOrderRequest.cs(50,19): warning CS1591: Missing XML comment for publicly visible type or member 'OrderResponse.OrderNumber' [/home/redrocket/task-factory/workdir/aspnet-spa-template/AspNetSpaTemplate.csproj]
/home/redrocket/task-factory/workdir/aspnet-spa-template/DTOs/CreateOrderRequest.cs(51,19): warning CS1591: Missing XML comment for publicly visible type or member 'OrderResponse.Status' [/home/redrocket/task-factory/workdir/aspnet-spa-template/AspNetSpaTemplate.csproj]
/home/redrocket/task-factory/workdir/aspnet-spa-template/DTOs/CreateOrderRequest.cs(52,20): warning CS1591: Missing XML comment for publicly visible type or member 'OrderResponse.SubTotal' [/home/redrocket/task-factory/workdir/aspnet-spa-template/AspNetSpaTemplate.csproj]
/home/redrocket/task-factory/workdir/aspnet-spa-template/DTOs/CreateOrderRequest.cs(53,20): warning CS1591: Missing XML comment for publicly visible type or member 'OrderResponse.TaxAmount' [/home/redrocket/task-factory/workdir/aspnet-spa-template/AspNetSpaTemplate.csproj]
/home/redrocket/task-factory/workdir/aspnet-spa-template/DTOs/CreateOrderRequest.cs(54,20): warning CS1591: Missing XML comment for publicly visible type or member 'OrderResponse.ShippingCost' [/home/redrocket/task-factory/workdir/aspnet-spa-template/AspNetSpaTemplate.csproj]
/home/redrocket/task-factory/workdir/aspnet-spa-template/DTOs/CreateOrderRequest.cs(55,20): warning CS1591: Missing XML comment for publicly visible type or member 'OrderResponse.Discount' [/home/redrocket/task-factory/workdir/aspnet-spa-template/AspNetSpaTemplate.csproj]
/home/redrocket/task-factory/workdir/aspnet-spa-template/DTOs/CreateOrderRequest.cs(56,20): warning CS1591: Missing XML comment for publicly visible type or member 'OrderResponse.Total' [/home/redrocket/task-factory/workdir/aspnet-spa-template/AspNetSpaTemplate.csproj]
/home/redrocket/task-factory/workdir/aspnet-spa-template/DTOs/CreateOrderRequest.cs(57,20): warning CS1591: Missing XML comment for publicly visible type or member 'OrderResponse.ShippingAddress' [/home/redrocket/task-factory/workdir/aspnet-spa-template/AspNetSpaTemplate.csproj]
/home/redrocket/task-factory/workdir/aspnet-spa-template/DTOs/CreateOrderRequest.cs(58,20): warning CS1591: Missing XML comment for publicly visible type or member 'OrderResponse.Notes' [/home/redrocket/task-factory/workdir/aspnet-spa-template/AspNetSpaTemplate.csproj]
/home/redrocket/task-factory/workdir/aspnet-spa-template/DTOs/CreateOrderRequest.cs(59,21): warning CS1591: Missing XML comment for publicly visible type or member 'OrderResponse.OrderedAt' [/home/redrocket/task-factory/workdir/aspnet-spa-template/AspNetSpaTemplate.csproj]
/home/redrocket/task-factory/workdir/aspnet-spa-template/DTOs/CreateOrderRequest.cs(60,22): warning CS1591: Missing XML comment for publicly visible type or member 'OrderResponse.ShippedAt' [/home/redrocket/task-factory/workdir/aspnet-spa-template/AspNetSpaTemplate.csproj]
/home/redrocket/task-factory/workdir/aspnet-spa-template/DTOs/CreateOrderRequest.cs(61,22): warning CS1591: Missing XML comment for publicly visible type or member 'OrderResponse.DeliveredAt' [/home/redrocket/task-factory/workdir/aspnet-spa-template/AspNetSpaTemplate.csproj]
/home/redrocket/task-factory/workdir/aspnet-spa-template/DTOs/CreateOrderRequest.cs(62,36): warning CS1591: Missing XML comment for publicly visible type or member 'OrderResponse.Items' [/home/redrocket/task-factory/workdir/aspnet-spa-template/AspNetSpaTemplate.csproj]
/home/redrocket/task-factory/workdir/aspnet-spa-template/DTOs/CreateOrderRequest.cs(70,20): warning CS1591: Missing XML comment for publicly visible type or member 'ApplyDiscountRequest.DiscountAmount' [/home/redrocket/task-factory/workdir/aspnet-spa-template/AspNetSpaTemplate.csproj]
/home/redrocket/task-factory/workdir/aspnet-spa-template/DTOs/CreateOrderRequest.cs(78,19): warning CS1591: Missing XML comment for publicly visible type or member 'UpdateOrderStatusRequest.Status' [/home/redrocket/task-factory/workdir/aspnet-spa-template/AspNetSpaTemplate.csproj]
/home/redrocket/task-factory/workdir/aspnet-spa-template/DTOs/CreateOrderRequest.cs(79,20): warning CS1591: Missing XML comment for publicly visible type or member 'UpdateOrderStatusRequest.TrackingNumber' [/home/redrocket/task-factory/workdir/aspnet-spa-template/AspNetSpaTemplate.csproj]
/home/redrocket/task-factory/workdir/aspnet-spa-template/DTOs/CreateProductRequest.cs(16,19): warning CS1591: Missing XML comment for publicly visible type or member 'CreateProductRequest.Name' [/home/redrocket/task-factory/workdir/aspnet-spa-template/AspNetSpaTemplate.csproj]
/home/redrocket/task-factory/workdir/aspnet-spa-template/DTOs/CreateProductRequest.cs(17,19): warning CS1591: Missing XML comment for publicly visible type or member 'CreateProductRequest.Description' [/home/redrocket/task-factory/workdir/aspnet-spa-template/AspNetSpaTemplate.csproj]
/home/redrocket/task-factory/workdir/aspnet-spa-template/DTOs/CreateProductRequest.cs(18,20): warning CS1591: Missing XML comment for publicly visible type or member 'CreateProductRequest.Price' [/home/redrocket/task-factory/workdir/aspnet-spa-template/AspNetSpaTemplate.csproj]
/home/redrocket/task-factory/workdir/aspnet-spa-template/DTOs/CreateProductRequest.cs(19,16): warning CS1591: Missing XML comment for publicly visible type or member 'CreateProductRequest.StockQuantity' [/home/redrocket/task-factory/workdir/aspnet-spa-template/AspNetSpaTemplate.csproj]
/home/redrocket/task-factory/workdir/aspnet-spa-template/DTOs/CreateProductRequest.cs(20,28): warning CS1591: Missing XML comment for publicly visible type or member 'CreateProductRequest.Category' [/home/redrocket/task-factory/workdir/aspnet-spa-template/AspNetSpaTemplate.csproj]
/home/redrocket/task-factory/workdir/aspnet-spa-template/DTOs/CreateProductRequest.cs(21,20): warning CS1591: Missing XML comment for publicly visible type or member 'CreateProductRequest.ImageUrl' [/home/redrocket/task-factory/workdir/aspnet-spa-template/AspNetSpaTemplate.csproj]
/home/redrocket/task-factory/workdir/aspnet-spa-template/DTOs/CreateProductRequest.cs(22,20): warning CS1591: Missing XML comment for publicly visible type or member 'CreateProductRequest.Sku' [/home/redrocket/task-factory/workdir/aspnet-spa-template/AspNetSpaTemplate.csproj]
/home/redrocket/task-factory/workdir/aspnet-spa-template/DTOs/CreateUserRequest.cs(14,19): warning CS1591: Missing XML comment for publicly visible type or member 'CreateUserRequest.FirstName' [/home/redrocket/task-factory/workdir/aspnet-spa-template/AspNetSpaTemplate.csproj]
/home/redrocket/task-factory/workdir/aspnet-spa-template/DTOs/CreateUserRequest.cs(15,19): warning CS1591: Missing XML comment for publicly visible type or member 'CreateUserRequest.LastName' [/home/redrocket/task-factory/workdir/aspnet-spa-template/AspNetSpaTemplate.csproj]
/home/redrocket/task-factory/workdir/aspnet-spa-template/DTOs/CreateUserRequest.cs(16,19): warning CS1591: Missing XML comment for publicly visible type or member 'CreateUserRequest.Email' [/home/redrocket/task-factory/workdir/aspnet-spa-template/AspNetSpaTemplate.csproj]
/home/redrocket/task-factory/workdir/aspnet-spa-template/DTOs/CreateUserRequest.cs(17,19): warning CS1591: Missing XML comment for publicly visible type or member 'CreateUserRequest.Password' [/home/redrocket/task-factory/workdir/aspnet-spa-template/AspNetSpaTemplate.csproj]
/home/redrocket/task-factory/workdir/aspnet-spa-template/DTOs/CreateUserRequest.cs(18,20): warning CS1591: Missing XML comment for publicly visible type or member 'CreateUserRequest.PhoneNumber' [/home/redrocket/task-factory/workdir/aspnet-spa-template/AspNetSpaTemplate.csproj]
/home/redrocket/task-factory/workdir/aspnet-spa-template/DTOs/CreateUserRequest.cs(19,20): warning CS1591: Missing XML comment for publicly visible type or member 'CreateUserRequest.Address' [/home/redrocket/task-factory/workdir/aspnet-spa-template/AspNetSpaTemplate.csproj]
/home/redrocket/task-factory/workdir/aspnet-spa-template/DTOs/CreateUserRequest.cs(20,20): warning CS1591: Missing XML comment for publicly visible type or member 'CreateUserRequest.City' [/home/redrocket/task-factory/workdir/aspnet-spa-template/AspNetSpaTemplate.csproj]
/home/redrocket/task-factory/workdir/aspnet-spa-template/DTOs/CreateUserRequest.cs(21,20): warning CS1591: Missing XML comment for publicly visible type or member 'CreateUserRequest.PostalCode' [/home/redrocket/task-factory/workdir/aspnet-spa-template/AspNetSpaTemplate.csproj]
/home/redrocket/task-factory/workdir/aspnet-spa-template/DTOs/CreateUserRequest.cs(22,20): warning CS1591: Missing XML comment for publicly visible type or member 'CreateUserRequest.Country' [/home/redrocket/task-factory/workdir/aspnet-spa-template/AspNetSpaTemplate.csproj]
/home/redrocket/task-factory/workdir/aspnet-spa-template/DTOs/CreateUserRequest.cs(30,19): warning CS1591: Missing XML comment for publicly visible type or member 'UpdateUserRequest.FirstName' [/home/redrocket/task-factory/workdir/aspnet-spa-template/AspNetSpaTemplate.csproj]
/home/redrocket/task-factory/workdir/aspnet-spa-template/DTOs/CreateUserRequest.cs(31,19): warning CS1591: Missing XML comment for publicly visible type or member 'UpdateUserRequest.LastName' [/home/redrocket/task-factory/workdir/aspnet-spa-template/AspNetSpaTemplate.csproj]
/home/redrocket/task-factory/workdir/aspnet-spa-template/DTOs/CreateUserRequest.cs(32,20): warning CS1591: Missing XML comment for publicly visible type or member 'UpdateUserRequest.PhoneNumber' [/home/redrocket/task-factory/workdir/aspnet-spa-template/AspNetSpaTemplate.csproj]
/home/redrocket/task-factory/workdir/aspnet-spa-template/DTOs/CreateUserRequest.cs(33,20): warning CS1591: Missing XML comment for publicly visible type or member 'UpdateUserRequest.Address' [/home/redrocket/task-factory/workdir/aspnet-spa-template/AspNetSpaTemplate.csproj]
/home/redrocket/task-factory/workdir/aspnet-spa-template/DTOs/CreateUserRequest.cs(34,20): warning CS1591: Missing XML comment for publicly visible type or member 'UpdateUserRequest.City' [/home/redrocket/task-factory/workdir/aspnet-spa-template/AspNetSpaTemplate.csproj]
/home/redrocket/task-factory/workdir/aspnet-spa-template/DTOs/CreateUserRequest.cs(35,20): warning CS1591: Missing XML comment for publicly visible type or member 'UpdateUserRequest.PostalCode' [/home/redrocket/task-factory/workdir/aspnet-spa-template/AspNetSpaTemplate.csproj]
/home/redrocket/task-factory/workdir/aspnet-spa-template/DTOs/CreateUserRequest.cs(36,20): warning CS1591: Missing XML comment for publicly visible type or member 'UpdateUserRequest.Country' [/home/redrocket/task-factory/workdir/aspnet-spa-template/AspNetSpaTemplate.csproj]
/home/redrocket/task-factory/workdir/aspnet-spa-template/DTOs/CreateUserRequest.cs(44,16): warning CS1591: Missing XML comment for publicly visible type or member 'UserResponse.Id' [/home/redrocket/task-factory/workdir/aspnet-spa-template/AspNetSpaTemplate.csproj]
/home/redrocket/task-factory/workdir/aspnet-spa-template/DTOs/CreateUserRequest.cs(45,19): warning CS1591: Missing XML comment for publicly visible type or member 'UserResponse.FirstName' [/home/redrocket/task-factory/workdir/aspnet-spa-template/AspNetSpaTemplate.csproj]
/home/redrocket/task-factory/workdir/aspnet-spa-template/DTOs/CreateUserRequest.cs(46,19): warning CS1591: Missing XML comment for publicly visible type or member 'UserResponse.LastName' [/home/redrocket/task-factory/workdir/aspnet-spa-template/AspNetSpaTemplate.csproj]
/home/redrocket/task-factory/workdir/aspnet-spa-template/DTOs/CreateUserRequest.cs(47,19): warning CS1591: Missing XML comment for publicly visible type or member 'UserResponse.Email' [/home/redrocket/task-factory/workdir/aspnet-spa-template/AspNetSpaTemplate.csproj]
/home/redrocket/task-factory/workdir/aspnet-spa-template/DTOs/CreateUserRequest.cs(48,20): warning CS1591: Missing XML comment for publicly visible type or member 'UserResponse.PhoneNumber' [/home/redrocket/task-factory/workdir/aspnet-spa-template/AspNetSpaTemplate.csproj]
/home/redrocket/task-factory/workdir/aspnet-spa-template/DTOs/CreateUserRequest.cs(49,20): warning CS1591: Missing XML comment for publicly visible type or member 'UserResponse.Address' [/home/redrocket/task-factory/workdir/aspnet-spa-template/AspNetSpaTemplate.csproj]
/home/redrocket/task-factory/workdir/aspnet-spa-template/DTOs/CreateUserRequest.cs(50,20): warning CS1591: Missing XML comment for publicly visible type or member 'UserResponse.City' [/home/redrocket/task-factory/workdir/aspnet-spa-template/AspNetSpaTemplate.csproj]
/home/redrocket/task-factory/workdir/aspnet-spa-template/DTOs/CreateUserRequest.cs(51,20): warning CS1591: Missing XML comment for publicly visible type or member 'UserResponse.PostalCode' [/home/redrocket/task-factory/workdir/aspnet-spa-template/AspNetSpaTemplate.csproj]
/home/redrocket/task-factory/workdir/aspnet-spa-template/DTOs/CreateUserRequest.cs(52,20): warning CS1591: Missing XML comment for publicly visible type or member 'UserResponse.Country' [/home/redrocket/task-factory/workdir/aspnet-spa-template/AspNetSpaTemplate.csproj]
/home/redrocket/task-factory/workdir/aspnet-spa-template/DTOs/CreateUserRequest.cs(53,17): warning CS1591: Missing XML comment for publicly visible type or member 'UserResponse.IsActive' [/home/redrocket/task-factory/workdir/aspnet-spa-template/AspNetSpaTemplate.csproj]
/home/redrocket/task-factory/workdir/aspnet-spa-template/DTOs/CreateUserRequest.cs(54,17): warning CS1591: Missing XML comment for publicly visible type or member 'UserResponse.IsEmailVerified' [/home/redrocket/task-factory/workdir/aspnet-spa-template/AspNetSpaTemplate.csproj]
/home/redrocket/task-factory/workdir/aspnet-spa-template/DTOs/CreateUserRequest.cs(55,21): warning CS1591: Missing XML comment for publicly visible type or member 'UserResponse.CreatedAt' [/home/redrocket/task-factory/workdir/aspnet-spa-template/AspNetSpaTemplate.csproj]
/home/redrocket/task-factory/workdir/aspnet-spa-template/DTOs/CreateUserRequest.cs(56,22): warning CS1591: Missing XML comment for publicly visible type or member 'UserResponse.LastLoginAt' [/home/redrocket/task-factory/workdir/aspnet-spa-template/AspNetSpaTemplate.csproj]
/home/redrocket/task-factory/workdir/aspnet-spa-template/DTOs/CreateUserRequest.cs(64,19): warning CS1591: Missing XML comment for publicly visible type or member 'LoginRequest.Email' [/home/redrocket/task-factory/workdir/aspnet-spa-template/AspNetSpaTemplate.csproj]
/home/redrocket/task-factory/workdir/aspnet-spa-template/DTOs/CreateUserRequest.cs(65,19): warning CS1591: Missing XML comment for publicly visible type or member 'LoginRequest.Password' [/home/redrocket/task-factory/workdir/aspnet-spa-template/AspNetSpaTemplate.csproj]
/home/redrocket/task-factory/workdir/aspnet-spa-template/DTOs/CreateUserRequest.cs(73,16): warning CS1591: Missing XML comment for publicly visible type or member 'LoginResponse.UserId' [/home/redrocket/task-factory/workdir/aspnet-spa-template/AspNetSpaTemplate.csproj]
/home/redrocket/task-factory/workdir/aspnet-spa-template/DTOs/CreateUserRequest.cs(74,19): warning CS1591: Missing XML comment for publicly visible type or member 'LoginResponse.Email' [/home/redrocket/task-factory/workdir/aspnet-spa-template/AspNetSpaTemplate.csproj]
/home/redrocket/task-factory/workdir/aspnet-spa-template/DTOs/CreateUserRequest.cs(75,19): warning CS1591: Missing XML comment for publicly visible type or member 'LoginResponse.FullName' [/home/redrocket/task-factory/workdir/aspnet-spa-template/AspNetSpaTemplate.csproj]
/home/redrocket/task-factory/workdir/aspnet-spa-template/DTOs/CreateUserRequest.cs(76,19): warning CS1591: Missing XML comment for publicly visible type or member 'LoginResponse.Token' [/home/redrocket/task-factory/workdir/aspnet-spa-template/AspNetSpaTemplate.csproj]
/home/redrocket/task-factory/workdir/aspnet-spa-template/DTOs/ErrorResponse.cs(14,19): warning CS1591: Missing XML comment for publicly visible type or member 'ErrorResponse.Message' [/home/redrocket/task-factory/workdir/aspnet-spa-template/AspNetSpaTemplate.csproj]
/home/redrocket/task-factory/workdir/aspnet-spa-template/DTOs/ErrorResponse.cs(15,20): warning CS1591: Missing XML comment for publicly visible type or member 'ErrorResponse.ErrorCode' [/home/redrocket/task-factory/workdir/aspnet-spa-template/AspNetSpaTemplate.csproj]
/home/redrocket/task-factory/workdir/aspnet-spa-template/DTOs/ErrorResponse.cs(16,46): warning CS1591: Missing XML comment for publicly visible type or member 'ErrorResponse.Errors' [/home/redrocket/task-factory/workdir/aspnet-spa-template/AspNetSpaTemplate.csproj]
/home/redrocket/task-factory/workdir/aspnet-spa-template/DTOs/ErrorResponse.cs(17,20): warning CS1591: Missing XML comment for publicly visible type or member 'ErrorResponse.TraceId' [/home/redrocket/task-factory/workdir/aspnet-spa-template/AspNetSpaTemplate.csproj]
/home/redrocket/task-factory/workdir/aspnet-spa-template/DTOs/ErrorResponse.cs(18,16): warning CS1591: Missing XML comment for publicly visible type or member 'ErrorResponse.StatusCode' [/home/redrocket/task-factory/workdir/aspnet-spa-template/AspNetSpaTemplate.csproj]
/home/redrocket/task-factory/workdir/aspnet-spa-template/DTOs/ErrorResponse.cs(19,21): warning CS1591: Missing XML comment for publicly visible type or member 'ErrorResponse.Timestamp' [/home/redrocket/task-factory/workdir/aspnet-spa-template/AspNetSpaTemplate.csproj]
/home/redrocket/task-factory/workdir/aspnet-spa-template/DTOs/ErrorResponse.cs(21,12): warning CS1591: Missing XML comment for publicly visible type or member 'ErrorResponse.ErrorResponse()' [/home/redrocket/task-factory/workdir/aspnet-spa-template/AspNetSpaTemplate.csproj]
/home/redrocket/task-factory/workdir/aspnet-spa-template/DTOs/ErrorResponse.cs(23,12): warning CS1591: Missing XML comment for publicly visible type or member 'ErrorResponse.ErrorResponse(string, int)' [/home/redrocket/task-factory/workdir/aspnet-spa-template/AspNetSpaTemplate.csproj]
/home/redrocket/task-factory/workdir/aspnet-spa-template/DTOs/ErrorResponse.cs(29,12): warning CS1591: Missing XML comment for publicly visible type or member 'ErrorResponse.ErrorResponse(string, string, int)' [/home/redrocket/task-factory/workdir/aspnet-spa-template/AspNetSpaTemplate.csproj]
/home/redrocket/task-factory/workdir/aspnet-spa-template/DTOs/ErrorResponse.cs(36,12): warning CS1591: Missing XML comment for publicly visible type or member 'ErrorResponse.ErrorResponse(string, Dictionary<string, List<string>>, int)' [/home/redrocket/task-factory/workdir/aspnet-spa-template/AspNetSpaTemplate.csproj]
/home/redrocket/task-factory/workdir/aspnet-spa-template/DTOs/ErrorResponse.cs(49,15): warning CS1591: Missing XML comment for publicly visible type or member 'SuccessResponse<T>.Data' [/home/redrocket/task-factory/workdir/aspnet-spa-template/AspNetSpaTemplate.csproj]
/home/redrocket/task-factory/workdir/aspnet-spa-template/DTOs/ErrorResponse.cs(50,17): warning CS1591: Missing XML comment for publicly visible type or member 'SuccessResponse<T>.Success' [/home/redrocket/task-factory/workdir/aspnet-spa-template/AspNetSpaTemplate.csproj]
/home/redrocket/task-factory/workdir/aspnet-spa-template/DTOs/ErrorResponse.cs(51,19): warning CS1591: Missing XML comment for publicly visible type or member 'SuccessResponse<T>.Message' [/home/redrocket/task-factory/workdir/aspnet-spa-template/AspNetSpaTemplate.csproj]
/home/redrocket/task-factory/workdir/aspnet-spa-template/DTOs/ErrorResponse.cs(53,12): warning CS1591: Missing XML comment for publicly visible type or member 'SuccessResponse<T>.SuccessResponse()' [/home/redrocket/task-factory/workdir/aspnet-spa-template/AspNetSpaTemplate.csproj]
/home/redrocket/task-factory/workdir/aspnet-spa-template/DTOs/ErrorResponse.cs(55,12): warning CS1591: Missing XML comment for publicly visible type or member 'SuccessResponse<T>.SuccessResponse(T)' [/home/redrocket/task-factory/workdir/aspnet-spa-template/AspNetSpaTemplate.csproj]
/home/redrocket/task-factory/workdir/aspnet-spa-template/DTOs/ErrorResponse.cs(60,12): warning CS1591: Missing XML comment for publicly visible type or member 'SuccessResponse<T>.SuccessResponse(T, string)' [/home/redrocket/task-factory/workdir/aspnet-spa-template/AspNetSpaTemplate.csproj]
/home/redrocket/task-factory/workdir/aspnet-spa-template/DTOs/ErrorResponse.cs(72,20): warning CS1591: Missing XML comment for publicly visible type or member 'PaginatedResponse<T>.Items' [/home/redrocket/task-factory/workdir/aspnet-spa-template/AspNetSpaTemplate.csproj]
/home/redrocket/task-factory/workdir/aspnet-spa-template/DTOs/ErrorResponse.cs(73,16): warning CS1591: Missing XML comment for publicly visible type or member 'PaginatedResponse<T>.TotalCount' [/home/redrocket/task-factory/workdir/aspnet-spa-template/AspNetSpaTemplate.csproj]
/home/redrocket/task-factory/workdir/aspnet-spa-template/DTOs/ErrorResponse.cs(74,16): warning CS1591: Missing XML comment for publicly visible type or member 'PaginatedResponse<T>.PageNumber' [/home/redrocket/task-factory/workdir/aspnet-spa-template/AspNetSpaTemplate.csproj]
/home/redrocket/task-factory/workdir/aspnet-spa-template/DTOs/ErrorResponse.cs(75,16): warning CS1591: Missing XML comment for publicly visible type or member 'PaginatedResponse<T>.PageSize' [/home/redrocket/task-factory/workdir/aspnet-spa-template/AspNetSpaTemplate.csproj]
/home/redrocket/task-factory/workdir/aspnet-spa-template/DTOs/ErrorResponse.cs(77,16): warning CS1591: Missing XML comment for publicly visible type or member 'PaginatedResponse<T>.TotalPages' [/home/redrocket/task-factory/workdir/aspnet-spa-template/AspNetSpaTemplate.csproj]
/home/redrocket/task-factory/workdir/aspnet-spa-template/DTOs/ErrorResponse.cs(78,17): warning CS1591: Missing XML comment for publicly visible type or member 'PaginatedResponse<T>.HasNextPage' [/home/redrocket/task-factory/workdir/aspnet-spa-template/AspNetSpaTemplate.csproj]
/home/redrocket/task-factory/workdir/aspnet-spa-template/DTOs/ErrorResponse.cs(79,17): warning CS1591: Missing XML comment for publicly visible type or member 'PaginatedResponse<T>.HasPreviousPage' [/home/redrocket/task-factory/workdir/aspnet-spa-template/AspNetSpaTemplate.csproj]
/home/redrocket/task-factory/workdir/aspnet-spa-template/DTOs/PaginationRequest.cs(18,16): warning CS1591: Missing XML comment for publicly visible type or member 'PaginationRequest.PageNumber' [/home/redrocket/task-factory/workdir/aspnet-spa-template/AspNetSpaTemplate.csproj]
/home/redrocket/task-factory/workdir/aspnet-spa-template/DTOs/PaginationRequest.cs(24,16): warning CS1591: Missing XML comment for publicly visible type or member 'PaginationRequest.PageSize' [/home/redrocket/task-factory/workdir/aspnet-spa-template/AspNetSpaTemplate.csproj]
/home/redrocket/task-factory/workdir/aspnet-spa-template/DTOs/PaginationRequest.cs(30,20): warning CS1591: Missing XML comment for publicly visible type or member 'PaginationRequest.SortBy' [/home/redrocket/task-factory/workdir/aspnet-spa-template/AspNetSpaTemplate.csproj]
/home/redrocket/task-factory/workdir/aspnet-spa-template/DTOs/PaginationRequest.cs(31,17): warning CS1591: Missing XML comment for publicly visible type or member 'PaginationRequest.SortDescending' [/home/redrocket/task-factory/workdir/aspnet-spa-template/AspNetSpaTemplate.csproj]
/home/redrocket/task-factory/workdir/aspnet-spa-template/DTOs/PaginationRequest.cs(32,20): warning CS1591: Missing XML comment for publicly visible type or member 'PaginationRequest.SearchTerm' [/home/redrocket/task-factory/workdir/aspnet-spa-template/AspNetSpaTemplate.csproj]
/home/redrocket/task-factory/workdir/aspnet-spa-template/DTOs/PaginationRequest.cs(33,40): warning CS1591: Missing XML comment for publicly visible type or member 'PaginationRequest.Filters' [/home/redrocket/task-factory/workdir/aspnet-spa-template/AspNetSpaTemplate.csproj]
/home/redrocket/task-factory/workdir/aspnet-spa-template/DTOs/PaginationRequest.cs(61,20): warning CS1591: Missing XML comment for publicly visible type or member 'PaginationResponse<T>.Items' [/home/redrocket/task-factory/workdir/aspnet-spa-template/AspNetSpaTemplate.csproj]
/home/redrocket/task-factory/workdir/aspnet-spa-template/DTOs/PaginationRequest.cs(62,16): warning CS1591: Missing XML comment for publicly visible type or member 'PaginationResponse<T>.PageNumber' [/home/redrocket/task-factory/workdir/aspnet-spa-template/AspNetSpaTemplate.csproj]
/home/redrocket/task-factory/workdir/aspnet-spa-template/DTOs/PaginationRequest.cs(63,16): warning CS1591: Missing XML comment for publicly visible type or member 'PaginationResponse<T>.PageSize' [/home/redrocket/task-factory/workdir/aspnet-spa-template/AspNetSpaTemplate.csproj]
/home/redrocket/task-factory/workdir/aspnet-spa-template/DTOs/PaginationRequest.cs(64,16): warning CS1591: Missing XML comment for publicly visible type or member 'PaginationResponse<T>.TotalCount' [/home/redrocket/task-factory/workdir/aspnet-spa-template/AspNetSpaTemplate.csproj]
/home/redrocket/task-factory/workdir/aspnet-spa-template/DTOs/PaginationRequest.cs(65,16): warning CS1591: Missing XML comment for publicly visible type or member 'PaginationResponse<T>.TotalPages' [/home/redrocket/task-factory/workdir/aspnet-spa-template/AspNetSpaTemplate.csproj]
/home/redrocket/task-factory/workdir/aspnet-spa-template/DTOs/PaginationRequest.cs(66,17): warning CS1591: Missing XML comment for publicly visible type or member 'PaginationResponse<T>.HasNextPage' [/home/redrocket/task-factory/workdir/aspnet-spa-template/AspNetSpaTemplate.csproj]
/home/redrocket/task-factory/workdir/aspnet-spa-template/DTOs/PaginationRequest.cs(67,17): warning CS1591: Missing XML comment for publicly visible type or member 'PaginationResponse<T>.HasPreviousPage' [/home/redrocket/task-factory/workdir/aspnet-spa-template/AspNetSpaTemplate.csproj]
/home/redrocket/task-factory/workdir/aspnet-spa-template/DTOs/PaginationRequest.cs(68,21): warning CS1591: Missing XML comment for publicly visible type or member 'PaginationResponse<T>.GeneratedAt' [/home/redrocket/task-factory/workdir/aspnet-spa-template/AspNetSpaTemplate.csproj]
/home/redrocket/task-factory/workdir/aspnet-spa-template/DTOs/PaginationRequest.cs(70,41): warning CS1591: Missing XML comment for publicly visible type or member 'PaginationResponse<T>.Create(List<T>, int, int, int)' [/home/redrocket/task-factory/workdir/aspnet-spa-template/AspNetSpaTemplate.csproj]
/home/redrocket/task-factory/workdir/aspnet-spa-template/DTOs/PaginationRequest.cs(87,19): warning CS1591: Missing XML comment for publicly visible type or member 'FilterCriteria.Field' [/home/redrocket/task-factory/workdir/aspnet-spa-template/AspNetSpaTemplate.csproj]
/home/redrocket/task-factory/workdir/aspnet-spa-template/DTOs/PaginationRequest.cs(88,19): warning CS1591: Missing XML comment for publicly visible type or member 'FilterCriteria.Operator' [/home/redrocket/task-factory/workdir/aspnet-spa-template/AspNetSpaTemplate.csproj]
/home/redrocket/task-factory/workdir/aspnet-spa-template/DTOs/PaginationRequest.cs(89,19): warning CS1591: Missing XML comment for publicly visible type or member 'FilterCriteria.Value' [/home/redrocket/task-factory/workdir/aspnet-spa-template/AspNetSpaTemplate.csproj]
/home/redrocket/task-factory/workdir/aspnet-spa-template/DTOs/PaginationRequest.cs(91,17): warning CS1591: Missing XML comment for publicly visible type or member 'FilterCriteria.IsValid()' [/home/redrocket/task-factory/workdir/aspnet-spa-template/AspNetSpaTemplate.csproj]
/home/redrocket/task-factory/workdir/aspnet-spa-template/DTOs/PaginationRequest.cs(103,19): warning CS1591: Missing XML comment for publicly visible type or member 'SortCriteria.Field' [/home/redrocket/task-factory/workdir/aspnet-spa-template/AspNetSpaTemplate.csproj]
/home/redrocket/task-factory/workdir/aspnet-spa-template/DTOs/PaginationRequest.cs(104,26): warning CS1591: Missing XML comment for publicly visible type or member 'SortCriteria.Direction' [/home/redrocket/task-factory/workdir/aspnet-spa-template/AspNetSpaTemplate.csproj]
/home/redrocket/task-factory/workdir/aspnet-spa-template/DTOs/PaginationRequest.cs(106,17): warning CS1591: Missing XML comment for publicly visible type or member 'SortCriteria.IsValid()' [/home/redrocket/task-factory/workdir/aspnet-spa-template/AspNetSpaTemplate.csproj]
/home/redrocket/task-factory/workdir/aspnet-spa-template/DTOs/PaginationRequest.cs(112,13): warning CS1591: Missing XML comment for publicly visible type or member 'SortDirection' [/home/redrocket/task-factory/workdir/aspnet-spa-template/AspNetSpaTemplate.csproj]
/home/redrocket/task-factory/workdir/aspnet-spa-template/DTOs/PaginationRequest.cs(114,5): warning CS1591: Missing XML comment for publicly visible type or member 'SortDirection.Ascending' [/home/redrocket/task-factory/workdir/aspnet-spa-template/AspNetSpaTemplate.csproj]
/home/redrocket/task-factory/workdir/aspnet-spa-template/DTOs/PaginationRequest.cs(115,5): warning CS1591: Missing XML comment for publicly visible type or member 'SortDirection.Descending' [/home/redrocket/task-factory/workdir/aspnet-spa-template/AspNetSpaTemplate.csproj]
/home/redrocket/task-factory/workdir/aspnet-spa-template/DTOs/UpdateProductRequest.cs(17,19): warning CS1591: Missing XML comment for publicly visible type or member 'UpdateProductRequest.Name' [/home/redrocket/task-factory/workdir/aspnet-spa-template/AspNetSpaTemplate.csproj]
/home/redrocket/task-factory/workdir/aspnet-spa-template/DTOs/UpdateProductRequest.cs(18,19): warning CS1591: Missing XML comment for publicly visible type or member 'UpdateProductRequest.Description' [/home/redrocket/task-factory/workdir/aspnet-spa-template/AspNetSpaTemplate.csproj]
/home/redrocket/task-factory/workdir/aspnet-spa-template/DTOs/UpdateProductRequest.cs(19,20): warning CS1591: Missing XML comment for publicly visible type or member 'UpdateProductRequest.Price' [/home/redrocket/task-factory/workdir/aspnet-spa-template/AspNetSpaTemplate.csproj]
/home/redrocket/task-factory/workdir/aspnet-spa-template/DTOs/UpdateProductRequest.cs(20,28): warning CS1591: Missing XML comment for publicly visible type or member 'UpdateProductRequest.Category' [/home/redrocket/task-factory/workdir/aspnet-spa-template/AspNetSpaTemplate.csproj]
/home/redrocket/task-factory/workdir/aspnet-spa-template/DTOs/UpdateProductRequest.cs(21,20): warning CS1591: Missing XML comment for publicly visible type or member 'UpdateProductRequest.ImageUrl' [/home/redrocket/task-factory/workdir/aspnet-spa-template/AspNetSpaTemplate.csproj]
/home/redrocket/task-factory/workdir/aspnet-spa-template/DTOs/UpdateProductRequest.cs(22,16): warning CS1591: Missing XML comment for publicly visible type or member 'UpdateProductRequest.StockQuantity' [/home/redrocket/task-factory/workdir/aspnet-spa-template/AspNetSpaTemplate.csproj]
/home/redrocket/task-factory/workdir/aspnet-spa-template/DTOs/UpdateProductRequest.cs(23,17): warning CS1591: Missing XML comment for publicly visible type or member 'UpdateProductRequest.IsAvailable' [/home/redrocket/task-factory/workdir/aspnet-spa-template/AspNetSpaTemplate.csproj]
/home/redrocket/task-factory/workdir/aspnet-spa-template/DTOs/UpdateProductRequest.cs(25,17): warning CS1591: Missing XML comment for publicly visible type or member 'UpdateProductRequest.Validate()' [/home/redrocket/task-factory/workdir/aspnet-spa-template/AspNetSpaTemplate.csproj]
/home/redrocket/task-factory/workdir/aspnet-spa-template/DTOs/UpdateProductRequest.cs(50,16): warning CS1591: Missing XML comment for publicly visible type or member 'ProductResponse.Id' [/home/redrocket/task-factory/workdir/aspnet-spa-template/AspNetSpaTemplate.csproj]
/home/redrocket/task-factory/workdir/aspnet-spa-template/DTOs/UpdateProductRequest.cs(51,19): warning CS1591: Missing XML comment for publicly visible type or member 'ProductResponse.Name' [/home/redrocket/task-factory/workdir/aspnet-spa-template/AspNetSpaTemplate.csproj]
/home/redrocket/task-factory/workdir/aspnet-spa-template/DTOs/UpdateProductRequest.cs(52,19): warning CS1591: Missing XML comment for publicly visible type or member 'ProductResponse.Description' [/home/redrocket/task-factory/workdir/aspnet-spa-template/AspNetSpaTemplate.csproj]
/home/redrocket/task-factory/workdir/aspnet-spa-template/DTOs/UpdateProductRequest.cs(53,20): warning CS1591: Missing XML comment for publicly visible type or member 'ProductResponse.Price' [/home/redrocket/task-factory/workdir/aspnet-spa-template/AspNetSpaTemplate.csproj]
/home/redrocket/task-factory/workdir/aspnet-spa-template/DTOs/UpdateProductRequest.cs(54,16): warning CS1591: Missing XML comment for publicly visible type or member 'ProductResponse.StockQuantity' [/home/redrocket/task-factory/workdir/aspnet-spa-template/AspNetSpaTemplate.csproj]
/home/redrocket/task-factory/workdir/aspnet-spa-template/DTOs/UpdateProductRequest.cs(55,19): warning CS1591: Missing XML comment for publicly visible type or member 'ProductResponse.Category' [/home/redrocket/task-factory/workdir/aspnet-spa-template/AspNetSpaTemplate.csproj]
/home/redrocket/task-factory/workdir/aspnet-spa-template/DTOs/UpdateProductRequest.cs(56,20): warning CS1591: Missing XML comment for publicly visible type or member 'ProductResponse.ImageUrl' [/home/redrocket/task-factory/workdir/aspnet-spa-template/AspNetSpaTemplate.csproj]
/home/redrocket/task-factory/workdir/aspnet-spa-template/DTOs/UpdateProductRequest.cs(57,20): warning CS1591: Missing XML comment for publicly visible type or member 'ProductResponse.Sku' [/home/redrocket/task-factory/workdir/aspnet-spa-template/AspNetSpaTemplate.csproj]
/home/redrocket/task-factory/workdir/aspnet-spa-template/DTOs/UpdateProductRequest.cs(58,20): warning CS1591: Missing XML comment for publicly visible type or member 'ProductResponse.Rating' [/home/redrocket/task-factory/workdir/aspnet-spa-template/AspNetSpaTemplate.csproj]
/home/redrocket/task-factory/workdir/aspnet-spa-template/DTOs/UpdateProductRequest.cs(59,16): warning CS1591: Missing XML comment for publicly visible type or member 'ProductResponse.ReviewCount' [/home/redrocket/task-factory/workdir/aspnet-spa-template/AspNetSpaTemplate.csproj]
/home/redrocket/task-factory/workdir/aspnet-spa-template/DTOs/UpdateProductRequest.cs(60,17): warning CS1591: Missing XML comment for publicly visible type or member 'ProductResponse.IsAvailable' [/home/redrocket/task-factory/workdir/aspnet-spa-template/AspNetSpaTemplate.csproj]
/home/redrocket/task-factory/workdir/aspnet-spa-template/DTOs/UpdateProductRequest.cs(61,17): warning CS1591: Missing XML comment for publicly visible type or member 'ProductResponse.IsFeatured' [/home/redrocket/task-factory/workdir/aspnet-spa-template/AspNetSpaTemplate.csproj]
/home/redrocket/task-factory/workdir/aspnet-spa-template/DTOs/UpdateProductRequest.cs(62,21): warning CS1591: Missing XML comment for publicly visible type or member 'ProductResponse.CreatedAt' [/home/redrocket/task-factory/workdir/aspnet-spa-template/AspNetSpaTemplate.csproj]
/home/redrocket/task-factory/workdir/aspnet-spa-template/DTOs/UpdateProductRequest.cs(63,20): warning CS1591: Missing XML comment for publicly visible type or member 'ProductResponse.TaxAmount' [/home/redrocket/task-factory/workdir/aspnet-spa-template/AspNetSpaTemplate.csproj]
/home/redrocket/task-factory/workdir/aspnet-spa-template/DTOs/UpdateProductRequest.cs(64,20): warning CS1591: Missing XML comment for publicly visible type or member 'ProductResponse.PriceWithTax' [/home/redrocket/task-factory/workdir/aspnet-spa-template/AspNetSpaTemplate.csproj]
/home/redrocket/task-factory/workdir/aspnet-spa-template/DTOs/UpdateProductRequest.cs(72,34): warning CS1591: Missing XML comment for publicly visible type or member 'ProductListResponse.Products' [/home/redrocket/task-factory/workdir/aspnet-spa-template/AspNetSpaTemplate.csproj]
/home/redrocket/task-factory/workdir/aspnet-spa-template/DTOs/UpdateProductRequest.cs(73,16): warning CS1591: Missing XML comment for publicly visible type or member 'ProductListResponse.PageNumber' [/home/redrocket/task-factory/workdir/aspnet-spa-template/AspNetSpaTemplate.csproj]
/home/redrocket/task-factory/workdir/aspnet-spa-template/DTOs/UpdateProductRequest.cs(74,16): warning CS1591: Missing XML comment for publicly visible type or member 'ProductListResponse.PageSize' [/home/redrocket/task-factory/workdir/aspnet-spa-template/AspNetSpaTemplate.csproj]
/home/redrocket/task-factory/workdir/aspnet-spa-template/DTOs/UpdateProductRequest.cs(75,16): warning CS1591: Missing XML comment for publicly visible type or member 'ProductListResponse.TotalCount' [/home/redrocket/task-factory/workdir/aspnet-spa-template/AspNetSpaTemplate.csproj]
/home/redrocket/task-factory/workdir/aspnet-spa-template/DTOs/UpdateProductRequest.cs(76,16): warning CS1591: Missing XML comment for publicly visible type or member 'ProductListResponse.TotalPages' [/home/redrocket/task-factory/workdir/aspnet-spa-template/AspNetSpaTemplate.csproj]
/home/redrocket/task-factory/workdir/aspnet-spa-template/DTOs/UpdateProductRequest.cs(77,17): warning CS1591: Missing XML comment for publicly visible type or member 'ProductListResponse.HasNextPage' [/home/redrocket/task-factory/workdir/aspnet-spa-template/AspNetSpaTemplate.csproj]
/home/redrocket/task-factory/workdir/aspnet-spa-template/DTOs/UpdateProductRequest.cs(78,17): warning CS1591: Missing XML comment for publicly visible type or member 'ProductListResponse.HasPreviousPage' [/home/redrocket/task-factory/workdir/aspnet-spa-template/AspNetSpaTemplate.csproj]
/home/redrocket/task-factory/workdir/aspnet-spa-template/DTOs/UpdateProductRequest.cs(86,20): warning CS1591: Missing XML comment for publicly visible type or member 'ProductSearchRequest.SearchTerm' [/home/redrocket/task-factory/workdir/aspnet-spa-template/AspNetSpaTemplate.csproj]
/home/redrocket/task-factory/workdir/aspnet-spa-template/DTOs/UpdateProductRequest.cs(87,29): warning CS1591: Missing XML comment for publicly visible type or member 'ProductSearchRequest.Category' [/home/redrocket/task-factory/workdir/aspnet-spa-template/AspNetSpaTemplate.csproj]
/home/redrocket/task-factory/workdir/aspnet-spa-template/DTOs/UpdateProductRequest.cs(88,21): warning CS1591: Missing XML comment for publicly visible type or member 'ProductSearchRequest.MinPrice' [/home/redrocket/task-factory/workdir/aspnet-spa-template/AspNetSpaTemplate.csproj]
/home/redrocket/task-factory/workdir/aspnet-spa-template/DTOs/UpdateProductRequest.cs(89,21): warning CS1591: Missing XML comment for publicly visible type or member 'ProductSearchRequest.MaxPrice' [/home/redrocket/task-factory/workdir/aspnet-spa-template/AspNetSpaTemplate.csproj]
/home/redrocket/task-factory/workdir/aspnet-spa-template/DTOs/UpdateProductRequest.cs(90,18): warning CS1591: Missing XML comment for publicly visible type or member 'ProductSearchRequest.OnlyAvailable' [/home/redrocket/task-factory/workdir/aspnet-spa-template/AspNetSpaTemplate.csproj]
/home/redrocket/task-factory/workdir/aspnet-spa-template/DTOs/UpdateProductRequest.cs(91,18): warning CS1591: Missing XML comment for publicly visible type or member 'ProductSearchRequest.OnlyFeatured' [/home/redrocket/task-factory/workdir/aspnet-spa-template/AspNetSpaTemplate.csproj]
/home/redrocket/task-factory/workdir/aspnet-spa-template/DTOs/UpdateProductRequest.cs(92,16): warning CS1591: Missing XML comment for publicly visible type or member 'ProductSearchRequest.PageNumber' [/home/redrocket/task-factory/workdir/aspnet-spa-template/AspNetSpaTemplate.csproj]
/home/redrocket/task-factory/workdir/aspnet-spa-template/DTOs/UpdateProductRequest.cs(93,16): warning CS1591: Missing XML comment for publicly visible type or member 'ProductSearchRequest.PageSize' [/home/redrocket/task-factory/workdir/aspnet-spa-template/AspNetSpaTemplate.csproj]
/home/redrocket/task-factory/workdir/aspnet-spa-template/DTOs/UpdateProductRequest.cs(95,17): warning CS1591: Missing XML comment for publicly visible type or member 'ProductSearchRequest.Validate()' [/home/redrocket/task-factory/workdir/aspnet-spa-template/AspNetSpaTemplate.csproj]
/home/redrocket/task-factory/workdir/aspnet-spa-template/DTOs/UpdateProductRequest.cs(111,22): warning CS1591: Missing XML comment for publicly visible type or member 'BulkProductRequest.ProductIds' [/home/redrocket/task-factory/workdir/aspnet-spa-template/AspNetSpaTemplate.csproj]
/home/redrocket/task-factory/workdir/aspnet-spa-template/DTOs/UpdateProductRequest.cs(112,26): warning CS1591: Missing XML comment for publicly visible type or member 'BulkProductRequest.Operation' [/home/redrocket/task-factory/workdir/aspnet-spa-template/AspNetSpaTemplate.csproj]
/home/redrocket/task-factory/workdir/aspnet-spa-template/DTOs/UpdateProductRequest.cs(113,40): warning CS1591: Missing XML comment for publicly visible type or member 'BulkProductRequest.UpdateValues' [/home/redrocket/task-factory/workdir/aspnet-spa-template/AspNetSpaTemplate.csproj]
/home/redrocket/task-factory/workdir/aspnet-spa-template/DTOs/UpdateProductRequest.cs(115,17): warning CS1591: Missing XML comment for publicly visible type or member 'BulkProductRequest.Validate()' [/home/redrocket/task-factory/workdir/aspnet-spa-template/AspNetSpaTemplate.csproj]
/home/redrocket/task-factory/workdir/aspnet-spa-template/DTOs/UpdateProductRequest.cs(125,13): warning CS1591: Missing XML comment for publicly visible type or member 'BulkOperation' [/home/redrocket/task-factory/workdir/aspnet-spa-template/AspNetSpaTemplate.csproj]
/home/redrocket/task-factory/workdir/aspnet-spa-template/DTOs/UpdateProductRequest.cs(127,5): warning CS1591: Missing XML comment for publicly visible type or member 'BulkOperation.SetAvailability' [/home/redrocket/task-factory/workdir/aspnet-spa-template/AspNetSpaTemplate.csproj]
/home/redrocket/task-factory/workdir/aspnet-spa-template/DTOs/UpdateProductRequest.cs(128,5): warning CS1591: Missing XML comment for publicly visible type or member 'BulkOperation.SetFeatured' [/home/redrocket/task-factory/workdir/aspnet-spa-template/AspNetSpaTemplate.csproj]
/home/redrocket/task-factory/workdir/aspnet-spa-template/DTOs/UpdateProductRequest.cs(129,5): warning CS1591: Missing XML comment for publicly visible type or member 'BulkOperation.UpdatePrice' [/home/redrocket/task-factory/workdir/aspnet-spa-template/AspNetSpaTemplate.csproj]
/home/redrocket/task-factory/workdir/aspnet-spa-template/DTOs/UpdateProductRequest.cs(130,5): warning CS1591: Missing XML comment for publicly visible type or member 'BulkOperation.UpdateCategory' [/home/redrocket/task-factory/workdir/aspnet-spa-template/AspNetSpaTemplate.csproj]
/home/redrocket/task-factory/workdir/aspnet-spa-template/DTOs/UpdateProductRequest.cs(131,5): warning CS1591: Missing XML comment for publicly visible type or member 'BulkOperation.Delete' [/home/redrocket/task-factory/workdir/aspnet-spa-template/AspNetSpaTemplate.csproj]
/home/redrocket/task-factory/workdir/aspnet-spa-template/DTOs/UpdateProductRequest.cs(139,16): warning CS1591: Missing XML comment for publicly visible type or member 'ProductStatsResponse.TotalProducts' [/home/redrocket/task-factory/workdir/aspnet-spa-template/AspNetSpaTemplate.csproj]
/home/redrocket/task-factory/workdir/aspnet-spa-template/DTOs/UpdateProductRequest.cs(140,16): warning CS1591: Missing XML comment for publicly visible type or member 'ProductStatsResponse.AvailableProducts' [/home/redrocket/task-factory/workdir/aspnet-spa-template/AspNetSpaTemplate.csproj]
/home/redrocket/task-factory/workdir/aspnet-spa-template/DTOs/UpdateProductRequest.cs(141,16): warning CS1591: Missing XML comment for publicly visible type or member 'ProductStatsResponse.FeaturedProducts' [/home/redrocket/task-factory/workdir/aspnet-spa-template/AspNetSpaTemplate.csproj]
/home/redrocket/task-factory/workdir/aspnet-spa-template/DTOs/UpdateProductRequest.cs(142,16): warning CS1591: Missing XML comment for publicly visible type or member 'ProductStatsResponse.OutOfStockProducts' [/home/redrocket/task-factory/workdir/aspnet-spa-template/AspNetSpaTemplate.csproj]
/home/redrocket/task-factory/workdir/aspnet-spa-template/DTOs/UpdateProductRequest.cs(143,20): warning CS1591: Missing XML comment for publicly visible type or member 'ProductStatsResponse.AveragePrice' [/home/redrocket/task-factory/workdir/aspnet-spa-template/AspNetSpaTemplate.csproj]
/home/redrocket/task-factory/workdir/aspnet-spa-template/DTOs/UpdateProductRequest.cs(144,20): warning CS1591: Missing XML comment for publicly visible type or member 'ProductStatsResponse.AverageRating' [/home/redrocket/task-factory/workdir/aspnet-spa-template/AspNetSpaTemplate.csproj]
/home/redrocket/task-factory/workdir/aspnet-spa-template/DTOs/UpdateProductRequest.cs(145,36): warning CS1591: Missing XML comment for publicly visible type or member 'ProductStatsResponse.ProductsByCategory' [/home/redrocket/task-factory/workdir/aspnet-spa-template/AspNetSpaTemplate.csproj]
/home/redrocket/task-factory/workdir/aspnet-spa-template/DTOs/UpdateProductRequest.cs(146,21): warning CS1591: Missing XML comment for publicly visible type or member 'ProductStatsResponse.GeneratedAt' [/home/redrocket/task-factory/workdir/aspnet-spa-template/AspNetSpaTemplate.csproj]
/home/redrocket/task-factory/workdir/aspnet-spa-template/Events/EventBusImplementation.cs(20,12): warning CS1591: Missing XML comment for publicly visible type or member 'EventBusImplementation.EventBusImplementation(ILogger<EventBusImplementation>)' [/home/redrocket/task-factory/workdir/aspnet-spa-template/AspNetSpaTemplate.csproj]
/home/redrocket/task-factory/workdir/aspnet-spa-template/Events/EventBusImplementation.cs(25,17): warning CS1591: Missing XML comment for publicly visible type or member 'EventBusImplementation.Subscribe<TEvent>(Func<TEvent, Task>)' [/home/redrocket/task-factory/workdir/aspnet-spa-template/AspNetSpaTemplate.csproj]
/home/redrocket/task-factory/workdir/aspnet-spa-template/Events/EventBusImplementation.cs(41,17): warning CS1591: Missing XML comment for publicly visible type or member 'EventBusImplementation.Unsubscribe<TEvent>(Func<TEvent, Task>)' [/home/redrocket/task-factory/workdir/aspnet-spa-template/AspNetSpaTemplate.csproj]
/home/redrocket/task-factory/workdir/aspnet-spa-template/Events/EventBusImplementation.cs(55,23): warning CS1591: Missing XML comment for publicly visible type or member 'EventBusImplementation.PublishAsync<TEvent>(TEvent)' [/home/redrocket/task-factory/workdir/aspnet-spa-template/AspNetSpaTemplate.csproj]
/home/redrocket/task-factory/workdir/aspnet-spa-template/Events/EventBusImplementation.cs(92,23): warning CS1591: Missing XML comment for publicly visible type or member 'EventBusImplementation.PublishManyAsync<TEvent>(IEnumerable<TEvent>)' [/home/redrocket/task-factory/workdir/aspnet-spa-template/AspNetSpaTemplate.csproj]
/home/redrocket/task-factory/workdir/aspnet-spa-template/Events/EventHandlers.cs(23,12): warning CS1591: Missing XML comment for publicly visible type or member 'DomainEventHandlers.DomainEventHandlers(ICacheService, NotificationService, ILogger<DomainEventHandlers>)' [/home/redrocket/task-factory/workdir/aspnet-spa-template/AspNetSpaTemplate.csproj]
/home/redrocket/task-factory/workdir/aspnet-spa-template/Events/EventHandlers.cs(202,24): warning CS1591: Missing XML comment for publicly visible type or member 'EventHandlerExtensions.RegisterEventHandlers(IServiceCollection, IEventBus)' [/home/redrocket/task-factory/workdir/aspnet-spa-template/AspNetSpaTemplate.csproj]
/home/redrocket/task-factory/workdir/aspnet-spa-template/Events/IEventBus.cs(46,19): warning CS1591: Missing XML comment for publicly visible type or member 'DomainEvent.EventId' [/home/redrocket/task-factory/workdir/aspnet-spa-template/AspNetSpaTemplate.csproj]
/home/redrocket/task-factory/workdir/aspnet-spa-template/Events/IEventBus.cs(47,21): warning CS1591: Missing XML comment for publicly visible type or member 'DomainEvent.OccurredAt' [/home/redrocket/task-factory/workdir/aspnet-spa-template/AspNetSpaTemplate.csproj]
/home/redrocket/task-factory/workdir/aspnet-spa-template/Events/IEventBus.cs(48,17): warning CS1591: Missing XML comment for publicly visible type or member 'DomainEvent.AggregateId' [/home/redrocket/task-factory/workdir/aspnet-spa-template/AspNetSpaTemplate.csproj]
/home/redrocket/task-factory/workdir/aspnet-spa-template/Events/IEventBus.cs(49,19): warning CS1591: Missing XML comment for publicly visible type or member 'DomainEvent.AggregateType' [/home/redrocket/task-factory/workdir/aspnet-spa-template/AspNetSpaTemplate.csproj]
/home/redrocket/task-factory/workdir/aspnet-spa-template/Events/IEventBus.cs(62,16): warning CS1591: Missing XML comment for publicly visible type or member 'ProductCreatedEvent.ProductId' [/home/redrocket/task-factory/workdir/aspnet-spa-template/AspNetSpaTemplate.csproj]
/home/redrocket/task-factory/workdir/aspnet-spa-template/Events/IEventBus.cs(63,19): warning CS1591: Missing XML comment for publicly visible type or member 'ProductCreatedEvent.ProductName' [/home/redrocket/task-factory/workdir/aspnet-spa-template/AspNetSpaTemplate.csproj]
/home/redrocket/task-factory/workdir/aspnet-spa-template/Events/IEventBus.cs(64,20): warning CS1591: Missing XML comment for publicly visible type or member 'ProductCreatedEvent.Price' [/home/redrocket/task-factory/workdir/aspnet-spa-template/AspNetSpaTemplate.csproj]
/home/redrocket/task-factory/workdir/aspnet-spa-template/Events/IEventBus.cs(72,16): warning CS1591: Missing XML comment for publicly visible type or member 'ProductUpdatedEvent.ProductId' [/home/redrocket/task-factory/workdir/aspnet-spa-template/AspNetSpaTemplate.csproj]
/home/redrocket/task-factory/workdir/aspnet-spa-template/Events/IEventBus.cs(73,19): warning CS1591: Missing XML comment for publicly visible type or member 'ProductUpdatedEvent.ProductName' [/home/redrocket/task-factory/workdir/aspnet-spa-template/AspNetSpaTemplate.csproj]
/home/redrocket/task-factory/workdir/aspnet-spa-template/Events/IEventBus.cs(74,20): warning CS1591: Missing XML comment for publicly visible type or member 'ProductUpdatedEvent.Price' [/home/redrocket/task-factory/workdir/aspnet-spa-template/AspNetSpaTemplate.csproj]
/home/redrocket/task-factory/workdir/aspnet-spa-template/Events/IEventBus.cs(82,16): warning CS1591: Missing XML comment for publicly visible type or member 'ProductDeletedEvent.ProductId' [/home/redrocket/task-factory/workdir/aspnet-spa-template/AspNetSpaTemplate.csproj]
/home/redrocket/task-factory/workdir/aspnet-spa-template/Events/IEventBus.cs(83,19): warning CS1591: Missing XML comment for publicly visible type or member 'ProductDeletedEvent.ProductName' [/home/redrocket/task-factory/workdir/aspnet-spa-template/AspNetSpaTemplate.csproj]
/home/redrocket/task-factory/workdir/aspnet-spa-template/Events/IEventBus.cs(91,16): warning CS1591: Missing XML comment for publicly visible type or member 'OrderPlacedEvent.OrderId' [/home/redrocket/task-factory/workdir/aspnet-spa-template/AspNetSpaTemplate.csproj]
/home/redrocket/task-factory/workdir/aspnet-spa-template/Events/IEventBus.cs(92,16): warning CS1591: Missing XML comment for publicly visible type or member 'OrderPlacedEvent.UserId' [/home/redrocket/task-factory/workdir/aspnet-spa-template/AspNetSpaTemplate.csproj]
/home/redrocket/task-factory/workdir/aspnet-spa-template/Events/IEventBus.cs(93,20): warning CS1591: Missing XML comment for publicly visible type or member 'OrderPlacedEvent.TotalAmount' [/home/redrocket/task-factory/workdir/aspnet-spa-template/AspNetSpaTemplate.csproj]
/home/redrocket/task-factory/workdir/aspnet-spa-template/Events/IEventBus.cs(94,16): warning CS1591: Missing XML comment for publicly visible type or member 'OrderPlacedEvent.ItemCount' [/home/redrocket/task-factory/workdir/aspnet-spa-template/AspNetSpaTemplate.csproj]
/home/redrocket/task-factory/workdir/aspnet-spa-template/Events/IEventBus.cs(102,16): warning CS1591: Missing XML comment for publicly visible type or member 'OrderCompletedEvent.OrderId' [/home/redrocket/task-factory/workdir/aspnet-spa-template/AspNetSpaTemplate.csproj]
/home/redrocket/task-factory/workdir/aspnet-spa-template/Events/IEventBus.cs(103,16): warning CS1591: Missing XML comment for publicly visible type or member 'OrderCompletedEvent.UserId' [/home/redrocket/task-factory/workdir/aspnet-spa-template/AspNetSpaTemplate.csproj]
/home/redrocket/task-factory/workdir/aspnet-spa-template/Events/IEventBus.cs(104,21): warning CS1591: Missing XML comment for publicly visible type or member 'OrderCompletedEvent.CompletedAt' [/home/redrocket/task-factory/workdir/aspnet-spa-template/AspNetSpaTemplate.csproj]
/home/redrocket/task-factory/workdir/aspnet-spa-template/Events/IEventBus.cs(112,16): warning CS1591: Missing XML comment for publicly visible type or member 'OrderCancelledEvent.OrderId' [/home/redrocket/task-factory/workdir/aspnet-spa-template/AspNetSpaTemplate.csproj]
/home/redrocket/task-factory/workdir/aspnet-spa-template/Events/IEventBus.cs(113,16): warning CS1591: Missing XML comment for publicly visible type or member 'OrderCancelledEvent.UserId' [/home/redrocket/task-factory/workdir/aspnet-spa-template/AspNetSpaTemplate.csproj]
/home/redrocket/task-factory/workdir/aspnet-spa-template/Events/IEventBus.cs(114,19): warning CS1591: Missing XML comment for publicly visible type or member 'OrderCancelledEvent.Reason' [/home/redrocket/task-factory/workdir/aspnet-spa-template/AspNetSpaTemplate.csproj]
/home/redrocket/task-factory/workdir/aspnet-spa-template/Events/IEventBus.cs(122,16): warning CS1591: Missing XML comment for publicly visible type or member 'UserRegisteredEvent.UserId' [/home/redrocket/task-factory/workdir/aspnet-spa-template/AspNetSpaTemplate.csproj]
/home/redrocket/task-factory/workdir/aspnet-spa-template/Events/IEventBus.cs(123,19): warning CS1591: Missing XML comment for publicly visible type or member 'UserRegisteredEvent.Email' [/home/redrocket/task-factory/workdir/aspnet-spa-template/AspNetSpaTemplate.csproj]
/home/redrocket/task-factory/workdir/aspnet-spa-template/Events/IEventBus.cs(124,19): warning CS1591: Missing XML comment for publicly visible type or member 'UserRegisteredEvent.FullName' [/home/redrocket/task-factory/workdir/aspnet-spa-template/AspNetSpaTemplate.csproj]
/home/redrocket/task-factory/workdir/aspnet-spa-template/Events/IEventBus.cs(132,16): warning CS1591: Missing XML comment for publicly visible type or member 'ReviewSubmittedEvent.ReviewId' [/home/redrocket/task-factory/workdir/aspnet-spa-template/AspNetSpaTemplate.csproj]
/home/redrocket/task-factory/workdir/aspnet-spa-template/Events/IEventBus.cs(133,16): warning CS1591: Missing XML comment for publicly visible type or member 'ReviewSubmittedEvent.ProductId' [/home/redrocket/task-factory/workdir/aspnet-spa-template/AspNetSpaTemplate.csproj]
/home/redrocket/task-factory/workdir/aspnet-spa-template/Events/IEventBus.cs(134,16): warning CS1591: Missing XML comment for publicly visible type or member 'ReviewSubmittedEvent.UserId' [/home/redrocket/task-factory/workdir/aspnet-spa-template/AspNetSpaTemplate.csproj]
/home/redrocket/task-factory/workdir/aspnet-spa-template/Events/IEventBus.cs(135,16): warning CS1591: Missing XML comment for publicly visible type or member 'ReviewSubmittedEvent.Rating' [/home/redrocket/task-factory/workdir/aspnet-spa-template/AspNetSpaTemplate.csproj]
/home/redrocket/task-factory/workdir/aspnet-spa-template/Events/IEventBus.cs(136,19): warning CS1591: Missing XML comment for publicly visible type or member 'ReviewSubmittedEvent.Comment' [/home/redrocket/task-factory/workdir/aspnet-spa-template/AspNetSpaTemplate.csproj]
/home/redrocket/task-factory/workdir/aspnet-spa-template/Events/IEventBus.cs(144,19): warning CS1591: Missing XML comment for publicly visible type or member 'CustomEvent.EventName' [/home/redrocket/task-factory/workdir/aspnet-spa-template/AspNetSpaTemplate.csproj]
/home/redrocket/task-factory/workdir/aspnet-spa-template/Events/IEventBus.cs(145,39): warning CS1591: Missing XML comment for publicly visible type or member 'CustomEvent.Data' [/home/redrocket/task-factory/workdir/aspnet-spa-template/AspNetSpaTemplate.csproj]
/home/redrocket/task-factory/workdir/aspnet-spa-template/Exceptions/BusinessException.cs(14,20): warning CS1591: Missing XML comment for publicly visible type or member 'BusinessException.ErrorCode' [/home/redrocket/task-factory/workdir/aspnet-spa-template/AspNetSpaTemplate.csproj]
/home/redrocket/task-factory/workdir/aspnet-spa-template/Exceptions/BusinessException.cs(15,16): warning CS1591: Missing XML comment for publicly visible type or member 'BusinessException.HttpStatusCode' [/home/redrocket/task-factory/workdir/aspnet-spa-template/AspNetSpaTemplate.csproj]
/home/redrocket/task-factory/workdir/aspnet-spa-template/Exceptions/BusinessException.cs(17,12): warning CS1591: Missing XML comment for publicly visible type or member 'BusinessException.BusinessException(string)' [/home/redrocket/task-factory/workdir/aspnet-spa-template/AspNetSpaTemplate.csproj]
/home/redrocket/task-factory/workdir/aspnet-spa-template/Exceptions/BusinessException.cs(19,12): warning CS1591: Missing XML comment for publicly visible type or member 'BusinessException.BusinessException(string, string)' [/home/redrocket/task-factory/workdir/aspnet-spa-template/AspNetSpaTemplate.csproj]
/home/redrocket/task-factory/workdir/aspnet-spa-template/Exceptions/BusinessException.cs(25,12): warning CS1591: Missing XML comment for publicly visible type or member 'BusinessException.BusinessException(string, string, int)' [/home/redrocket/task-factory/workdir/aspnet-spa-template/AspNetSpaTemplate.csproj]
/home/redrocket/task-factory/workdir/aspnet-spa-template/Exceptions/BusinessException.cs(32,12): warning CS1591: Missing XML comment for publicly visible type or member 'BusinessException.BusinessException(string, Exception)' [/home/redrocket/task-factory/workdir/aspnet-spa-template/AspNetSpaTemplate.csproj]
/home/redrocket/task-factory/workdir/aspnet-spa-template/Exceptions/NotFoundException.cs(14,20): warning CS1591: Missing XML comment for publicly visible type or member 'NotFoundException.ResourceType' [/home/redrocket/task-factory/workdir/aspnet-spa-template/AspNetSpaTemplate.csproj]
/home/redrocket/task-factory/workdir/aspnet-spa-template/Exceptions/NotFoundException.cs(15,20): warning CS1591: Missing XML comment for publicly visible type or member 'NotFoundException.ResourceId' [/home/redrocket/task-factory/workdir/aspnet-spa-template/AspNetSpaTemplate.csproj]
/home/redrocket/task-factory/workdir/aspnet-spa-template/Exceptions/NotFoundException.cs(17,12): warning CS1591: Missing XML comment for publicly visible type or member 'NotFoundException.NotFoundException(string)' [/home/redrocket/task-factory/workdir/aspnet-spa-template/AspNetSpaTemplate.csproj]
/home/redrocket/task-factory/workdir/aspnet-spa-template/Exceptions/NotFoundException.cs(19,12): warning CS1591: Missing XML comment for publicly visible type or member 'NotFoundException.NotFoundException(string, object)' [/home/redrocket/task-factory/workdir/aspnet-spa-template/AspNetSpaTemplate.csproj]
/home/redrocket/task-factory/workdir/aspnet-spa-template/Exceptions/NotFoundException.cs(26,12): warning CS1591: Missing XML comment for publicly visible type or member 'NotFoundException.NotFoundException(string, Exception)' [/home/redrocket/task-factory/workdir/aspnet-spa-template/AspNetSpaTemplate.csproj]
/home/redrocket/task-factory/workdir/aspnet-spa-template/Exceptions/ValidationException.cs(14,45): warning CS1591: Missing XML comment for publicly visible type or member 'ValidationException.Errors' [/home/redrocket/task-factory/workdir/aspnet-spa-template/AspNetSpaTemplate.csproj]
/home/redrocket/task-factory/workdir/aspnet-spa-template/Exceptions/ValidationException.cs(22,12): warning CS1591: Missing XML comment for publicly visible type or member 'ValidationException.ValidationException(string)' [/home/redrocket/task-factory/workdir/aspnet-spa-template/AspNetSpaTemplate.csproj]
/home/redrocket/task-factory/workdir/aspnet-spa-template/Exceptions/ValidationException.cs(27,12): warning CS1591: Missing XML comment for publicly visible type or member 'ValidationException.ValidationException(Dictionary<string, List<string>>)' [/home/redrocket/task-factory/workdir/aspnet-spa-template/AspNetSpaTemplate.csproj]
/home/redrocket/task-factory/workdir/aspnet-spa-template/Exceptions/ValidationException.cs(33,12): warning CS1591: Missing XML comment for publicly visible type or member 'ValidationException.ValidationException(string, string)' [/home/redrocket/task-factory/workdir/aspnet-spa-template/AspNetSpaTemplate.csproj]
/home/redrocket/task-factory/workdir/aspnet-spa-template/Exceptions/ValidationException.cs(42,17): warning CS1591: Missing XML comment for publicly visible type or member 'ValidationException.AddError(string, string)' [/home/redrocket/task-factory/workdir/aspnet-spa-template/AspNetSpaTemplate.csproj]
/home/redrocket/task-factory/workdir/aspnet-spa-template/Formatters/CsvFormatter.cs(163,17): warning CS1591: Missing XML comment for publicly visible type or member 'CsvExportOptions.IncludeHeader' [/home/redrocket/task-factory/workdir/aspnet-spa-template/AspNetSpaTemplate.csproj]
/home/redrocket/task-factory/workdir/aspnet-spa-template/Formatters/CsvFormatter.cs(164,19): warning CS1591: Missing XML comment for publicly visible type or member 'CsvExportOptions.Delimiter' [/home/redrocket/task-factory/workdir/aspnet-spa-template/AspNetSpaTemplate.csproj]
/home/redrocket/task-factory/workdir/aspnet-spa-template/Formatters/CsvFormatter.cs(165,20): warning CS1591: Missing XML comment for publicly visible type or member 'CsvExportOptions.DateFormat' [/home/redrocket/task-factory/workdir/aspnet-spa-template/AspNetSpaTemplate.csproj]
/home/redrocket/task-factory/workdir/aspnet-spa-template/Formatters/CsvFormatter.cs(166,20): warning CS1591: Missing XML comment for publicly visible type or member 'CsvExportOptions.CurrencyFormat' [/home/redrocket/task-factory/workdir/aspnet-spa-template/AspNetSpaTemplate.csproj]
/home/redrocket/task-factory/workdir/aspnet-spa-template/Formatters/CsvFormatter.cs(167,26): warning CS1591: Missing XML comment for publicly visible type or member 'CsvExportOptions.ColumnsToInclude' [/home/redrocket/task-factory/workdir/aspnet-spa-template/AspNetSpaTemplate.csproj]
/home/redrocket/task-factory/workdir/aspnet-spa-template/Formatters/CsvFormatter.cs(168,26): warning CS1591: Missing XML comment for publicly visible type or member 'CsvExportOptions.ColumnsToExclude' [/home/redrocket/task-factory/workdir/aspnet-spa-template/AspNetSpaTemplate.csproj]
/home/redrocket/task-factory/workdir/aspnet-spa-template/Formatters/XmlFormatter.cs(164,17): warning CS1591: Missing XML comment for publicly visible type or member 'XmlExportOptions.Indent' [/home/redrocket/task-factory/workdir/aspnet-spa-template/AspNetSpaTemplate.csproj]
/home/redrocket/task-factory/workdir/aspnet-spa-template/Formatters/XmlFormatter.cs(165,17): warning CS1591: Missing XML comment for publicly visible type or member 'XmlExportOptions.OmitXmlDeclaration' [/home/redrocket/task-factory/workdir/aspnet-spa-template/AspNetSpaTemplate.csproj]
/home/redrocket/task-factory/workdir/aspnet-spa-template/Formatters/XmlFormatter.cs(166,19): warning CS1591: Missing XML comment for publicly visible type or member 'XmlExportOptions.IndentChars' [/home/redrocket/task-factory/workdir/aspnet-spa-template/AspNetSpaTemplate.csproj]
/home/redrocket/task-factory/workdir/aspnet-spa-template/Formatters/XmlFormatter.cs(167,19): warning CS1591: Missing XML comment for publicly visible type or member 'XmlExportOptions.RootElementName' [/home/redrocket/task-factory/workdir/aspnet-spa-template/AspNetSpaTemplate.csproj]
/home/redrocket/task-factory/workdir/aspnet-spa-template/Formatters/XmlFormatter.cs(168,19): warning CS1591: Missing XML comment for publicly visible type or member 'XmlExportOptions.ItemElementName' [/home/redrocket/task-factory/workdir/aspnet-spa-template/AspNetSpaTemplate.csproj]
/home/redrocket/task-factory/workdir/aspnet-spa-template/Formatters/XmlFormatter.cs(169,33): warning CS1591: Missing XML comment for publicly visible type or member 'XmlExportOptions.Encoding' [/home/redrocket/task-factory/workdir/aspnet-spa-template/AspNetSpaTemplate.csproj]
/home/redrocket/task-factory/workdir/aspnet-spa-template/Integration/ExternalApiClient.cs(24,9): warning CS1591: Missing XML comment for publicly visible type or member 'ExternalApiClient.ExternalApiClient(HttpClient, ILogger<ExternalApiClient>)' [/home/redrocket/task-factory/workdir/aspnet-spa-template/AspNetSpaTemplate.csproj]
/home/redrocket/task-factory/workdir/aspnet-spa-template/Integration/ExternalApiClient.cs(213,16): warning CS1591: Missing XML comment for publicly visible type or member 'ExternalApiConfig.BaseUrl' [/home/redrocket/task-factory/workdir/aspnet-spa-template/AspNetSpaTemplate.csproj]
/home/redrocket/task-factory/workdir/aspnet-spa-template/Integration/ExternalApiClient.cs(214,16): warning CS1591: Missing XML comment for publicly visible type or member 'ExternalApiConfig.ApiKey' [/home/redrocket/task-factory/workdir/aspnet-spa-template/AspNetSpaTemplate.csproj]
/home/redrocket/task-factory/workdir/aspnet-spa-template/Integration/ExternalApiClient.cs(215,18): warning CS1591: Missing XML comment for publicly visible type or member 'ExternalApiConfig.Timeout' [/home/redrocket/task-factory/workdir/aspnet-spa-template/AspNetSpaTemplate.csproj]
/home/redrocket/task-factory/workdir/aspnet-spa-template/Integration/ExternalApiClient.cs(216,13): warning CS1591: Missing XML comment for publicly visible type or member 'ExternalApiConfig.MaxRetries' [/home/redrocket/task-factory/workdir/aspnet-spa-template/AspNetSpaTemplate.csproj]
/home/redrocket/task-factory/workdir/aspnet-spa-template/Integration/ExternalApiClient.cs(217,14): warning CS1591: Missing XML comment for publicly visible type or member 'ExternalApiConfig.LogRequests' [/home/redrocket/task-factory/workdir/aspnet-spa-template/AspNetSpaTemplate.csproj]
/home/redrocket/task-factory/workdir/aspnet-spa-template/Integration/ExternalApiClient.cs(218,14): warning CS1591: Missing XML comment for publicly visible type or member 'ExternalApiConfig.LogResponses' [/home/redrocket/task-factory/workdir/aspnet-spa-template/AspNetSpaTemplate.csproj]
/home/redrocket/task-factory/workdir/aspnet-spa-template/Integration/IHttpClientFactory.cs(38,12): warning CS1591: Missing XML comment for publicly visible type or member 'DefaultHttpClientFactory.DefaultHttpClientFactory(ILogger<DefaultHttpClientFactory>)' [/home/redrocket/task-factory/workdir/aspnet-spa-template/AspNetSpaTemplate.csproj]
/home/redrocket/task-factory/workdir/aspnet-spa-template/Integration/IHttpClientFactory.cs(43,23): warning CS1591: Missing XML comment for publicly visible type or member 'DefaultHttpClientFactory.GetClient(string)' [/home/redrocket/task-factory/workdir/aspnet-spa-template/AspNetSpaTemplate.csproj]
/home/redrocket/task-factory/workdir/aspnet-spa-template/Integration/IHttpClientFactory.cs(48,23): warning CS1591: Missing XML comment for publicly visible type or member 'DefaultHttpClientFactory.GetClient(string, Action<HttpClient>)' [/home/redrocket/task-factory/workdir/aspnet-spa-template/AspNetSpaTemplate.csproj]
/home/redrocket/task-factory/workdir/aspnet-spa-template/Integration/NotificationService.cs(23,12): warning CS1591: Missing XML comment for publicly visible type or member 'NotificationService.NotificationService(ILogger<NotificationService>)' [/home/redrocket/task-factory/workdir/aspnet-spa-template/AspNetSpaTemplate.csproj]
/home/redrocket/task-factory/workdir/aspnet-spa-template/Integration/NotificationService.cs(175,29): warning CS1591: Missing XML comment for publicly visible type or member 'NotificationMessage.Type' [/home/redrocket/task-factory/workdir/aspnet-spa-template/AspNetSpaTemplate.csproj]
/home/redrocket/task-factory/workdir/aspnet-spa-template/Integration/NotificationService.cs(176,19): warning CS1591: Missing XML comment for publicly visible type or member 'NotificationMessage.Recipient' [/home/redrocket/task-factory/workdir/aspnet-spa-template/AspNetSpaTemplate.csproj]
/home/redrocket/task-factory/workdir/aspnet-spa-template/Integration/NotificationService.cs(177,17): warning CS1591: Missing XML comment for publicly visible type or member 'NotificationMessage.UserId' [/home/redrocket/task-factory/workdir/aspnet-spa-template/AspNetSpaTemplate.csproj]
/home/redrocket/task-factory/workdir/aspnet-spa-template/Integration/NotificationService.cs(178,19): warning CS1591: Missing XML comment for publicly visible type or member 'NotificationMessage.Subject' [/home/redrocket/task-factory/workdir/aspnet-spa-template/AspNetSpaTemplate.csproj]
/home/redrocket/task-factory/workdir/aspnet-spa-template/Integration/NotificationService.cs(179,19): warning CS1591: Missing XML comment for publicly visible type or member 'NotificationMessage.Body' [/home/redrocket/task-factory/workdir/aspnet-spa-template/AspNetSpaTemplate.csproj]
/home/redrocket/task-factory/workdir/aspnet-spa-template/Integration/NotificationService.cs(180,20): warning CS1591: Missing XML comment for publicly visible type or member 'NotificationMessage.Data' [/home/redrocket/task-factory/workdir/aspnet-spa-template/AspNetSpaTemplate.csproj]
/home/redrocket/task-factory/workdir/aspnet-spa-template/Integration/NotificationService.cs(181,21): warning CS1591: Missing XML comment for publicly visible type or member 'NotificationMessage.QueuedAt' [/home/redrocket/task-factory/workdir/aspnet-spa-template/AspNetSpaTemplate.csproj]
/home/redrocket/task-factory/workdir/aspnet-spa-template/Integration/NotificationService.cs(182,22): warning CS1591: Missing XML comment for publicly visible type or member 'NotificationMessage.SentAt' [/home/redrocket/task-factory/workdir/aspnet-spa-template/AspNetSpaTemplate.csproj]
/home/redrocket/task-factory/workdir/aspnet-spa-template/Integration/NotificationService.cs(183,17): warning CS1591: Missing XML comment for publicly visible type or member 'NotificationMessage.IsRetry' [/home/redrocket/task-factory/workdir/aspnet-spa-template/AspNetSpaTemplate.csproj]
/home/redrocket/task-factory/workdir/aspnet-spa-template/Integration/NotificationService.cs(186,13): warning CS1591: Missing XML comment for publicly visible type or member 'NotificationType' [/home/redrocket/task-factory/workdir/aspnet-spa-template/AspNetSpaTemplate.csproj]
/home/redrocket/task-factory/workdir/aspnet-spa-template/Integration/NotificationService.cs(188,5): warning CS1591: Missing XML comment for publicly visible type or member 'NotificationType.Email' [/home/redrocket/task-factory/workdir/aspnet-spa-template/AspNetSpaTemplate.csproj]
/home/redrocket/task-factory/workdir/aspnet-spa-template/Integration/NotificationService.cs(189,5): warning CS1591: Missing XML comment for publicly visible type or member 'NotificationType.Sms' [/home/redrocket/task-factory/workdir/aspnet-spa-template/AspNetSpaTemplate.csproj]
/home/redrocket/task-factory/workdir/aspnet-spa-template/Integration/NotificationService.cs(190,5): warning CS1591: Missing XML comment for publicly visible type or member 'NotificationType.Push' [/home/redrocket/task-factory/workdir/aspnet-spa-template/AspNetSpaTemplate.csproj]
/home/redrocket/task-factory/workdir/aspnet-spa-template/Integration/NotificationService.cs(191,5): warning CS1591: Missing XML comment for publicly visible type or member 'NotificationType.InApp' [/home/redrocket/task-factory/workdir/aspnet-spa-template/AspNetSpaTemplate.csproj]
/home/redrocket/task-factory/workdir/aspnet-spa-template/Integration/WebhookHandler.cs(25,9): warning CS1591: Missing XML comment for publicly visible type or member 'WebhookHandler.WebhookHandler(IEventBus, ILogger<WebhookHandler>)' [/home/redrocket/task-factory/workdir/aspnet-spa-template/AspNetSpaTemplate.csproj]
/home/redrocket/task-factory/workdir/aspnet-spa-template/Integration/WebhookHandler.cs(348,16): warning CS1591: Missing XML comment for publicly visible type or member 'WebhookRequest.Provider' [/home/redrocket/task-factory/workdir/aspnet-spa-template/AspNetSpaTemplate.csproj]
/home/redrocket/task-factory/workdir/aspnet-spa-template/Integration/WebhookHandler.cs(349,16): warning CS1591: Missing XML comment for publicly visible type or member 'WebhookRequest.Payload' [/home/redrocket/task-factory/workdir/aspnet-spa-template/AspNetSpaTemplate.csproj]
/home/redrocket/task-factory/workdir/aspnet-spa-template/Integration/WebhookHandler.cs(350,16): warning CS1591: Missing XML comment for publicly visible type or member 'WebhookRequest.Signature' [/home/redrocket/task-factory/workdir/aspnet-spa-template/AspNetSpaTemplate.csproj]
/home/redrocket/task-factory/workdir/aspnet-spa-template/Integration/WebhookHandler.cs(358,14): warning CS1591: Missing XML comment for publicly visible type or member 'WebhookResponse.Acknowledged' [/home/redrocket/task-factory/workdir/aspnet-spa-template/AspNetSpaTemplate.csproj]
/home/redrocket/task-factory/workdir/aspnet-spa-template/Integration/WebhookHandler.cs(359,17): warning CS1591: Missing XML comment for publicly visible type or member 'WebhookResponse.Message' [/home/redrocket/task-factory/workdir/aspnet-spa-template/AspNetSpaTemplate.csproj]
/home/redrocket/task-factory/workdir/aspnet-spa-template/Integration/WebhookHandler.cs(360,17): warning CS1591: Missing XML comment for publicly visible type or member 'WebhookResponse.ErrorCode' [/home/redrocket/task-factory/workdir/aspnet-spa-template/AspNetSpaTemplate.csproj]
/home/redrocket/task-factory/workdir/aspnet-spa-template/Middleware/AuthenticationMiddleware.cs(29,12): warning CS1591: Missing XML comment for publicly visible type or member 'AuthenticationMiddleware.AuthenticationMiddleware(RequestDelegate, ILogger<AuthenticationMiddleware>)' [/home/redrocket/task-factory/workdir/aspnet-spa-template/AspNetSpaTemplate.csproj]
/home/redrocket/task-factory/workdir/aspnet-spa-template/Middleware/AuthenticationMiddleware.cs(35,23): warning CS1591: Missing XML comment for publicly visible type or member 'AuthenticationMiddleware.InvokeAsync(HttpContext)' [/home/redrocket/task-factory/workdir/aspnet-spa-template/AspNetSpaTemplate.csproj]
/home/redrocket/task-factory/workdir/aspnet-spa-template/Middleware/CorrelationIdMiddleware.cs(22,12): warning CS1591: Missing XML comment for publicly visible type or member 'CorrelationIdMiddleware.CorrelationIdMiddleware(RequestDelegate, ILogger<CorrelationIdMiddleware>)' [/home/redrocket/task-factory/workdir/aspnet-spa-template/AspNetSpaTemplate.csproj]
/home/redrocket/task-factory/workdir/aspnet-spa-template/Middleware/CorrelationIdMiddleware.cs(28,23): warning CS1591: Missing XML comment for publicly visible type or member 'CorrelationIdMiddleware.InvokeAsync(HttpContext)' [/home/redrocket/task-factory/workdir/aspnet-spa-template/AspNetSpaTemplate.csproj]
/home/redrocket/task-factory/workdir/aspnet-spa-template/Middleware/CorrelationIdMiddleware.cs(112,19): warning CS1591: Missing XML comment for publicly visible type or member 'CorrelationContext.CorrelationId' [/home/redrocket/task-factory/workdir/aspnet-spa-template/AspNetSpaTemplate.csproj]
/home/redrocket/task-factory/workdir/aspnet-spa-template/Middleware/CorrelationIdMiddleware.cs(113,19): warning CS1591: Missing XML comment for publicly visible type or member 'CorrelationContext.ClientIp' [/home/redrocket/task-factory/workdir/aspnet-spa-template/AspNetSpaTemplate.csproj]
/home/redrocket/task-factory/workdir/aspnet-spa-template/Middleware/CorrelationIdMiddleware.cs(114,19): warning CS1591: Missing XML comment for publicly visible type or member 'CorrelationContext.UserAgent' [/home/redrocket/task-factory/workdir/aspnet-spa-template/AspNetSpaTemplate.csproj]
/home/redrocket/task-factory/workdir/aspnet-spa-template/Middleware/CorrelationIdMiddleware.cs(115,21): warning CS1591: Missing XML comment for publicly visible type or member 'CorrelationContext.Timestamp' [/home/redrocket/task-factory/workdir/aspnet-spa-template/AspNetSpaTemplate.csproj]
/home/redrocket/task-factory/workdir/aspnet-spa-template/Middleware/CorrelationIdMiddleware.cs(117,38): warning CS1591: Missing XML comment for publicly visible type or member 'CorrelationContext.FromHttpContext(HttpContext)' [/home/redrocket/task-factory/workdir/aspnet-spa-template/AspNetSpaTemplate.csproj]
/home/redrocket/task-factory/workdir/aspnet-spa-template/Middleware/ExceptionHandlingMiddleware.cs(21,12): warning CS1591: Missing XML comment for publicly visible type or member 'ExceptionHandlingMiddleware.ExceptionHandlingMiddleware(RequestDelegate, ILogger<ExceptionHandlingMiddleware>)' [/home/redrocket/task-factory/workdir/aspnet-spa-template/AspNetSpaTemplate.csproj]
/home/redrocket/task-factory/workdir/aspnet-spa-template/Middleware/ExceptionHandlingMiddleware.cs(27,23): warning CS1591: Missing XML comment for publicly visible type or member 'ExceptionHandlingMiddleware.InvokeAsync(HttpContext)' [/home/redrocket/task-factory/workdir/aspnet-spa-template/AspNetSpaTemplate.csproj]
/home/redrocket/task-factory/workdir/aspnet-spa-template/Middleware/LoggingMiddleware.cs(19,12): warning CS1591: Missing XML comment for publicly visible type or member 'LoggingMiddleware.LoggingMiddleware(RequestDelegate, ILogger<LoggingMiddleware>)' [/home/redrocket/task-factory/workdir/aspnet-spa-template/AspNetSpaTemplate.csproj]
/home/redrocket/task-factory/workdir/aspnet-spa-template/Middleware/LoggingMiddleware.cs(25,23): warning CS1591: Missing XML comment for publicly visible type or member 'LoggingMiddleware.InvokeAsync(HttpContext)' [/home/redrocket/task-factory/workdir/aspnet-spa-template/AspNetSpaTemplate.csproj]
/home/redrocket/task-factory/workdir/aspnet-spa-template/Middleware/RateLimitingMiddleware.cs(28,12): warning CS1591: Missing XML comment for publicly visible type or member 'RateLimitingMiddleware.RateLimitingMiddleware(RequestDelegate, ILogger<RateLimitingMiddleware>)' [/home/redrocket/task-factory/workdir/aspnet-spa-template/AspNetSpaTemplate.csproj]
/home/redrocket/task-factory/workdir/aspnet-spa-template/Middleware/RateLimitingMiddleware.cs(34,23): warning CS1591: Missing XML comment for publicly visible type or member 'RateLimitingMiddleware.InvokeAsync(HttpContext)' [/home/redrocket/task-factory/workdir/aspnet-spa-template/AspNetSpaTemplate.csproj]
/home/redrocket/task-factory/workdir/aspnet-spa-template/Middleware/RateLimitingMiddleware.cs(154,16): warning CS1591: Missing XML comment for publicly visible type or member 'RateLimitConfig.RequestsPerMinute' [/home/redrocket/task-factory/workdir/aspnet-spa-template/AspNetSpaTemplate.csproj]
/home/redrocket/task-factory/workdir/aspnet-spa-template/Middleware/RateLimitingMiddleware.cs(155,16): warning CS1591: Missing XML comment for publicly visible type or member 'RateLimitConfig.RequestsPerHour' [/home/redrocket/task-factory/workdir/aspnet-spa-template/AspNetSpaTemplate.csproj]
/home/redrocket/task-factory/workdir/aspnet-spa-template/Middleware/RateLimitingMiddleware.cs(156,25): warning CS1591: Missing XML comment for publicly visible type or member 'RateLimitConfig.ExemptPaths' [/home/redrocket/task-factory/workdir/aspnet-spa-template/AspNetSpaTemplate.csproj]
/home/redrocket/task-factory/workdir/aspnet-spa-template/Middleware/RateLimitingMiddleware.cs(157,17): warning CS1591: Missing XML comment for publicly visible type or member 'RateLimitConfig.EnableByIpAddress' [/home/redrocket/task-factory/workdir/aspnet-spa-template/AspNetSpaTemplate.csproj]
/home/redrocket/task-factory/workdir/aspnet-spa-template/Middleware/RateLimitingMiddleware.cs(158,17): warning CS1591: Missing XML comment for publicly visible type or member 'RateLimitConfig.EnableByApiKey' [/home/redrocket/task-factory/workdir/aspnet-spa-template/AspNetSpaTemplate.csproj]
/home/redrocket/task-factory/workdir/aspnet-spa-template/Middleware/RequestResponseLoggingMiddleware.cs(19,25): warning CS1591: Missing XML comment for publicly visible type or member 'LoggingMiddlewareOptions.SectionName' [/home/redrocket/task-factory/workdir/aspnet-spa-template/AspNetSpaTemplate.csproj]
/home/redrocket/task-factory/workdir/aspnet-spa-template/Middleware/RequestResponseLoggingMiddleware.cs(32,17): warning CS1591: Missing XML comment for publicly visible type or member 'LoggingMiddlewareOptions.LogRequestHeaders' [/home/redrocket/task-factory/workdir/aspnet-spa-template/AspNetSpaTemplate.csproj]
/home/redrocket/task-factory/workdir/aspnet-spa-template/Middleware/RequestResponseLoggingMiddleware.cs(33,17): warning CS1591: Missing XML comment for publicly visible type or member 'LoggingMiddlewareOptions.LogResponseHeaders' [/home/redrocket/task-factory/workdir/aspnet-spa-template/AspNetSpaTemplate.csproj]
/home/redrocket/task-factory/workdir/aspnet-spa-template/Middleware/RequestResponseLoggingMiddleware.cs(34,17): warning CS1591: Missing XML comment for publicly visible type or member 'LoggingMiddlewareOptions.LogRequestBody' [/home/redrocket/task-factory/workdir/aspnet-spa-template/AspNetSpaTemplate.csproj]
/home/redrocket/task-factory/workdir/aspnet-spa-template/Middleware/RequestResponseLoggingMiddleware.cs(35,17): warning CS1591: Missing XML comment for publicly visible type or member 'LoggingMiddlewareOptions.LogResponseBody' [/home/redrocket/task-factory/workdir/aspnet-spa-template/AspNetSpaTemplate.csproj]
/home/redrocket/task-factory/workdir/aspnet-spa-template/Middleware/RequestResponseLoggingMiddleware.cs(36,16): warning CS1591: Missing XML comment for publicly visible type or member 'LoggingMiddlewareOptions.SlowRequestThresholdMs' [/home/redrocket/task-factory/workdir/aspnet-spa-template/AspNetSpaTemplate.csproj]
/home/redrocket/task-factory/workdir/aspnet-spa-template/Middleware/RequestResponseLoggingMiddleware.cs(37,25): warning CS1591: Missing XML comment for publicly visible type or member 'LoggingMiddlewareOptions.ExcludedPaths' [/home/redrocket/task-factory/workdir/aspnet-spa-template/AspNetSpaTemplate.csproj]
/home/redrocket/task-factory/workdir/aspnet-spa-template/Middleware/RequestResponseLoggingMiddleware.cs(64,12): warning CS1591: Missing XML comment for publicly visible type or member 'RequestResponseLoggingMiddleware.RequestResponseLoggingMiddleware(RequestDelegate, ILogger<RequestResponseLoggingMiddleware>, IOptions<LoggingMiddlewareOptions>)' [/home/redrocket/task-factory/workdir/aspnet-spa-template/AspNetSpaTemplate.csproj]
/home/redrocket/task-factory/workdir/aspnet-spa-template/Middleware/RequestResponseLoggingMiddleware.cs(74,23): warning CS1591: Missing XML comment for publicly visible type or member 'RequestResponseLoggingMiddleware.InvokeAsync(HttpContext)' [/home/redrocket/task-factory/workdir/aspnet-spa-template/AspNetSpaTemplate.csproj]
/home/redrocket/task-factory/workdir/aspnet-spa-template/Models/Order.cs(16,16): warning CS1591: Missing XML comment for publicly visible type or member 'Order.Id' [/home/redrocket/task-factory/workdir/aspnet-spa-template/AspNetSpaTemplate.csproj]
/home/redrocket/task-factory/workdir/aspnet-spa-template/Models/Order.cs(17,16): warning CS1591: Missing XML comment for publicly visible type or member 'Order.UserId' [/home/redrocket/task-factory/workdir/aspnet-spa-template/AspNetSpaTemplate.csproj]
/home/redrocket/task-factory/workdir/aspnet-spa-template/Models/Order.cs(18,19): warning CS1591: Missing XML comment for publicly visible type or member 'Order.OrderNumber' [/home/redrocket/task-factory/workdir/aspnet-spa-template/AspNetSpaTemplate.csproj]
/home/redrocket/task-factory/workdir/aspnet-spa-template/Models/Order.cs(19,24): warning CS1591: Missing XML comment for publicly visible type or member 'Order.Status' [/home/redrocket/task-factory/workdir/aspnet-spa-template/AspNetSpaTemplate.csproj]
/home/redrocket/task-factory/workdir/aspnet-spa-template/Models/Order.cs(20,20): warning CS1591: Missing XML comment for publicly visible type or member 'Order.SubTotal' [/home/redrocket/task-factory/workdir/aspnet-spa-template/AspNetSpaTemplate.csproj]
/home/redrocket/task-factory/workdir/aspnet-spa-template/Models/Order.cs(21,20): warning CS1591: Missing XML comment for publicly visible type or member 'Order.TaxAmount' [/home/redrocket/task-factory/workdir/aspnet-spa-template/AspNetSpaTemplate.csproj]
/home/redrocket/task-factory/workdir/aspnet-spa-template/Models/Order.cs(22,20): warning CS1591: Missing XML comment for publicly visible type or member 'Order.ShippingCost' [/home/redrocket/task-factory/workdir/aspnet-spa-template/AspNetSpaTemplate.csproj]
/home/redrocket/task-factory/workdir/aspnet-spa-template/Models/Order.cs(23,20): warning CS1591: Missing XML comment for publicly visible type or member 'Order.Discount' [/home/redrocket/task-factory/workdir/aspnet-spa-template/AspNetSpaTemplate.csproj]
/home/redrocket/task-factory/workdir/aspnet-spa-template/Models/Order.cs(24,20): warning CS1591: Missing XML comment for publicly visible type or member 'Order.Total' [/home/redrocket/task-factory/workdir/aspnet-spa-template/AspNetSpaTemplate.csproj]
/home/redrocket/task-factory/workdir/aspnet-spa-template/Models/Order.cs(25,20): warning CS1591: Missing XML comment for publicly visible type or member 'Order.ShippingAddress' [/home/redrocket/task-factory/workdir/aspnet-spa-template/AspNetSpaTemplate.csproj]
/home/redrocket/task-factory/workdir/aspnet-spa-template/Models/Order.cs(26,20): warning CS1591: Missing XML comment for publicly visible type or member 'Order.BillingAddress' [/home/redrocket/task-factory/workdir/aspnet-spa-template/AspNetSpaTemplate.csproj]
/home/redrocket/task-factory/workdir/aspnet-spa-template/Models/Order.cs(27,20): warning CS1591: Missing XML comment for publicly visible type or member 'Order.Notes' [/home/redrocket/task-factory/workdir/aspnet-spa-template/AspNetSpaTemplate.csproj]
/home/redrocket/task-factory/workdir/aspnet-spa-template/Models/Order.cs(28,21): warning CS1591: Missing XML comment for publicly visible type or member 'Order.OrderedAt' [/home/redrocket/task-factory/workdir/aspnet-spa-template/AspNetSpaTemplate.csproj]
/home/redrocket/task-factory/workdir/aspnet-spa-template/Models/Order.cs(29,22): warning CS1591: Missing XML comment for publicly visible type or member 'Order.ShippedAt' [/home/redrocket/task-factory/workdir/aspnet-spa-template/AspNetSpaTemplate.csproj]
/home/redrocket/task-factory/workdir/aspnet-spa-template/Models/Order.cs(30,22): warning CS1591: Missing XML comment for publicly visible type or member 'Order.DeliveredAt' [/home/redrocket/task-factory/workdir/aspnet-spa-template/AspNetSpaTemplate.csproj]
/home/redrocket/task-factory/workdir/aspnet-spa-template/Models/Order.cs(31,22): warning CS1591: Missing XML comment for publicly visible type or member 'Order.CancelledAt' [/home/redrocket/task-factory/workdir/aspnet-spa-template/AspNetSpaTemplate.csproj]
/home/redrocket/task-factory/workdir/aspnet-spa-template/Models/Order.cs(34,18): warning CS1591: Missing XML comment for publicly visible type or member 'Order.User' [/home/redrocket/task-factory/workdir/aspnet-spa-template/AspNetSpaTemplate.csproj]
/home/redrocket/task-factory/workdir/aspnet-spa-template/Models/Order.cs(35,36): warning CS1591: Missing XML comment for publicly visible type or member 'Order.Items' [/home/redrocket/task-factory/workdir/aspnet-spa-template/AspNetSpaTemplate.csproj]
/home/redrocket/task-factory/workdir/aspnet-spa-template/Models/Order.cs(37,16): warning CS1591: Missing XML comment for publicly visible type or member 'Order.GetTotalItems()' [/home/redrocket/task-factory/workdir/aspnet-spa-template/AspNetSpaTemplate.csproj]
/home/redrocket/task-factory/workdir/aspnet-spa-template/Models/Order.cs(39,17): warning CS1591: Missing XML comment for publicly visible type or member 'Order.CanBeCancelled()' [/home/redrocket/task-factory/workdir/aspnet-spa-template/AspNetSpaTemplate.csproj]
/home/redrocket/task-factory/workdir/aspnet-spa-template/Models/Order.cs(41,17): warning CS1591: Missing XML comment for publicly visible type or member 'Order.CanBeProcessed()' [/home/redrocket/task-factory/workdir/aspnet-spa-template/AspNetSpaTemplate.csproj]
/home/redrocket/task-factory/workdir/aspnet-spa-template/Models/Order.cs(43,17): warning CS1591: Missing XML comment for publicly visible type or member 'Order.Cancel(string?)' [/home/redrocket/task-factory/workdir/aspnet-spa-template/AspNetSpaTemplate.csproj]
/home/redrocket/task-factory/workdir/aspnet-spa-template/Models/Order.cs(52,17): warning CS1591: Missing XML comment for publicly visible type or member 'Order.MarkAsProcessing()' [/home/redrocket/task-factory/workdir/aspnet-spa-template/AspNetSpaTemplate.csproj]
/home/redrocket/task-factory/workdir/aspnet-spa-template/Models/Order.cs(60,17): warning CS1591: Missing XML comment for publicly visible type or member 'Order.MarkAsShipped(string)' [/home/redrocket/task-factory/workdir/aspnet-spa-template/AspNetSpaTemplate.csproj]
/home/redrocket/task-factory/workdir/aspnet-spa-template/Models/Order.cs(69,17): warning CS1591: Missing XML comment for publicly visible type or member 'Order.MarkAsDelivered()' [/home/redrocket/task-factory/workdir/aspnet-spa-template/AspNetSpaTemplate.csproj]
/home/redrocket/task-factory/workdir/aspnet-spa-template/Models/Order.cs(78,17): warning CS1591: Missing XML comment for publicly visible type or member 'Order.ApplyDiscount(decimal)' [/home/redrocket/task-factory/workdir/aspnet-spa-template/AspNetSpaTemplate.csproj]
/home/redrocket/task-factory/workdir/aspnet-spa-template/Models/Order.cs(87,17): warning CS1591: Missing XML comment for publicly visible type or member 'Order.RecalculateTotal()' [/home/redrocket/task-factory/workdir/aspnet-spa-template/AspNetSpaTemplate.csproj]
/home/redrocket/task-factory/workdir/aspnet-spa-template/Models/Order.cs(94,17): warning CS1591: Missing XML comment for publicly visible type or member 'Order.IsRecent(int)' [/home/redrocket/task-factory/workdir/aspnet-spa-template/AspNetSpaTemplate.csproj]
/home/redrocket/task-factory/workdir/aspnet-spa-template/Models/OrderItem.cs(14,16): warning CS1591: Missing XML comment for publicly visible type or member 'OrderItem.Id' [/home/redrocket/task-factory/workdir/aspnet-spa-template/AspNetSpaTemplate.csproj]
/home/redrocket/task-factory/workdir/aspnet-spa-template/Models/OrderItem.cs(15,16): warning CS1591: Missing XML comment for publicly visible type or member 'OrderItem.OrderId' [/home/redrocket/task-factory/workdir/aspnet-spa-template/AspNetSpaTemplate.csproj]
/home/redrocket/task-factory/workdir/aspnet-spa-template/Models/OrderItem.cs(16,16): warning CS1591: Missing XML comment for publicly visible type or member 'OrderItem.ProductId' [/home/redrocket/task-factory/workdir/aspnet-spa-template/AspNetSpaTemplate.csproj]
/home/redrocket/task-factory/workdir/aspnet-spa-template/Models/OrderItem.cs(17,16): warning CS1591: Missing XML comment for publicly visible type or member 'OrderItem.Quantity' [/home/redrocket/task-factory/workdir/aspnet-spa-template/AspNetSpaTemplate.csproj]
/home/redrocket/task-factory/workdir/aspnet-spa-template/Models/OrderItem.cs(18,20): warning CS1591: Missing XML comment for publicly visible type or member 'OrderItem.UnitPrice' [/home/redrocket/task-factory/workdir/aspnet-spa-template/AspNetSpaTemplate.csproj]
/home/redrocket/task-factory/workdir/aspnet-spa-template/Models/OrderItem.cs(19,20): warning CS1591: Missing XML comment for publicly visible type or member 'OrderItem.TaxAmount' [/home/redrocket/task-factory/workdir/aspnet-spa-template/AspNetSpaTemplate.csproj]
/home/redrocket/task-factory/workdir/aspnet-spa-template/Models/OrderItem.cs(20,20): warning CS1591: Missing XML comment for publicly visible type or member 'OrderItem.Discount' [/home/redrocket/task-factory/workdir/aspnet-spa-template/AspNetSpaTemplate.csproj]
/home/redrocket/task-factory/workdir/aspnet-spa-template/Models/OrderItem.cs(21,20): warning CS1591: Missing XML comment for publicly visible type or member 'OrderItem.Total' [/home/redrocket/task-factory/workdir/aspnet-spa-template/AspNetSpaTemplate.csproj]
/home/redrocket/task-factory/workdir/aspnet-spa-template/Models/OrderItem.cs(24,19): warning CS1591: Missing XML comment for publicly visible type or member 'OrderItem.Order' [/home/redrocket/task-factory/workdir/aspnet-spa-template/AspNetSpaTemplate.csproj]
/home/redrocket/task-factory/workdir/aspnet-spa-template/Models/OrderItem.cs(25,21): warning CS1591: Missing XML comment for publicly visible type or member 'OrderItem.Product' [/home/redrocket/task-factory/workdir/aspnet-spa-template/AspNetSpaTemplate.csproj]
/home/redrocket/task-factory/workdir/aspnet-spa-template/Models/OrderItem.cs(27,20): warning CS1591: Missing XML comment for publicly visible type or member 'OrderItem.GetSubtotal()' [/home/redrocket/task-factory/workdir/aspnet-spa-template/AspNetSpaTemplate.csproj]
/home/redrocket/task-factory/workdir/aspnet-spa-template/Models/OrderItem.cs(29,20): warning CS1591: Missing XML comment for publicly visible type or member 'OrderItem.GetTotalWithTax()' [/home/redrocket/task-factory/workdir/aspnet-spa-template/AspNetSpaTemplate.csproj]
/home/redrocket/task-factory/workdir/aspnet-spa-template/Models/OrderItem.cs(31,17): warning CS1591: Missing XML comment for publicly visible type or member 'OrderItem.RecalculateTotal()' [/home/redrocket/task-factory/workdir/aspnet-spa-template/AspNetSpaTemplate.csproj]
/home/redrocket/task-factory/workdir/aspnet-spa-template/Models/OrderItem.cs(38,20): warning CS1591: Missing XML comment for publicly visible type or member 'OrderItem.GetDiscount()' [/home/redrocket/task-factory/workdir/aspnet-spa-template/AspNetSpaTemplate.csproj]
/home/redrocket/task-factory/workdir/aspnet-spa-template/Models/OrderItem.cs(40,17): warning CS1591: Missing XML comment for publicly visible type or member 'OrderItem.ApplyDiscount(decimal)' [/home/redrocket/task-factory/workdir/aspnet-spa-template/AspNetSpaTemplate.csproj]
/home/redrocket/task-factory/workdir/aspnet-spa-template/Models/OrderItem.cs(52,20): warning CS1591: Missing XML comment for publicly visible type or member 'OrderItem.GetAveragePricePerUnit()' [/home/redrocket/task-factory/workdir/aspnet-spa-template/AspNetSpaTemplate.csproj]
/home/redrocket/task-factory/workdir/aspnet-spa-template/Models/OrderItem.cs(54,17): warning CS1591: Missing XML comment for publicly visible type or member 'OrderItem.IsValid()' [/home/redrocket/task-factory/workdir/aspnet-spa-template/AspNetSpaTemplate.csproj]
/home/redrocket/task-factory/workdir/aspnet-spa-template/Models/Product.cs(16,16): warning CS1591: Missing XML comment for publicly visible type or member 'Product.Id' [/home/redrocket/task-factory/workdir/aspnet-spa-template/AspNetSpaTemplate.csproj]
/home/redrocket/task-factory/workdir/aspnet-spa-template/Models/Product.cs(17,19): warning CS1591: Missing XML comment for publicly visible type or member 'Product.Name' [/home/redrocket/task-factory/workdir/aspnet-spa-template/AspNetSpaTemplate.csproj]
/home/redrocket/task-factory/workdir/aspnet-spa-template/Models/Product.cs(18,19): warning CS1591: Missing XML comment for publicly visible type or member 'Product.Description' [/home/redrocket/task-factory/workdir/aspnet-spa-template/AspNetSpaTemplate.csproj]
/home/redrocket/task-factory/workdir/aspnet-spa-template/Models/Product.cs(19,20): warning CS1591: Missing XML comment for publicly visible type or member 'Product.Price' [/home/redrocket/task-factory/workdir/aspnet-spa-template/AspNetSpaTemplate.csproj]
/home/redrocket/task-factory/workdir/aspnet-spa-template/Models/Product.cs(20,16): warning CS1591: Missing XML comment for publicly visible type or member 'Product.StockQuantity' [/home/redrocket/task-factory/workdir/aspnet-spa-template/AspNetSpaTemplate.csproj]
/home/redrocket/task-factory/workdir/aspnet-spa-template/Models/Product.cs(21,28): warning CS1591: Missing XML comment for publicly visible type or member 'Product.Category' [/home/redrocket/task-factory/workdir/aspnet-spa-template/AspNetSpaTemplate.csproj]
/home/redrocket/task-factory/workdir/aspnet-spa-template/Models/Product.cs(22,20): warning CS1591: Missing XML comment for publicly visible type or member 'Product.ImageUrl' [/home/redrocket/task-factory/workdir/aspnet-spa-template/AspNetSpaTemplate.csproj]
/home/redrocket/task-factory/workdir/aspnet-spa-template/Models/Product.cs(23,20): warning CS1591: Missing XML comment for publicly visible type or member 'Product.Sku' [/home/redrocket/task-factory/workdir/aspnet-spa-template/AspNetSpaTemplate.csproj]
/home/redrocket/task-factory/workdir/aspnet-spa-template/Models/Product.cs(24,20): warning CS1591: Missing XML comment for publicly visible type or member 'Product.Rating' [/home/redrocket/task-factory/workdir/aspnet-spa-template/AspNetSpaTemplate.csproj]
/home/redrocket/task-factory/workdir/aspnet-spa-template/Models/Product.cs(25,16): warning CS1591: Missing XML comment for publicly visible type or member 'Product.ReviewCount' [/home/redrocket/task-factory/workdir/aspnet-spa-template/AspNetSpaTemplate.csproj]
/home/redrocket/task-factory/workdir/aspnet-spa-template/Models/Product.cs(26,17): warning CS1591: Missing XML comment for publicly visible type or member 'Product.IsAvailable' [/home/redrocket/task-factory/workdir/aspnet-spa-template/AspNetSpaTemplate.csproj]
/home/redrocket/task-factory/workdir/aspnet-spa-template/Models/Product.cs(27,17): warning CS1591: Missing XML comment for publicly visible type or member 'Product.IsFeatured' [/home/redrocket/task-factory/workdir/aspnet-spa-template/AspNetSpaTemplate.csproj]
/home/redrocket/task-factory/workdir/aspnet-spa-template/Models/Product.cs(28,21): warning CS1591: Missing XML comment for publicly visible type or member 'Product.CreatedAt' [/home/redrocket/task-factory/workdir/aspnet-spa-template/AspNetSpaTemplate.csproj]
/home/redrocket/task-factory/workdir/aspnet-spa-template/Models/Product.cs(29,22): warning CS1591: Missing XML comment for publicly visible type or member 'Product.UpdatedAt' [/home/redrocket/task-factory/workdir/aspnet-spa-template/AspNetSpaTemplate.csproj]
/home/redrocket/task-factory/workdir/aspnet-spa-template/Models/Product.cs(32,36): warning CS1591: Missing XML comment for publicly visible type or member 'Product.OrderItems' [/home/redrocket/task-factory/workdir/aspnet-spa-template/AspNetSpaTemplate.csproj]
/home/redrocket/task-factory/workdir/aspnet-spa-template/Models/Product.cs(33,33): warning CS1591: Missing XML comment for publicly visible type or member 'Product.Reviews' [/home/redrocket/task-factory/workdir/aspnet-spa-template/AspNetSpaTemplate.csproj]
/home/redrocket/task-factory/workdir/aspnet-spa-template/Models/Product.cs(35,17): warning CS1591: Missing XML comment for publicly visible type or member 'Product.IsInStock()' [/home/redrocket/task-factory/workdir/aspnet-spa-template/AspNetSpaTemplate.csproj]
/home/redrocket/task-factory/workdir/aspnet-spa-template/Models/Product.cs(37,17): warning CS1591: Missing XML comment for publicly visible type or member 'Product.CanPurchase(int)' [/home/redrocket/task-factory/workdir/aspnet-spa-template/AspNetSpaTemplate.csproj]
/home/redrocket/task-factory/workdir/aspnet-spa-template/Models/Product.cs(39,17): warning CS1591: Missing XML comment for publicly visible type or member 'Product.ReduceStock(int)' [/home/redrocket/task-factory/workdir/aspnet-spa-template/AspNetSpaTemplate.csproj]
/home/redrocket/task-factory/workdir/aspnet-spa-template/Models/Product.cs(48,17): warning CS1591: Missing XML comment for publicly visible type or member 'Product.IncreaseStock(int)' [/home/redrocket/task-factory/workdir/aspnet-spa-template/AspNetSpaTemplate.csproj]
/home/redrocket/task-factory/workdir/aspnet-spa-template/Models/Product.cs(57,20): warning CS1591: Missing XML comment for publicly visible type or member 'Product.GetTaxAmount()' [/home/redrocket/task-factory/workdir/aspnet-spa-template/AspNetSpaTemplate.csproj]
/home/redrocket/task-factory/workdir/aspnet-spa-template/Models/Product.cs(59,20): warning CS1591: Missing XML comment for publicly visible type or member 'Product.GetPriceWithTax()' [/home/redrocket/task-factory/workdir/aspnet-spa-template/AspNetSpaTemplate.csproj]
/home/redrocket/task-factory/workdir/aspnet-spa-template/Models/Product.cs(61,17): warning CS1591: Missing XML comment for publicly visible type or member 'Product.UpdateRating(decimal, int)' [/home/redrocket/task-factory/workdir/aspnet-spa-template/AspNetSpaTemplate.csproj]
/home/redrocket/task-factory/workdir/aspnet-spa-template/Models/Product.cs(71,17): warning CS1591: Missing XML comment for publicly visible type or member 'Product.UpdateDetails(string, string, decimal, ProductCategory, string?)' [/home/redrocket/task-factory/workdir/aspnet-spa-template/AspNetSpaTemplate.csproj]
/home/redrocket/task-factory/workdir/aspnet-spa-template/Models/Product.cs(81,17): warning CS1591: Missing XML comment for publicly visible type or member 'Product.SetAvailability(bool)' [/home/redrocket/task-factory/workdir/aspnet-spa-template/AspNetSpaTemplate.csproj]
/home/redrocket/task-factory/workdir/aspnet-spa-template/Models/Product.cs(87,17): warning CS1591: Missing XML comment for publicly visible type or member 'Product.SetFeatured(bool)' [/home/redrocket/task-factory/workdir/aspnet-spa-template/AspNetSpaTemplate.csproj]
/home/redrocket/task-factory/workdir/aspnet-spa-template/Models/Review.cs(14,16): warning CS1591: Missing XML comment for publicly visible type or member 'Review.Id' [/home/redrocket/task-factory/workdir/aspnet-spa-template/AspNetSpaTemplate.csproj]
/home/redrocket/task-factory/workdir/aspnet-spa-template/Models/Review.cs(15,16): warning CS1591: Missing XML comment for publicly visible type or member 'Review.ProductId' [/home/redrocket/task-factory/workdir/aspnet-spa-template/AspNetSpaTemplate.csproj]
/home/redrocket/task-factory/workdir/aspnet-spa-template/Models/Review.cs(16,16): warning CS1591: Missing XML comment for publicly visible type or member 'Review.UserId' [/home/redrocket/task-factory/workdir/aspnet-spa-template/AspNetSpaTemplate.csproj]
/home/redrocket/task-factory/workdir/aspnet-spa-template/Models/Review.cs(17,16): warning CS1591: Missing XML comment for publicly visible type or member 'Review.Rating' [/home/redrocket/task-factory/workdir/aspnet-spa-template/AspNetSpaTemplate.csproj]
/home/redrocket/task-factory/workdir/aspnet-spa-template/Models/Review.cs(18,19): warning CS1591: Missing XML comment for publicly visible type or member 'Review.Title' [/home/redrocket/task-factory/workdir/aspnet-spa-template/AspNetSpaTemplate.csproj]
/home/redrocket/task-factory/workdir/aspnet-spa-template/Models/Review.cs(19,19): warning CS1591: Missing XML comment for publicly visible type or member 'Review.Content' [/home/redrocket/task-factory/workdir/aspnet-spa-template/AspNetSpaTemplate.csproj]
/home/redrocket/task-factory/workdir/aspnet-spa-template/Models/Review.cs(20,16): warning CS1591: Missing XML comment for publicly visible type or member 'Review.HelpfulCount' [/home/redrocket/task-factory/workdir/aspnet-spa-template/AspNetSpaTemplate.csproj]
/home/redrocket/task-factory/workdir/aspnet-spa-template/Models/Review.cs(21,17): warning CS1591: Missing XML comment for publicly visible type or member 'Review.IsVerifiedPurchase' [/home/redrocket/task-factory/workdir/aspnet-spa-template/AspNetSpaTemplate.csproj]
/home/redrocket/task-factory/workdir/aspnet-spa-template/Models/Review.cs(22,17): warning CS1591: Missing XML comment for publicly visible type or member 'Review.IsApproved' [/home/redrocket/task-factory/workdir/aspnet-spa-template/AspNetSpaTemplate.csproj]
/home/redrocket/task-factory/workdir/aspnet-spa-template/Models/Review.cs(23,21): warning CS1591: Missing XML comment for publicly visible type or member 'Review.CreatedAt' [/home/redrocket/task-factory/workdir/aspnet-spa-template/AspNetSpaTemplate.csproj]
/home/redrocket/task-factory/workdir/aspnet-spa-template/Models/Review.cs(24,22): warning CS1591: Missing XML comment for publicly visible type or member 'Review.UpdatedAt' [/home/redrocket/task-factory/workdir/aspnet-spa-template/AspNetSpaTemplate.csproj]
/home/redrocket/task-factory/workdir/aspnet-spa-template/Models/Review.cs(27,21): warning CS1591: Missing XML comment for publicly visible type or member 'Review.Product' [/home/redrocket/task-factory/workdir/aspnet-spa-template/AspNetSpaTemplate.csproj]
/home/redrocket/task-factory/workdir/aspnet-spa-template/Models/Review.cs(28,18): warning CS1591: Missing XML comment for publicly visible type or member 'Review.User' [/home/redrocket/task-factory/workdir/aspnet-spa-template/AspNetSpaTemplate.csproj]
/home/redrocket/task-factory/workdir/aspnet-spa-template/Models/Review.cs(30,17): warning CS1591: Missing XML comment for publicly visible type or member 'Review.IsValidRating()' [/home/redrocket/task-factory/workdir/aspnet-spa-template/AspNetSpaTemplate.csproj]
/home/redrocket/task-factory/workdir/aspnet-spa-template/Models/Review.cs(32,17): warning CS1591: Missing XML comment for publicly visible type or member 'Review.IsRecent(int)' [/home/redrocket/task-factory/workdir/aspnet-spa-template/AspNetSpaTemplate.csproj]
/home/redrocket/task-factory/workdir/aspnet-spa-template/Models/Review.cs(34,17): warning CS1591: Missing XML comment for publicly visible type or member 'Review.MarkAsHelpful()' [/home/redrocket/task-factory/workdir/aspnet-spa-template/AspNetSpaTemplate.csproj]
/home/redrocket/task-factory/workdir/aspnet-spa-template/Models/Review.cs(39,17): warning CS1591: Missing XML comment for publicly visible type or member 'Review.UpdateReview(int, string, string)' [/home/redrocket/task-factory/workdir/aspnet-spa-template/AspNetSpaTemplate.csproj]
/home/redrocket/task-factory/workdir/aspnet-spa-template/Models/Review.cs(50,17): warning CS1591: Missing XML comment for publicly visible type or member 'Review.Approve()' [/home/redrocket/task-factory/workdir/aspnet-spa-template/AspNetSpaTemplate.csproj]
/home/redrocket/task-factory/workdir/aspnet-spa-template/Models/Review.cs(56,17): warning CS1591: Missing XML comment for publicly visible type or member 'Review.Reject()' [/home/redrocket/task-factory/workdir/aspnet-spa-template/AspNetSpaTemplate.csproj]
/home/redrocket/task-factory/workdir/aspnet-spa-template/Models/Review.cs(62,19): warning CS1591: Missing XML comment for publicly visible type or member 'Review.GetRatingDisplay()' [/home/redrocket/task-factory/workdir/aspnet-spa-template/AspNetSpaTemplate.csproj]
/home/redrocket/task-factory/workdir/aspnet-spa-template/Models/Review.cs(72,17): warning CS1591: Missing XML comment for publicly visible type or member 'Review.CanBeEdited()' [/home/redrocket/task-factory/workdir/aspnet-spa-template/AspNetSpaTemplate.csproj]
/home/redrocket/task-factory/workdir/aspnet-spa-template/Models/User.cs(14,16): warning CS1591: Missing XML comment for publicly visible type or member 'User.Id' [/home/redrocket/task-factory/workdir/aspnet-spa-template/AspNetSpaTemplate.csproj]
/home/redrocket/task-factory/workdir/aspnet-spa-template/Models/User.cs(15,19): warning CS1591: Missing XML comment for publicly visible type or member 'User.FirstName' [/home/redrocket/task-factory/workdir/aspnet-spa-template/AspNetSpaTemplate.csproj]
/home/redrocket/task-factory/workdir/aspnet-spa-template/Models/User.cs(16,19): warning CS1591: Missing XML comment for publicly visible type or member 'User.LastName' [/home/redrocket/task-factory/workdir/aspnet-spa-template/AspNetSpaTemplate.csproj]
/home/redrocket/task-factory/workdir/aspnet-spa-template/Models/User.cs(17,19): warning CS1591: Missing XML comment for publicly visible type or member 'User.Email' [/home/redrocket/task-factory/workdir/aspnet-spa-template/AspNetSpaTemplate.csproj]
/home/redrocket/task-factory/workdir/aspnet-spa-template/Models/User.cs(18,19): warning CS1591: Missing XML comment for publicly visible type or member 'User.PasswordHash' [/home/redrocket/task-factory/workdir/aspnet-spa-template/AspNetSpaTemplate.csproj]
/home/redrocket/task-factory/workdir/aspnet-spa-template/Models/User.cs(19,20): warning CS1591: Missing XML comment for publicly visible type or member 'User.PhoneNumber' [/home/redrocket/task-factory/workdir/aspnet-spa-template/AspNetSpaTemplate.csproj]
/home/redrocket/task-factory/workdir/aspnet-spa-template/Models/User.cs(20,20): warning CS1591: Missing XML comment for publicly visible type or member 'User.Address' [/home/redrocket/task-factory/workdir/aspnet-spa-template/AspNetSpaTemplate.csproj]
/home/redrocket/task-factory/workdir/aspnet-spa-template/Models/User.cs(21,20): warning CS1591: Missing XML comment for publicly visible type or member 'User.City' [/home/redrocket/task-factory/workdir/aspnet-spa-template/AspNetSpaTemplate.csproj]
/home/redrocket/task-factory/workdir/aspnet-spa-template/Models/User.cs(22,20): warning CS1591: Missing XML comment for publicly visible type or member 'User.PostalCode' [/home/redrocket/task-factory/workdir/aspnet-spa-template/AspNetSpaTemplate.csproj]
/home/redrocket/task-factory/workdir/aspnet-spa-template/Models/User.cs(23,20): warning CS1591: Missing XML comment for publicly visible type or member 'User.Country' [/home/redrocket/task-factory/workdir/aspnet-spa-template/AspNetSpaTemplate.csproj]
/home/redrocket/task-factory/workdir/aspnet-spa-template/Models/User.cs(24,17): warning CS1591: Missing XML comment for publicly visible type or member 'User.IsActive' [/home/redrocket/task-factory/workdir/aspnet-spa-template/AspNetSpaTemplate.csproj]
/home/redrocket/task-factory/workdir/aspnet-spa-template/Models/User.cs(25,17): warning CS1591: Missing XML comment for publicly visible type or member 'User.IsEmailVerified' [/home/redrocket/task-factory/workdir/aspnet-spa-template/AspNetSpaTemplate.csproj]
/home/redrocket/task-factory/workdir/aspnet-spa-template/Models/User.cs(26,21): warning CS1591: Missing XML comment for publicly visible type or member 'User.CreatedAt' [/home/redrocket/task-factory/workdir/aspnet-spa-template/AspNetSpaTemplate.csproj]
/home/redrocket/task-factory/workdir/aspnet-spa-template/Models/User.cs(27,22): warning CS1591: Missing XML comment for publicly visible type or member 'User.UpdatedAt' [/home/redrocket/task-factory/workdir/aspnet-spa-template/AspNetSpaTemplate.csproj]
/home/redrocket/task-factory/workdir/aspnet-spa-template/Models/User.cs(28,22): warning CS1591: Missing XML comment for publicly visible type or member 'User.LastLoginAt' [/home/redrocket/task-factory/workdir/aspnet-spa-template/AspNetSpaTemplate.csproj]
/home/redrocket/task-factory/workdir/aspnet-spa-template/Models/User.cs(31,32): warning CS1591: Missing XML comment for publicly visible type or member 'User.Orders' [/home/redrocket/task-factory/workdir/aspnet-spa-template/AspNetSpaTemplate.csproj]
/home/redrocket/task-factory/workdir/aspnet-spa-template/Models/User.cs(32,33): warning CS1591: Missing XML comment for publicly visible type or member 'User.Reviews' [/home/redrocket/task-factory/workdir/aspnet-spa-template/AspNetSpaTemplate.csproj]
/home/redrocket/task-factory/workdir/aspnet-spa-template/Models/User.cs(34,19): warning CS1591: Missing XML comment for publicly visible type or member 'User.GetFullName()' [/home/redrocket/task-factory/workdir/aspnet-spa-template/AspNetSpaTemplate.csproj]
/home/redrocket/task-factory/workdir/aspnet-spa-template/Models/User.cs(36,17): warning CS1591: Missing XML comment for publicly visible type or member 'User.IsValidEmail()' [/home/redrocket/task-factory/workdir/aspnet-spa-template/AspNetSpaTemplate.csproj]
/home/redrocket/task-factory/workdir/aspnet-spa-template/Models/User.cs(38,17): warning CS1591: Missing XML comment for publicly visible type or member 'User.UpdateLastLogin()' [/home/redrocket/task-factory/workdir/aspnet-spa-template/AspNetSpaTemplate.csproj]
/home/redrocket/task-factory/workdir/aspnet-spa-template/Models/User.cs(44,17): warning CS1591: Missing XML comment for publicly visible type or member 'User.UpdateProfile(string, string, string?, string?, string?, string?, string?)' [/home/redrocket/task-factory/workdir/aspnet-spa-template/AspNetSpaTemplate.csproj]
/home/redrocket/task-factory/workdir/aspnet-spa-template/Models/User.cs(56,17): warning CS1591: Missing XML comment for publicly visible type or member 'User.VerifyEmail()' [/home/redrocket/task-factory/workdir/aspnet-spa-template/AspNetSpaTemplate.csproj]
/home/redrocket/task-factory/workdir/aspnet-spa-template/Models/User.cs(62,17): warning CS1591: Missing XML comment for publicly visible type or member 'User.Deactivate()' [/home/redrocket/task-factory/workdir/aspnet-spa-template/AspNetSpaTemplate.csproj]
/home/redrocket/task-factory/workdir/aspnet-spa-template/Models/User.cs(68,17): warning CS1591: Missing XML comment for publicly visible type or member 'User.Activate()' [/home/redrocket/task-factory/workdir/aspnet-spa-template/AspNetSpaTemplate.csproj]
/home/redrocket/task-factory/workdir/aspnet-spa-template/Services/PwaService.cs(9,21): warning CS1591: Missing XML comment for publicly visible type or member 'PwaService' [/home/redrocket/task-factory/workdir/aspnet-spa-template/AspNetSpaTemplate.csproj]
/home/redrocket/task-factory/workdir/aspnet-spa-template/Services/PwaService.cs(11,36): warning CS1591: Missing XML comment for publicly visible type or member 'PwaService.GetStatusAsync(int, CancellationToken)' [/home/redrocket/task-factory/workdir/aspnet-spa-template/AspNetSpaTemplate.csproj]
/home/redrocket/task-factory/workdir/aspnet-spa-template/Services/PwaService.cs(16,35): warning CS1591: Missing XML comment for publicly visible type or member 'PwaService.RegisterSubscriptionAsync(int, RegisterSubscriptionRequest, string?, CancellationToken)' [/home/redrocket/task-factory/workdir/aspnet-spa-template/AspNetSpaTemplate.csproj]
/home/redrocket/task-factory/workdir/aspnet-spa-template/Services/PwaService.cs(21,17): warning CS1591: Missing XML comment for publicly visible type or member 'PwaService.UnsubscribeAsync(int, string, CancellationToken)' [/home/redrocket/task-factory/workdir/aspnet-spa-template/AspNetSpaTemplate.csproj]
/home/redrocket/task-factory/workdir/aspnet-spa-template/Services/PwaService.cs(26,37): warning CS1591: Missing XML comment for publicly visible type or member 'PwaService.SendPushToUserAsync(int, PushNotificationPayload, CancellationToken)' [/home/redrocket/task-factory/workdir/aspnet-spa-template/AspNetSpaTemplate.csproj]
/home/redrocket/task-factory/workdir/aspnet-spa-template/Services/PwaService.cs(31,42): warning CS1591: Missing XML comment for publicly visible type or member 'PwaService.BroadcastPushAsync(IReadOnlyList<int>, PushNotificationPayload, CancellationToken)' [/home/redrocket/task-factory/workdir/aspnet-spa-template/AspNetSpaTemplate.csproj]
/home/redrocket/task-factory/workdir/aspnet-spa-template/Services/PwaService.cs(36,41): warning CS1591: Missing XML comment for publicly visible type or member 'PwaService.QueueSyncEntryAsync(int, SyncQueueEntryRequest, CancellationToken)' [/home/redrocket/task-factory/workdir/aspnet-spa-template/AspNetSpaTemplate.csproj]
/home/redrocket/task-factory/workdir/aspnet-spa-template/Services/PwaService.cs(41,56): warning CS1591: Missing XML comment for publicly visible type or member 'PwaService.GetPendingSyncEntriesAsync(int, CancellationToken)' [/home/redrocket/task-factory/workdir/aspnet-spa-template/AspNetSpaTemplate.csproj]
/home/redrocket/task-factory/workdir/aspnet-spa-template/Services/PwaService.cs(46,35): warning CS1591: Missing XML comment for publicly visible type or member 'PwaService.ReplaySyncQueueAsync(int, CancellationToken)' [/home/redrocket/task-factory/workdir/aspnet-spa-template/AspNetSpaTemplate.csproj]
/home/redrocket/task-factory/workdir/aspnet-spa-template/Services/ReviewService.cs(23,12): warning CS1591: Missing XML comment for publicly visible type or member 'ReviewService.ReviewService(IRepository<Review>, ProductRepository, ILogger<ReviewService>)' [/home/redrocket/task-factory/workdir/aspnet-spa-template/AspNetSpaTemplate.csproj]
/home/redrocket/task-factory/workdir/aspnet-spa-template/Services/ReviewService.cs(30,32): warning CS1591: Missing XML comment for publicly visible type or member 'ReviewService.GetReviewByIdAsync(int)' [/home/redrocket/task-factory/workdir/aspnet-spa-template/AspNetSpaTemplate.csproj]
/home/redrocket/task-factory/workdir/aspnet-spa-template/Services/ReviewService.cs(45,44): warning CS1591: Missing XML comment for publicly visible type or member 'ReviewService.GetProductReviewsAsync(int)' [/home/redrocket/task-factory/workdir/aspnet-spa-template/AspNetSpaTemplate.csproj]
/home/redrocket/task-factory/workdir/aspnet-spa-template/Services/ReviewService.cs(54,44): warning CS1591: Missing XML comment for publicly visible type or member 'ReviewService.GetUserReviewsAsync(int)' [/home/redrocket/task-factory/workdir/aspnet-spa-template/AspNetSpaTemplate.csproj]
/home/redrocket/task-factory/workdir/aspnet-spa-template/Services/ReviewService.cs(63,31): warning CS1591: Missing XML comment for publicly visible type or member 'ReviewService.CreateReviewAsync(int, int, int, string, string, bool)' [/home/redrocket/task-factory/workdir/aspnet-spa-template/AspNetSpaTemplate.csproj]
/home/redrocket/task-factory/workdir/aspnet-spa-template/Services/ReviewService.cs(114,31): warning CS1591: Missing XML comment for publicly visible type or member 'ReviewService.UpdateReviewAsync(int, int, string, string)' [/home/redrocket/task-factory/workdir/aspnet-spa-template/AspNetSpaTemplate.csproj]
/home/redrocket/task-factory/workdir/aspnet-spa-template/Services/ReviewService.cs(144,23): warning CS1591: Missing XML comment for publicly visible type or member 'ReviewService.DeleteReviewAsync(int)' [/home/redrocket/task-factory/workdir/aspnet-spa-template/AspNetSpaTemplate.csproj]
/home/redrocket/task-factory/workdir/aspnet-spa-template/Services/ReviewService.cs(167,23): warning CS1591: Missing XML comment for publicly visible type or member 'ReviewService.ApproveReviewAsync(int)' [/home/redrocket/task-factory/workdir/aspnet-spa-template/AspNetSpaTemplate.csproj]
/home/redrocket/task-factory/workdir/aspnet-spa-template/Services/ReviewService.cs(187,23): warning CS1591: Missing XML comment for publicly visible type or member 'ReviewService.RejectReviewAsync(int)' [/home/redrocket/task-factory/workdir/aspnet-spa-template/AspNetSpaTemplate.csproj]
/home/redrocket/task-factory/workdir/aspnet-spa-template/Services/ReviewService.cs(207,23): warning CS1591: Missing XML comment for publicly visible type or member 'ReviewService.MarkAsHelpfulAsync(int)' [/home/redrocket/task-factory/workdir/aspnet-spa-template/AspNetSpaTemplate.csproj]
/home/redrocket/task-factory/workdir/aspnet-spa-template/Services/UserService.cs(25,12): warning CS1591: Missing XML comment for publicly visible type or member 'UserService.UserService(UserRepository, ILogger<UserService>)' [/home/redrocket/task-factory/workdir/aspnet-spa-template/AspNetSpaTemplate.csproj]
/home/redrocket/task-factory/workdir/aspnet-spa-template/Services/UserService.cs(143,23): warning CS1591: Missing XML comment for publicly visible type or member 'UserService.DeactivateUserAsync(int)' [/home/redrocket/task-factory/workdir/aspnet-spa-template/AspNetSpaTemplate.csproj]
/home/redrocket/task-factory/workdir/aspnet-spa-template/Services/UserService.cs(161,23): warning CS1591: Missing XML comment for publicly visible type or member 'UserService.ActivateUserAsync(int)' [/home/redrocket/task-factory/workdir/aspnet-spa-template/AspNetSpaTemplate.csproj]
/home/redrocket/task-factory/workdir/aspnet-spa-template/Services/UserService.cs(179,38): warning CS1591: Missing XML comment for publicly visible type or member 'UserService.AuthenticateAsync(LoginRequest)' [/home/redrocket/task-factory/workdir/aspnet-spa-template/AspNetSpaTemplate.csproj]
/home/redrocket/task-factory/workdir/aspnet-spa-template/Services/UserService.cs(219,50): warning CS1591: Missing XML comment for publicly visible type or member 'UserService.GetAllUsersAsync()' [/home/redrocket/task-factory/workdir/aspnet-spa-template/AspNetSpaTemplate.csproj]
/home/redrocket/task-factory/workdir/aspnet-spa-template/Services/UserService.cs(228,50): warning CS1591: Missing XML comment for publicly visible type or member 'UserService.GetRecentlyActiveUsersAsync(int)' [/home/redrocket/task-factory/workdir/aspnet-spa-template/AspNetSpaTemplate.csproj]
/home/redrocket/task-factory/workdir/aspnet-spa-template/Utilities/DataExportHelper.cs(130,13): warning CS1591: Missing XML comment for publicly visible type or member 'ExportFormat' [/home/redrocket/task-factory/workdir/aspnet-spa-template/AspNetSpaTemplate.csproj]
/home/redrocket/task-factory/workdir/aspnet-spa-template/Utilities/DataExportHelper.cs(132,5): warning CS1591: Missing XML comment for publicly visible type or member 'ExportFormat.Json' [/home/redrocket/task-factory/workdir/aspnet-spa-template/AspNetSpaTemplate.csproj]
/home/redrocket/task-factory/workdir/aspnet-spa-template/Utilities/DataExportHelper.cs(133,5): warning CS1591: Missing XML comment for publicly visible type or member 'ExportFormat.Csv' [/home/redrocket/task-factory/workdir/aspnet-spa-template/AspNetSpaTemplate.csproj]
/home/redrocket/task-factory/workdir/aspnet-spa-template/Utilities/DataExportHelper.cs(134,5): warning CS1591: Missing XML comment for publicly visible type or member 'ExportFormat.Xml' [/home/redrocket/task-factory/workdir/aspnet-spa-template/AspNetSpaTemplate.csproj]
/home/redrocket/task-factory/workdir/aspnet-spa-template/Utilities/DataExportHelper.cs(142,25): warning CS1591: Missing XML comment for publicly visible type or member 'DataExportOptions.Format' [/home/redrocket/task-factory/workdir/aspnet-spa-template/AspNetSpaTemplate.csproj]
/home/redrocket/task-factory/workdir/aspnet-spa-template/Utilities/DataExportHelper.cs(143,17): warning CS1591: Missing XML comment for publicly visible type or member 'DataExportOptions.IncludeHeaders' [/home/redrocket/task-factory/workdir/aspnet-spa-template/AspNetSpaTemplate.csproj]
/home/redrocket/task-factory/workdir/aspnet-spa-template/Utilities/DataExportHelper.cs(144,26): warning CS1591: Missing XML comment for publicly visible type or member 'DataExportOptions.ColumnsToInclude' [/home/redrocket/task-factory/workdir/aspnet-spa-template/AspNetSpaTemplate.csproj]
/home/redrocket/task-factory/workdir/aspnet-spa-template/Utilities/DataExportHelper.cs(145,26): warning CS1591: Missing XML comment for publicly visible type or member 'DataExportOptions.ColumnsToExclude' [/home/redrocket/task-factory/workdir/aspnet-spa-template/AspNetSpaTemplate.csproj]
/home/redrocket/task-factory/workdir/aspnet-spa-template/Utilities/DataExportHelper.cs(146,17): warning CS1591: Missing XML comment for publicly visible type or member 'DataExportOptions.Compress' [/home/redrocket/task-factory/workdir/aspnet-spa-template/AspNetSpaTemplate.csproj]
/home/redrocket/task-factory/workdir/aspnet-spa-template/Utilities/DataExportHelper.cs(147,20): warning CS1591: Missing XML comment for publicly visible type or member 'DataExportOptions.FileNamePrefix' [/home/redrocket/task-factory/workdir/aspnet-spa-template/AspNetSpaTemplate.csproj]
/home/redrocket/task-factory/workdir/aspnet-spa-template/Utilities/DataExportHelper.cs(148,17): warning CS1591: Missing XML comment for publicly visible type or member 'DataExportOptions.IncludeTimestamp' [/home/redrocket/task-factory/workdir/aspnet-spa-template/AspNetSpaTemplate.csproj]
/home/redrocket/task-factory/workdir/aspnet-spa-template/Utilities/ErrorMappingHelper.cs(173,19): warning CS1591: Missing XML comment for publicly visible type or member 'ErrorDetails.ExceptionType' [/home/redrocket/task-factory/workdir/aspnet-spa-template/AspNetSpaTemplate.csproj]
/home/redrocket/task-factory/workdir/aspnet-spa-template/Utilities/ErrorMappingHelper.cs(174,19): warning CS1591: Missing XML comment for publicly visible type or member 'ErrorDetails.Message' [/home/redrocket/task-factory/workdir/aspnet-spa-template/AspNetSpaTemplate.csproj]
/home/redrocket/task-factory/workdir/aspnet-spa-template/Utilities/ErrorMappingHelper.cs(175,19): warning CS1591: Missing XML comment for publicly visible type or member 'ErrorDetails.StackTrace' [/home/redrocket/task-factory/workdir/aspnet-spa-template/AspNetSpaTemplate.csproj]
/home/redrocket/task-factory/workdir/aspnet-spa-template/Utilities/ErrorMappingHelper.cs(176,20): warning CS1591: Missing XML comment for publicly visible type or member 'ErrorDetails.InnerException' [/home/redrocket/task-factory/workdir/aspnet-spa-template/AspNetSpaTemplate.csproj]
/home/redrocket/task-factory/workdir/aspnet-spa-template/Utilities/ErrorMappingHelper.cs(177,20): warning CS1591: Missing XML comment for publicly visible type or member 'ErrorDetails.InnerMessage' [/home/redrocket/task-factory/workdir/aspnet-spa-template/AspNetSpaTemplate.csproj]
/home/redrocket/task-factory/workdir/aspnet-spa-template/Utilities/ErrorMappingHelper.cs(178,21): warning CS1591: Missing XML comment for publicly visible type or member 'ErrorDetails.Timestamp' [/home/redrocket/task-factory/workdir/aspnet-spa-template/AspNetSpaTemplate.csproj]
/home/redrocket/task-factory/workdir/aspnet-spa-template/Utilities/ErrorMappingHelper.cs(180,28): warning CS1591: Missing XML comment for publicly visible type or member 'ErrorDetails.ToString()' [/home/redrocket/task-factory/workdir/aspnet-spa-template/AspNetSpaTemplate.csproj]
/home/redrocket/task-factory/workdir/aspnet-spa-template/Utilities/PerformanceHelper.cs(158,16): warning CS1591: Missing XML comment for publicly visible type or member 'PerformanceStatistics.Iterations' [/home/redrocket/task-factory/workdir/aspnet-spa-template/AspNetSpaTemplate.csproj]
/home/redrocket/task-factory/workdir/aspnet-spa-template/Utilities/PerformanceHelper.cs(159,17): warning CS1591: Missing XML comment for publicly visible type or member 'PerformanceStatistics.TotalMs' [/home/redrocket/task-factory/workdir/aspnet-spa-template/AspNetSpaTemplate.csproj]
/home/redrocket/task-factory/workdir/aspnet-spa-template/Utilities/PerformanceHelper.cs(160,19): warning CS1591: Missing XML comment for publicly visible type or member 'PerformanceStatistics.AverageMs' [/home/redrocket/task-factory/workdir/aspnet-spa-template/AspNetSpaTemplate.csproj]
/home/redrocket/task-factory/workdir/aspnet-spa-template/Utilities/PerformanceHelper.cs(161,17): warning CS1591: Missing XML comment for publicly visible type or member 'PerformanceStatistics.MinMs' [/home/redrocket/task-factory/workdir/aspnet-spa-template/AspNetSpaTemplate.csproj]
/home/redrocket/task-factory/workdir/aspnet-spa-template/Utilities/PerformanceHelper.cs(162,17): warning CS1591: Missing XML comment for publicly visible type or member 'PerformanceStatistics.MaxMs' [/home/redrocket/task-factory/workdir/aspnet-spa-template/AspNetSpaTemplate.csproj]
/home/redrocket/task-factory/workdir/aspnet-spa-template/Utilities/PerformanceHelper.cs(163,17): warning CS1591: Missing XML comment for publicly visible type or member 'PerformanceStatistics.MedianMs' [/home/redrocket/task-factory/workdir/aspnet-spa-template/AspNetSpaTemplate.csproj]
/home/redrocket/task-factory/workdir/aspnet-spa-template/Utilities/PerformanceHelper.cs(164,19): warning CS1591: Missing XML comment for publicly visible type or member 'PerformanceStatistics.StdDevMs' [/home/redrocket/task-factory/workdir/aspnet-spa-template/AspNetSpaTemplate.csproj]
/home/redrocket/task-factory/workdir/aspnet-spa-template/Utilities/PerformanceHelper.cs(166,28): warning CS1591: Missing XML comment for publicly visible type or member 'PerformanceStatistics.ToString()' [/home/redrocket/task-factory/workdir/aspnet-spa-template/AspNetSpaTemplate.csproj]
/home/redrocket/task-factory/workdir/aspnet-spa-template/Utilities/PerformanceHelper.cs(185,12): warning CS1591: Missing XML comment for publicly visible type or member 'Profiler.Profiler(string, ILogger, long)' [/home/redrocket/task-factory/workdir/aspnet-spa-template/AspNetSpaTemplate.csproj]
/home/redrocket/task-factory/workdir/aspnet-spa-template/Utilities/PerformanceHelper.cs(193,17): warning CS1591: Missing XML comment for publicly visible type or member 'Profiler.Dispose()' [/home/redrocket/task-factory/workdir/aspnet-spa-template/AspNetSpaTemplate.csproj]
/home/redrocket/task-factory/workdir/aspnet-spa-template/Utilities/PerformanceHelper.cs(212,31): warning CS1591: Missing XML comment for publicly visible type or member 'PerformanceExtensions.Profile(ILogger, string, long)' [/home/redrocket/task-factory/workdir/aspnet-spa-template/AspNetSpaTemplate.csproj]
/home/redrocket/task-factory/workdir/aspnet-spa-template/Utilities/RequestContextHelper.cs(189,19): warning CS1591: Missing XML comment for publicly visible type or member 'RequestContext.CorrelationId' [/home/redrocket/task-factory/workdir/aspnet-spa-template/AspNetSpaTemplate.csproj]
/home/redrocket/task-factory/workdir/aspnet-spa-template/Utilities/RequestContextHelper.cs(190,16): warning CS1591: Missing XML comment for publicly visible type or member 'RequestContext.UserId' [/home/redrocket/task-factory/workdir/aspnet-spa-template/AspNetSpaTemplate.csproj]
/home/redrocket/task-factory/workdir/aspnet-spa-template/Utilities/RequestContextHelper.cs(191,19): warning CS1591: Missing XML comment for publicly visible type or member 'RequestContext.ClientIp' [/home/redrocket/task-factory/workdir/aspnet-spa-template/AspNetSpaTemplate.csproj]
/home/redrocket/task-factory/workdir/aspnet-spa-template/Utilities/RequestContextHelper.cs(192,19): warning CS1591: Missing XML comment for publicly visible type or member 'RequestContext.UserAgent' [/home/redrocket/task-factory/workdir/aspnet-spa-template/AspNetSpaTemplate.csproj]
/home/redrocket/task-factory/workdir/aspnet-spa-template/Utilities/RequestContextHelper.cs(193,19): warning CS1591: Missing XML comment for publicly visible type or member 'RequestContext.Method' [/home/redrocket/task-factory/workdir/aspnet-spa-template/AspNetSpaTemplate.csproj]
/home/redrocket/task-factory/workdir/aspnet-spa-template/Utilities/RequestContextHelper.cs(194,19): warning CS1591: Missing XML comment for publicly visible type or member 'RequestContext.Path' [/home/redrocket/task-factory/workdir/aspnet-spa-template/AspNetSpaTemplate.csproj]
/home/redrocket/task-factory/workdir/aspnet-spa-template/Utilities/RequestContextHelper.cs(195,21): warning CS1591: Missing XML comment for publicly visible type or member 'RequestContext.Timestamp' [/home/redrocket/task-factory/workdir/aspnet-spa-template/AspNetSpaTemplate.csproj]
/home/redrocket/task-factory/workdir/aspnet-spa-template/Utilities/RequestContextHelper.cs(197,28): warning CS1591: Missing XML comment for publicly visible type or member 'RequestContext.ToString()' [/home/redrocket/task-factory/workdir/aspnet-spa-template/AspNetSpaTemplate.csproj]
/home/redrocket/task-factory/workdir/aspnet-spa-template/examples/AdvancedUsage.cs(7,14): warning CS1591: Missing XML comment for publicly visible type or member 'AdvancedUsage' [/home/redrocket/task-factory/workdir/aspnet-spa-template/AspNetSpaTemplate.csproj]
/home/redrocket/task-factory/workdir/aspnet-spa-template/examples/AdvancedUsage.cs(11,12): warning CS1591: Missing XML comment for publicly visible type or member 'AdvancedUsage.AdvancedUsage(ProductService)' [/home/redrocket/task-factory/workdir/aspnet-spa-template/AspNetSpaTemplate.csproj]
/home/redrocket/task-factory/workdir/aspnet-spa-template/examples/AdvancedUsage.cs(16,23): warning CS1591: Missing XML comment for publicly visible type or member 'AdvancedUsage.RunExampleAsync()' [/home/redrocket/task-factory/workdir/aspnet-spa-template/AspNetSpaTemplate.csproj]
/home/redrocket/task-factory/workdir/aspnet-spa-template/examples/BasicUsage.cs(12,14): warning CS1591: Missing XML comment for publicly visible type or member 'BasicUsage' [/home/redrocket/task-factory/workdir/aspnet-spa-template/AspNetSpaTemplate.csproj]
/home/redrocket/task-factory/workdir/aspnet-spa-template/examples/BasicUsage.cs(16,12): warning CS1591: Missing XML comment for publicly visible type or member 'BasicUsage.BasicUsage(ProductRepository, ILogger<ProductService>)' [/home/redrocket/task-factory/workdir/aspnet-spa-template/AspNetSpaTemplate.csproj]
/home/redrocket/task-factory/workdir/aspnet-spa-template/examples/BasicUsage.cs(21,23): warning CS1591: Missing XML comment for publicly visible type or member 'BasicUsage.RunExampleAsync()' [/home/redrocket/task-factory/workdir/aspnet-spa-template/AspNetSpaTemplate.csproj]
/home/redrocket/task-factory/workdir/aspnet-spa-template/examples/IntegrationExample.cs(6,14): warning CS1591: Missing XML comment for publicly visible type or member 'IntegrationExample' [/home/redrocket/task-factory/workdir/aspnet-spa-template/AspNetSpaTemplate.csproj]
/home/redrocket/task-factory/workdir/aspnet-spa-template/examples/IntegrationExample.cs(8,24): warning CS1591: Missing XML comment for publicly visible type or member 'IntegrationExample.ConfigureServices(IServiceCollection)' [/home/redrocket/task-factory/workdir/aspnet-spa-template/AspNetSpaTemplate.csproj]
    800 Warning(s)
    0 Error(s)

Time Elapsed 00:00:03.07
